Component: ARM Compiler 5.06 update 7 (build 960) Tool: armlink [4d3601]

==============================================================================

Section Cross References

    stm32f4xx_it.o(.text) refers to stm32f4xx_usart.o(.text) for USART_GetITStatus
    stm32f4xx_it.o(.text) refers to stm32f4xx_dma.o(.text) for DMA_ClearITPendingBit
    stm32f4xx_it.o(.text) refers to main.o(.text) for UART6_ProcessData
    stm32f4xx_it.o(.text) refers to stm32f4xx_tim.o(.text) for TIM_ClearITPendingBit
    stm32f4xx_it.o(.text) refers to stm32f4xx_exti.o(.text) for EXTI_GetITStatus
    stm32f4xx_it.o(.text) refers to stm32f4xx_gpio.o(.text) for GPIO_ReadInputDataBit
    stm32f4xx_it.o(.text) refers to main.o(.data) for send_data
    stm32f4xx_it.o(.text) refers to main.o(.bss) for RX_USART1
    stm32f4xx_it.o(.text) refers to main.o(.data) for IMU_X
    stm32f4xx_it.o(.text) refers to main.o(.data) for ENCODER_HALL
    stm32f4xx_it.o(.text) refers to main.o(.data) for BEN_NGAT
    stm32f4xx_it.o(.text) refers to main.o(.data) for t7
    stm32f4xx_it.o(.text) refers to stm32f4xx_it.o(.data) for .data
    main.o(.text) refers to strlen.o(.text) for strlen
    main.o(.text) refers to strcmp.o(.text) for strcmp
    main.o(.text) refers to strncpy.o(.text) for strncpy
    main.o(.text) refers to stm32f4xx_dma.o(.text) for DMA_Cmd
    main.o(.text) refers to stm32f4xx_usart.o(.text) for USART_SendData
    main.o(.text) refers to printf1.o(i.__0snprintf$1) for __2snprintf
    main.o(.text) refers to printf1.o(i.__0sprintf$1) for __2sprintf
    main.o(.text) refers to strcat.o(.text) for strcat
    main.o(.text) refers to fflti.o(.text) for __aeabi_i2f
    main.o(.text) refers to ffixi.o(.text) for __aeabi_f2iz
    main.o(.text) refers to main.o(.bss) for .bss
    main.o(.text) refers to f2d.o(.text) for __aeabi_f2d
    main.o(.text) refers to atan2.o(i.atan2) for atan2
    main.o(.text) refers to dmul.o(.text) for __aeabi_dmul
    main.o(.text) refers to dfixi.o(.text) for __aeabi_d2iz
    main.o(.text) refers to stm32f4xx_rcc.o(.text) for RCC_AHB1PeriphClockCmd
    main.o(.text) refers to stm32f4xx_gpio.o(.text) for GPIO_Init
    main.o(.text) refers to misc.o(.text) for NVIC_PriorityGroupConfig
    main.o(.text) refers to stm32f4xx_tim.o(.text) for TIM_TimeBaseInit
    main.o(.text) refers to main.o(.data) for .data
    main.o(.text) refers to stm32f4xx_adc.o(.text) for ADC_TempSensorVrefintCmd
    main.o(.text) refers to stm32f4xx_syscfg.o(.text) for SYSCFG_EXTILineConfig
    main.o(.text) refers to stm32f4xx_exti.o(.text) for EXTI_Init
    main.o(.text) refers to fmul.o(.text) for __aeabi_fmul
    main.o(.text) refers to fadd.o(.text) for __aeabi_fadd
    main.o(.text) refers to sqrt.o(i.sqrt) for sqrt
    main.o(.text) refers to tasks.o(.text) for vTaskDelay
    main.o(.text) refers to fdiv.o(.text) for __aeabi_fdiv
    main.o(.text) refers to cfrcmple.o(.text) for __aeabi_cfrcmple
    main.o(.text) refers to ceilf.o(i.ceilf) for ceilf
    main.o(.text) refers to fscalb.o(.text) for __ARM_scalbnf
    main.o(.text) refers to exp.o(i.exp) for exp
    main.o(.text) refers to dadd.o(.text) for __aeabi_drsub
    main.o(.text) refers to dscalb.o(.text) for __ARM_scalbn
    main.o(.text) refers to d2f.o(.text) for __aeabi_d2f
    main.o(.text) refers to cfcmple.o(.text) for __aeabi_cfcmple
    main.o(.text) refers to dflti.o(.text) for __aeabi_i2d
    main.o(.text) refers to ddiv.o(.text) for __aeabi_ddiv
    main.o(.text) refers to cos.o(i.cos) for cos
    main.o(.text) refers to main.o(.constdata) for .constdata
    system_stm32f4xx.o(.text) refers to system_stm32f4xx.o(.data) for .data
    startup_stm32f4xx.o(RESET) refers to startup_stm32f4xx.o(STACK) for __initial_sp
    startup_stm32f4xx.o(RESET) refers to startup_stm32f4xx.o(.text) for Reset_Handler
    startup_stm32f4xx.o(RESET) refers to stm32f4xx_it.o(.text) for NMI_Handler
    startup_stm32f4xx.o(RESET) refers to port.o(.emb_text) for SVC_Handler
    startup_stm32f4xx.o(RESET) refers to port.o(.text) for SysTick_Handler
    startup_stm32f4xx.o(RESET) refers to main.o(.text) for UART5_IRQHandler
    startup_stm32f4xx.o(.text) refers to system_stm32f4xx.o(.text) for SystemInit
    startup_stm32f4xx.o(.text) refers to entry.o(.ARM.Collect$$$$00000000) for __main
    stm32f4xx_gpio.o(.text) refers to stm32f4xx_rcc.o(.text) for RCC_AHB1PeriphResetCmd
    stm32f4xx_rcc.o(.text) refers to stm32f4xx_rcc.o(.data) for .data
    stm32f4xx_adc.o(.text) refers to stm32f4xx_rcc.o(.text) for RCC_APB2PeriphResetCmd
    stm32f4xx_spi.o(.text) refers to stm32f4xx_rcc.o(.text) for RCC_APB2PeriphResetCmd
    stm32f4xx_tim.o(.text) refers to stm32f4xx_rcc.o(.text) for RCC_APB2PeriphResetCmd
    stm32f4xx_usart.o(.text) refers to stm32f4xx_rcc.o(.text) for RCC_APB2PeriphResetCmd
    stm32f4xx_syscfg.o(.text) refers to stm32f4xx_rcc.o(.text) for RCC_APB2PeriphResetCmd
    stm32f4xx_wwdg.o(.text) refers to stm32f4xx_rcc.o(.text) for RCC_APB1PeriphResetCmd
[...]
    .data                                    0x20000174   Section        2  main.o(.data)
    .data                                    0x20000178   Section        4  main.o(.data)
    .data                                    0x2000017c   Section       20  system_stm32f4xx.o(.data)
    .data                                    0x20000190   Section       16  stm32f4xx_rcc.o(.data)
    APBAHBPrescTable                         0x20000190   Data          16  stm32f4xx_rcc.o(.data)
    .data                                    0x200001a0   Section       60  tasks.o(.data)
    uxDeletedTasksWaitingCleanUp             0x200001a4   Data           4  tasks.o(.data)
    uxCurrentNumberOfTasks                   0x200001a8   Data           4  tasks.o(.data)
    xTickCount                               0x200001ac   Data           4  tasks.o(.data)
    uxTopReadyPriority                       0x200001b0   Data           4  tasks.o(.data)
    xSchedulerRunning                        0x200001b4   Data           4  tasks.o(.data)
    uxPendedTicks                            0x200001b8   Data           4  tasks.o(.data)
    xYieldPending                            0x200001bc   Data           4  tasks.o(.data)
    xNumOfOverflows                          0x200001c0   Data           4  tasks.o(.data)
    uxTaskNumber                             0x200001c4   Data           4  tasks.o(.data)
    xNextTaskUnblockTime                     0x200001c8   Data           4  tasks.o(.data)
    xIdleTaskHandle                          0x200001cc   Data           4  tasks.o(.data)
    uxSchedulerSuspended                     0x200001d0   Data           4  tasks.o(.data)
    pxDelayedTaskList                        0x200001d4   Data           4  tasks.o(.data)
    pxOverflowDelayedTaskList                0x200001d8   Data           4  tasks.o(.data)
    .data                                    0x200001dc   Section       24  heap_2.o(.data)
    xFreeBytesRemaining                      0x200001dc   Data           4  heap_2.o(.data)
    xHeapHasBeenInitialised                  0x200001e0   Data           4  heap_2.o(.data)
    xStart                                   0x200001e4   Data           8  heap_2.o(.data)
    xEnd                                     0x200001ec   Data           8  heap_2.o(.data)
    .data                                    0x200001f4   Section       12  port.o(.data)
    ucMaxSysCallPriority                     0x200001f4   Data           1  port.o(.data)
    uxCriticalNesting                        0x200001f8   Data           4  port.o(.data)
    ulMaxPRIGROUPValue                       0x200001fc   Data           4  port.o(.data)
    .data                                    0x20000200   Section        4  errno.o(.data)
    _errno                                   0x20000200   Data           4  errno.o(.data)
    .bss                                     0x20000204   Section     2242  main.o(.bss)
    median_buf                               0x200003c4   Data         140  main.o(.bss)
    avg_buf                                  0x20000450   Data        1400  main.o(.bss)
    .bss                                     0x20000ac8   Section      200  tasks.o(.bss)
    pxReadyTasksLists                        0x20000ac8   Data         100  tasks.o(.bss)
    xDelayedTaskList1                        0x20000b2c   Data          20  tasks.o(.bss)
    xDelayedTaskList2                        0x20000b40   Data          20  tasks.o(.bss)
    xPendingReadyList                        0x20000b54   Data          20  tasks.o(.bss)
    xTasksWaitingTermination                 0x20000b68   Data          20  tasks.o(.bss)
    xSuspendedTaskList                       0x20000b7c   Data          20  tasks.o(.bss)
    .bss                                     0x20000b90   Section    76800  heap_2.o(.bss)
    ucHeap                                   0x20000b90   Data       76800  heap_2.o(.bss)
    STACK                                    0x20013790   Section     1024  startup_stm32f4xx.o(STACK)

    Global Symbols

    Symbol Name                              Value     Ov Type        Size  Object(Section)

    BuildAttributes$$THM_ISAv4$E$P$D$K$B$S$7EM$PE$A:L22UL41UL21$X:L11$S22US41US21$IEEE1$IW$USESV6$~STKCKD$USESV7$~SHL$OTIME$ROPI$IEEEX$EBA8$MICROLIB$REQ8$PRES8$EABIv2 0x00000000   Number         0  anon$$obj.o ABSOLUTE
    __ARM_use_no_argv                        0x00000000   Number         0  main.o ABSOLUTE
    _printf_a                                0x00000000   Number         0  stubs.o ABSOLUTE
    _printf_c                                0x00000000   Number         0  stubs.o ABSOLUTE
    _printf_charcount                        0x00000000   Number         0  stubs.o ABSOLUTE
    _printf_d                                0x00000000   Number         0  stubs.o ABSOLUTE
    _printf_e                                0x00000000   Number         0  stubs.o ABSOLUTE
    _printf_f                                0x00000000   Number         0  stubs.o ABSOLUTE
    _printf_flags                            0x00000000   Number         0  stubs.o ABSOLUTE
    _printf_fp_dec                           0x00000000   Number         0  stubs.o ABSOLUTE
    _printf_fp_hex                           0x00000000   Number         0  stubs.o ABSOLUTE
    _printf_g                                0x00000000   Number         0  stubs.o ABSOLUTE
    _printf_i                                0x00000000   Number         0  stubs.o ABSOLUTE
    _printf_int_dec                          0x00000000   Number         0  stubs.o ABSOLUTE
    _printf_l                                0x00000000   Number         0  stubs.o ABSOLUTE
    _printf_lc                               0x00000000   Number         0  stubs.o ABSOLUTE
    _printf_ll                               0x00000000   Number         0  stubs.o ABSOLUTE
    _printf_lld                              0x00000000   Number         0  stubs.o ABSOLUTE
    _printf_lli                              0x00000000   Number         0  stubs.o ABSOLUTE
    _printf_llo                              0x00000000   Number         0  stubs.o ABSOLUTE
    _printf_llu                              0x00000000   Number         0  stubs.o ABSOLUTE
    _printf_llx                              0x00000000   Number         0  stubs.o ABSOLUTE
    _printf_longlong_dec                     0x00000000   Number         0  stubs.o ABSOLUTE
    _printf_longlong_hex                     0x00000000   Number         0  stubs.o ABSOLUTE
    _printf_longlong_oct                     0x00000000   Number         0  stubs.o ABSOLUTE
    _printf_ls                               0x00000000   Number         0  stubs.o ABSOLUTE
    _printf_mbtowc                           0x00000000   Number         0  stubs.o ABSOLUTE
    _printf_n                                0x00000000   Number         0  stubs.o ABSOLUTE
    _printf_o                                0x00000000   Number         0  stubs.o ABSOLUTE
    _printf_p                                0x00000000   Number         0  stubs.o ABSOLUTE
    _printf_percent                          0x00000000   Number         0  stubs.o ABSOLUTE
    _printf_pre_padding                      0x00000000   Number         0  stubs.o ABSOLUTE
    _printf_return_value                     0x00000000   Number         0  stubs.o ABSOLUTE
    _printf_s                                0x00000000   Number         0  stubs.o ABSOLUTE
    _printf_sizespec                         0x00000000   Number         0  stubs.o ABSOLUTE
    _printf_str                              0x00000000   Number         0  stubs.o ABSOLUTE
    _printf_truncate_signed                  0x00000000   Number         0  stubs.o ABSOLUTE
    _printf_truncate_unsigned                0x00000000   Number         0  stubs.o ABSOLUTE
    _printf_u                                0x00000000   Number         0  stubs.o ABSOLUTE
    _printf_wc                               0x00000000   Number         0  stubs.o ABSOLUTE
    _printf_wctomb                           0x00000000   Number         0  stubs.o ABSOLUTE
    _printf_widthprec                        0x00000000   Number         0  stubs.o ABSOLUTE
    _printf_x                                0x00000000   Number         0  stubs.o ABSOLUTE
    __arm_fini_                               - Undefined Weak Reference
    __cpp_initialize__aeabi_                  - Undefined Weak Reference
    __cxa_finalize                            - Undefined Weak Reference
    _clock_init                               - Undefined Weak Reference
    _microlib_exit                            - Undefined Weak Reference
    __Vectors_Size                           0x00000188   Number         0  startup_stm32f4xx.o ABSOLUTE
    __Vectors                                0x08000000   Data           4  startup_stm32f4xx.o(RESET)
    __Vectors_End                            0x08000188   Data           0  startup_stm32f4xx.o(RESET)
    __main                                   0x08000189   Thumb Code     0  entry.o(.ARM.Collect$$$$00000000)
    _main_stk                                0x08000189   Thumb Code     0  entry2.o(.ARM.Collect$$$$00000001)
    _main_scatterload                        0x0800018d   Thumb Code     0  entry5.o(.ARM.Collect$$$$00000004)
    __main_after_scatterload                 0x08000191   Thumb Code     0  entry5.o(.ARM.Collect$$$$00000004)
    _main_clock                              0x08000191   Thumb Code     0  entry7b.o(.ARM.Collect$$$$00000008)
    _main_cpp_init                           0x08000191   Thumb Code     0  entry8b.o(.ARM.Collect$$$$0000000A)
    _main_init                               0x08000191   Thumb Code     0  entry9a.o(.ARM.Collect$$$$0000000B)
    __rt_lib_shutdown_fini                   0x08000199   Thumb Code     0  entry12b.o(.ARM.Collect$$$$0000000E)
    __rt_final_cpp                           0x0800019d   Thumb Code     0  entry10a.o(.ARM.Collect$$$$0000000F)
    __rt_final_exit                          0x0800019d   Thumb Code     0  entry11a.o(.ARM.Collect$$$$00000011)
    SVC_Handler                              0x080001a1   Thumb Code    32  port.o(.emb_text)
    __asm___6_port_c_39a90d8d__prvStartFirstTask 0x080001c5   Thumb Code    28  port.o(.emb_text)
    PendSV_Handler                           0x080001e5   Thumb Code    72  port.o(.emb_text)
    vPortGetIPSR                             0x08000231   Thumb Code     6  port.o(.emb_text)
    NMI_Handler                              0x08000239   Thumb Code     2  stm32f4xx_it.o(.text)
    HardFault_Handler                        0x0800023b   Thumb Code     2  stm32f4xx_it.o(.text)
    MemManage_Handler                        0x0800023d   Thumb Code     2  stm32f4xx_it.o(.text)
    BusFault_Handler                         0x0800023f   Thumb Code     2  stm32f4xx_it.o(.text)
    UsageFault_Handler                       0x08000241   Thumb Code     2  stm32f4xx_it.o(.text)
    DebugMon_Handler                         0x08000243   Thumb Code     2  stm32f4xx_it.o(.text)
    USART1_IRQHandler                        0x08000249   Thumb Code    32  stm32f4xx_it.o(.text)
    DMA1_Stream4_IRQHandler                  0x08000269   Thumb Code     8  stm32f4xx_it.o(.text)
    DMA2_Stream1_IRQHandler                  0x08000271   Thumb Code    38  stm32f4xx_it.o(.text)
    DMA2_Stream0_IRQHandler                  0x08000297   Thumb Code    38  stm32f4xx_it.o(.text)
    DMA2_Stream2_IRQHandler                  0x080002bd   Thumb Code    70  stm32f4xx_it.o(.text)
    DMA2_Stream5_IRQHandler                  0x08000303   Thumb Code    10  stm32f4xx_it.o(.text)
    DMA1_Stream1_IRQHandler                  0x0800030d   Thumb Code    38  stm32f4xx_it.o(.text)
    DMA1_Stream0_IRQHandler                  0x08000333   Thumb Code    34  stm32f4xx_it.o(.text)
    DMA1_Stream7_IRQHandler                  0x08000355   Thumb Code    42  stm32f4xx_it.o(.text)
    DMA1_Stream6_IRQHandler                  0x0800037f   Thumb Code    34  stm32f4xx_it.o(.text)
    DMA1_Stream2_IRQHandler                  0x080003a1   Thumb Code    10  stm32f4xx_it.o(.text)
    DMA1_Stream3_IRQHandler                  0x080003ab   Thumb Code    44  stm32f4xx_it.o(.text)
    TIM6_DAC_IRQHandler                      0x080003d7   Thumb Code    50  stm32f4xx_it.o(.text)
    TIM7_IRQHandler                          0x08000409   Thumb Code     8  stm32f4xx_it.o(.text)
    TIM1_UP_TIM10_IRQHandler                 0x08000411   Thumb Code    44  stm32f4xx_it.o(.text)
    TIM1_TRG_COM_TIM11_IRQHandler            0x0800043d   Thumb Code     2  stm32f4xx_it.o(.text)
    TIM2_IRQHandler                          0x0800043f   Thumb Code    32  stm32f4xx_it.o(.text)
    TIM3_IRQHandler                          0x0800045f   Thumb Code    32  stm32f4xx_it.o(.text)
    TIM4_IRQHandler                          0x0800047f   Thumb Code    32  stm32f4xx_it.o(.text)
    TIM5_IRQHandler                          0x0800049f   Thumb Code    32  stm32f4xx_it.o(.text)
    SPI1_IRQHandler                          0x080004bf   Thumb Code     2  stm32f4xx_it.o(.text)
    SPI3_IRQHandler                          0x080004c1   Thumb Code     2  stm32f4xx_it.o(.text)
    EXTI2_IRQHandler                         0x080004c3   Thumb Code     2  stm32f4xx_it.o(.text)
    EXTI0_IRQHandler                         0x080004c5   Thumb Code     6  stm32f4xx_it.o(.text)
    EXTI9_5_IRQHandler                       0x080004cb   Thumb Code   546  stm32f4xx_it.o(.text)
    DO_RONG_XUNG                             0x080006ed   Thumb Code    22  stm32f4xx_it.o(.text)
    EXTI15_10_IRQHandler                     0x08000703   Thumb Code     8  stm32f4xx_it.o(.text)
    HMI_ky_tu                                0x08000711   Thumb Code    70  main.o(.text)
    HMISends                                 0x08000757   Thumb Code    40  main.o(.text)
    HMISendb                                 0x0800077f   Thumb Code    42  main.o(.text)
    gui_so                                   0x080007a9   Thumb Code    92  main.o(.text)
    gui_chu                                  0x08000805   Thumb Code    58  main.o(.text)
    HMI_DMI                                  0x0800083f   Thumb Code   190  main.o(.text)
    HMI_PUTS                                 0x080008fd   Thumb Code   182  main.o(.text)
    HMI_PUT_j                                0x080009b3   Thumb Code    26  main.o(.text)
    HMI_DMI_CHI_GUI_SO                       0x080009cd   Thumb Code   178  main.o(.text)
    gp_update_uart                           0x08000a7f   Thumb Code   286  main.o(.text)
    gp_get_mode_uart                         0x08000b9d   Thumb Code    26  main.o(.text)
    delay_us                                 0x08000bb7   Thumb Code    24  main.o(.text)
    delay_ms                                 0x08000bcf   Thumb Code    24  main.o(.text)
    Config_out_mode                          0x08000be7   Thumb Code    90  main.o(.text)
    Config_in_mode                           0x08000c41   Thumb Code    70  main.o(.text)
    Config_int_time6                         0x08000c87   Thumb Code   114  main.o(.text)
    Config_int_time7                         0x08000cf9   Thumb Code   110  main.o(.text)
    Config_pwm_time_t4                       0x08000d67   Thumb Code   196  main.o(.text)
    Config_encoder_timer2_timer3             0x08000e2b   Thumb Code   424  main.o(.text)
    Config_encoder_timer1                    0x08000fd3   Thumb Code   226  main.o(.text)
    Config_encoder_timer4                    0x080010b5   Thumb Code   230  main.o(.text)
    Config_encoder_timer5                    0x0800119b   Thumb Code   226  main.o(.text)
    Config_ADC1_DMA                          0x0800127d   Thumb Code   496  main.o(.text)
    UART1_DMA_RX                             0x0800146d   Thumb Code   260  main.o(.text)
    UART3_DMA_TX_RX                          0x08001571   Thumb Code   370  main.o(.text)
    UART4_DMA_RX                             0x080016e3   Thumb Code   268  main.o(.text)
    UART5_DMA_TX_RX                          0x080017ef   Thumb Code   466  main.o(.text)
    UART5_Process_Received_Data              0x080019c1   Thumb Code    98  main.o(.text)
    UART5_IRQHandler                         0x08001a23   Thumb Code    30  main.o(.text)
    UART6_DMA_RX                             0x08001a41   Thumb Code   256  main.o(.text)
    UART6_ProcessData                        0x08001b41   Thumb Code    72  main.o(.text)
    UART2_DMA_TX                             0x08001b89   Thumb Code   268  main.o(.text)
    ngat_ngoai                               0x08001c95   Thumb Code   194  main.o(.text)
    JOHO_Checksum                            0x08001d57   Thumb Code    36  main.o(.text)
    JOHO_CreatePacket                        0x08001d7b   Thumb Code    48  main.o(.text)
    Prepare_JOHO_Buffer                      0x08001dab   Thumb Code   140  main.o(.text)
    TIMER_RC                                 0x08001e37   Thumb Code    60  main.o(.text)
    SEND_UART                                0x08001e73   Thumb Code   106  main.o(.text)
    READ_ENCODER_1                           0x08001edd   Thumb Code    90  main.o(.text)
    READ_ENCODER_1_SCALED                    0x08001f37   Thumb Code    94  main.o(.text)
    READ_ENCODER_2                           0x08001f95   Thumb Code    90  main.o(.text)
    READ_ENCODER_3                           0x08001fef   Thumb Code    88  main.o(.text)
    READ_ENCODER_4                           0x08002047   Thumb Code    88  main.o(.text)
    READ_ENCODER_5                           0x0800209f   Thumb Code    88  main.o(.text)
    RESET_ENCODER                            0x080020f7   Thumb Code    74  main.o(.text)
    Median5                                  0x08002141   Thumb Code    68  main.o(.text)
    AverageN                                 0x08002185   Thumb Code    72  main.o(.text)
    ADC1_Update_Filter                       0x080021cd   Thumb Code   138  main.o(.text)
    START_IMU                                0x08002257   Thumb Code    28  main.o(.text)
    RESET_IMU                                0x08002273   Thumb Code    28  main.o(.text)
    tinhDoNghieng                            0x0800228f   Thumb Code    90  main.o(.text)
    HMI_TRAN                                 0x080022e9   Thumb Code  1280  main.o(.text)
    DATA_SPEED_RUN_LOOP                      0x080027e9   Thumb Code     8  main.o(.text)
    HMI_RUN_LOOP                             0x080027f1   Thumb Code    30  main.o(.text)
    nang_chan_tu_tu                          0x0800281d   Thumb Code   200  main.o(.text)
    HAM_DK_TAY_MOVE                          0x080028e5   Thumb Code   260  main.o(.text)
    dk_kep_kfs                               0x080029e9   Thumb Code   664  main.o(.text)
    kiem_tra_cam_bien                        0x08002c9b   Thumb Code    32  main.o(.text)
    CONTROL_TOC_DO                           0x08002cbb   Thumb Code    16  main.o(.text)
    MAIN_CONTROL                             0x08002ccb   Thumb Code    82  main.o(.text)
    quet_tay_game                            0x08002d1d   Thumb Code  1508  main.o(.text)
    DAI_RTOS_V1                              0x08003397   Thumb Code    86  main.o(.text)
    apply_s_curve_shaping                    0x080033ed   Thumb Code   404  main.o(.text)
    RUN_XOAY                                 0x08003581   Thumb Code   184  main.o(.text)
    RUN_SW                                   0x08003639   Thumb Code  2102  main.o(.text)
    adc_to_cm                                0x08003e6f   Thumb Code   136  main.o(.text)
    update_all_lasers                        0x08003ef7   Thumb Code    48  main.o(.text)
    ham_dieu_khien_tay                       0x08003f27   Thumb Code     2  main.o(.text)
    DK_3chan                                 0x08003f29   Thumb Code   182  main.o(.text)
    ham_test                                 0x08003fdf   Thumb Code     2  main.o(.text)
    ham_leo_rung_trai                        0x08003fe1   Thumb Code     2  main.o(.text)
    main                                     0x08003fe3   Thumb Code   174  main.o(.text)
    SystemInit                               0x08004147   Thumb Code    62  system_stm32f4xx.o(.text)
    SystemCoreClockUpdate                    0x08004185   Thumb Code   108  system_stm32f4xx.o(.text)
    Reset_Handler                            0x08004215   Thumb Code     8  startup_stm32f4xx.o(.text)
    ADC_IRQHandler                           0x0800422f   Thumb Code     0  startup_stm32f4xx.o(.text)
    CAN1_RX0_IRQHandler                      0x0800422f   Thumb Code     0  startup_stm32f4xx.o(.text)
    CAN1_RX1_IRQHandler                      0x0800422f   Thumb Code     0  startup_stm32f4xx.o(.text)
    CAN1_SCE_IRQHandler                      0x0800422f   Thumb Code     0  startup_stm32f4xx.o(.text)
    CAN1_TX_IRQHandler                       0x0800422f   Thumb Code     0  startup_stm32f4xx.o(.text)
    CAN2_RX0_IRQHandler                      0x0800422f   Thumb Code     0  startup_stm32f4xx.o(.text)
    CAN2_RX1_IRQHandler                      0x0800422f   Thumb Code     0  startup_stm32f4xx.o(.text)
    CAN2_SCE_IRQHandler                      0x0800422f   Thumb Code     0  startup_stm32f4xx.o(.text)
    CAN2_TX_IRQHandler                       0x0800422f   Thumb Code     0  startup_stm32f4xx.o(.text)
    CRYP_IRQHandler                          0x0800422f   Thumb Code     0  startup_stm32f4xx.o(.text)
    DCMI_IRQHandler                          0x0800422f   Thumb Code     0  startup_stm32f4xx.o(.text)
    DMA1_Stream5_IRQHandler                  0x0800422f   Thumb Code     0  startup_stm32f4xx.o(.text)
    DMA2_Stream3_IRQHandler                  0x0800422f   Thumb Code     0  startup_stm32f4xx.o(.text)
    DMA2_Stream4_IRQHandler                  0x0800422f   Thumb Code     0  startup_stm32f4xx.o(.text)
    DMA2_Stream6_IRQHandler                  0x0800422f   Thumb Code     0  startup_stm32f4xx.o(.text)
    DMA2_Stream7_IRQHandler                  0x0800422f   Thumb Code     0  startup_stm32f4xx.o(.text)
    ETH_IRQHandler                           0x0800422f   Thumb Code     0  startup_stm32f4xx.o(.text)
    ETH_WKUP_IRQHandler                      0x0800422f   Thumb Code     0  startup_stm32f4xx.o(.text)
    EXTI1_IRQHandler                         0x0800422f   Thumb Code     0  startup_stm32f4xx.o(.text)
    EXTI3_IRQHandler                         0x0800422f   Thumb Code     0  startup_stm32f4xx.o(.text)
    EXTI4_IRQHandler                         0x0800422f   Thumb Code     0  startup_stm32f4xx.o(.text)
    FLASH_IRQHandler                         0x0800422f   Thumb Code     0  startup_stm32f4xx.o(.text)
    FPU_IRQHandler                           0x0800422f   Thumb Code     0  startup_stm32f4xx.o(.text)
    FSMC_IRQHandler                          0x0800422f   Thumb Code     0  startup_stm32f4xx.o(.text)
    HASH_RNG_IRQHandler                      0x0800422f   Thumb Code     0  startup_stm32f4xx.o(.text)
    I2C1_ER_IRQHandler                       0x0800422f   Thumb Code     0  startup_stm32f4xx.o(.text)
    I2C1_EV_IRQHandler                       0x0800422f   Thumb Code     0  startup_stm32f4xx.o(.text)
    I2C2_ER_IRQHandler                       0x0800422f   Thumb Code     0  startup_stm32f4xx.o(.text)
    I2C2_EV_IRQHandler                       0x0800422f   Thumb Code     0  startup_stm32f4xx.o(.text)
    I2C3_ER_IRQHandler                       0x0800422f   Thumb Code     0  startup_stm32f4xx.o(.text)
    I2C3_EV_IRQHandler                       0x0800422f   Thumb Code     0  startup_stm32f4xx.o(.text)
    OTG_FS_IRQHandler                        0x0800422f   Thumb Code     0  startup_stm32f4xx.o(.text)
    OTG_FS_WKUP_IRQHandler                   0x0800422f   Thumb Code     0  startup_stm32f4xx.o(.text)
    OTG_HS_EP1_IN_IRQHandler                 0x0800422f   Thumb Code     0  startup_stm32f4xx.o(.text)
    OTG_HS_EP1_OUT_IRQHandler                0x0800422f   Thumb Code     0  startup_stm32f4xx.o(.text)
    OTG_HS_IRQHandler                        0x0800422f   Thumb Code     0  startup_stm32f4xx.o(.text)
    OTG_HS_WKUP_IRQHandler                   0x0800422f   Thumb Code     0  startup_stm32f4xx.o(.text)
    PVD_IRQHandler                           0x0800422f   Thumb Code     0  startup_stm32f4xx.o(.text)
    RCC_IRQHandler                           0x0800422f   Thumb Code     0  startup_stm32f4xx.o(.text)
    RTC_Alarm_IRQHandler                     0x0800422f   Thumb Code     0  startup_stm32f4xx.o(.text)
    RTC_WKUP_IRQHandler                      0x0800422f   Thumb Code     0  startup_stm32f4xx.o(.text)
    SDIO_IRQHandler                          0x0800422f   Thumb Code     0  startup_stm32f4xx.o(.text)
    SPI2_IRQHandler                          0x0800422f   Thumb Code     0  startup_stm32f4xx.o(.text)
    TAMP_STAMP_IRQHandler                    0x0800422f   Thumb Code     0  startup_stm32f4xx.o(.text)
    TIM1_BRK_TIM9_IRQHandler                 0x0800422f   Thumb Code     0  startup_stm32f4xx.o(.text)
    TIM1_CC_IRQHandler                       0x0800422f   Thumb Code     0  startup_stm32f4xx.o(.text)
    TIM8_BRK_TIM12_IRQHandler                0x0800422f   Thumb Code     0  startup_stm32f4xx.o(.text)
    TIM8_CC_IRQHandler                       0x0800422f   Thumb Code     0  startup_stm32f4xx.o(.text)
    TIM8_TRG_COM_TIM14_IRQHandler            0x0800422f   Thumb Code     0  startup_stm32f4xx.o(.text)
    TIM8_UP_TIM13_IRQHandler                 0x0800422f   Thumb Code     0  startup_stm32f4xx.o(.text)
    UART4_IRQHandler                         0x0800422f   Thumb Code     0  startup_stm32f4xx.o(.text)
    USART2_IRQHandler                        0x0800422f   Thumb Code     0  startup_stm32f4xx.o(.text)
    USART3_IRQHandler                        0x0800422f   Thumb Code     0  startup_stm32f4xx.o(.text)
    USART6_IRQHandler                        0x0800422f   Thumb Code     0  startup_stm32f4xx.o(.text)
    WWDG_IRQHandler                          0x0800422f   Thumb Code     0  startup_stm32f4xx.o(.text)
    NVIC_PriorityGroupConfig                 0x08004239   Thumb Code    10  misc.o(.text)
    NVIC_Init                                0x08004243   Thumb Code    96  misc.o(.text)
    NVIC_SetVectorTable                      0x080042a3   Thumb Code    14  misc.o(.text)
    NVIC_SystemLPConfig                      0x080042b1   Thumb Code    20  misc.o(.text)
    SysTick_CLKSourceConfig                  0x080042c5   Thumb Code    24  misc.o(.text)
    GPIO_DeInit                              0x080042e9   Thumb Code   192  stm32f4xx_gpio.o(.text)
    GPIO_Init                                0x080043a9   Thumb Code   162  stm32f4xx_gpio.o(.text)
    GPIO_StructInit                          0x0800444b   Thumb Code    18  stm32f4xx_gpio.o(.text)
    GPIO_PinLockConfig                       0x0800445d   Thumb Code    24  stm32f4xx_gpio.o(.text)
    GPIO_ReadInputDataBit                    0x08004475   Thumb Code    14  stm32f4xx_gpio.o(.text)
    GPIO_ReadInputData                       0x08004483   Thumb Code     6  stm32f4xx_gpio.o(.text)
    GPIO_ReadOutputDataBit                   0x08004489   Thumb Code    14  stm32f4xx_gpio.o(.text)
    GPIO_ReadOutputData                      0x08004497   Thumb Code     6  stm32f4xx_gpio.o(.text)
    GPIO_SetBits                             0x0800449d   Thumb Code     4  stm32f4xx_gpio.o(.text)
    GPIO_ResetBits                           0x080044a1   Thumb Code     4  stm32f4xx_gpio.o(.text)
    GPIO_WriteBit                            0x080044a5   Thumb Code    10  stm32f4xx_gpio.o(.text)
    GPIO_Write                               0x080044af   Thumb Code     4  stm32f4xx_gpio.o(.text)
    GPIO_ToggleBits                          0x080044b3   Thumb Code     8  stm32f4xx_gpio.o(.text)
    GPIO_PinAFConfig                         0x080044bb   Thumb Code    32  stm32f4xx_gpio.o(.text)
    RCC_DeInit                               0x08004501   Thumb Code    48  stm32f4xx_rcc.o(.text)
    RCC_HSEConfig                            0x08004531   Thumb Code    12  stm32f4xx_rcc.o(.text)
    RCC_GetFlagStatus                        0x0800453d   Thumb Code    46  stm32f4xx_rcc.o(.text)
    RCC_WaitForHSEStartUp                    0x0800456b   Thumb Code    44  stm32f4xx_rcc.o(.text)
    RCC_AdjustHSICalibrationValue            0x08004597   Thumb Code    16  stm32f4xx_rcc.o(.text)
    RCC_HSICmd                               0x080045a7   Thumb Code     6  stm32f4xx_rcc.o(.text)
    RCC_LSEConfig                            0x080045ad   Thumb Code    24  stm32f4xx_rcc.o(.text)
    RCC_LSICmd                               0x080045c5   Thumb Code     6  stm32f4xx_rcc.o(.text)
    RCC_PLLConfig                            0x080045cb   Thumb Code    32  stm32f4xx_rcc.o(.text)
    RCC_PLLCmd                               0x080045eb   Thumb Code     6  stm32f4xx_rcc.o(.text)
    RCC_PLLI2SConfig                         0x080045f1   Thumb Code    14  stm32f4xx_rcc.o(.text)
    RCC_PLLI2SCmd                            0x080045ff   Thumb Code     6  stm32f4xx_rcc.o(.text)
    RCC_ClockSecuritySystemCmd               0x08004605   Thumb Code     6  stm32f4xx_rcc.o(.text)
    RCC_MCO1Config                           0x0800460b   Thumb Code    18  stm32f4xx_rcc.o(.text)
    RCC_MCO2Config                           0x0800461d   Thumb Code    18  stm32f4xx_rcc.o(.text)
    RCC_SYSCLKConfig                         0x0800462f   Thumb Code    16  stm32f4xx_rcc.o(.text)
    RCC_GetSYSCLKSource                      0x0800463f   Thumb Code    12  stm32f4xx_rcc.o(.text)
    RCC_HCLKConfig                           0x0800464b   Thumb Code    16  stm32f4xx_rcc.o(.text)
    RCC_PCLK1Config                          0x0800465b   Thumb Code    16  stm32f4xx_rcc.o(.text)
    RCC_PCLK2Config                          0x0800466b   Thumb Code    18  stm32f4xx_rcc.o(.text)
    RCC_GetClocksFreq                        0x0800467d   Thumb Code   134  stm32f4xx_rcc.o(.text)
    RCC_RTCCLKConfig                         0x08004703   Thumb Code    42  stm32f4xx_rcc.o(.text)
    RCC_RTCCLKCmd                            0x0800472d   Thumb Code     8  stm32f4xx_rcc.o(.text)
    RCC_BackupResetCmd                       0x08004735   Thumb Code     8  stm32f4xx_rcc.o(.text)
    RCC_I2SCLKConfig                         0x0800473d   Thumb Code     8  stm32f4xx_rcc.o(.text)
    RCC_AHB1PeriphClockCmd                   0x08004745   Thumb Code    20  stm32f4xx_rcc.o(.text)
    RCC_AHB2PeriphClockCmd                   0x08004759   Thumb Code    20  stm32f4xx_rcc.o(.text)
    RCC_AHB3PeriphClockCmd                   0x0800476d   Thumb Code    20  stm32f4xx_rcc.o(.text)
    RCC_APB1PeriphClockCmd                   0x08004781   Thumb Code    20  stm32f4xx_rcc.o(.text)
    RCC_APB2PeriphClockCmd                   0x08004795   Thumb Code    20  stm32f4xx_rcc.o(.text)
    RCC_AHB1PeriphResetCmd                   0x080047a9   Thumb Code    20  stm32f4xx_rcc.o(.text)
    RCC_AHB2PeriphResetCmd                   0x080047bd   Thumb Code    20  stm32f4xx_rcc.o(.text)
    RCC_AHB3PeriphResetCmd                   0x080047d1   Thumb Code    20  stm32f4xx_rcc.o(.text)
    RCC_APB1PeriphResetCmd                   0x080047e5   Thumb Code    20  stm32f4xx_rcc.o(.text)
    RCC_APB2PeriphResetCmd                   0x080047f9   Thumb Code    20  stm32f4xx_rcc.o(.text)
    RCC_AHB1PeriphClockLPModeCmd             0x0800480d   Thumb Code    20  stm32f4xx_rcc.o(.text)
    RCC_AHB2PeriphClockLPModeCmd             0x08004821   Thumb Code    20  stm32f4xx_rcc.o(.text)
    RCC_AHB3PeriphClockLPModeCmd             0x08004835   Thumb Code    20  stm32f4xx_rcc.o(.text)
    RCC_APB1PeriphClockLPModeCmd             0x08004849   Thumb Code    20  stm32f4xx_rcc.o(.text)
    RCC_APB2PeriphClockLPModeCmd             0x0800485d   Thumb Code    20  stm32f4xx_rcc.o(.text)
    RCC_ITConfig                             0x08004871   Thumb Code    20  stm32f4xx_rcc.o(.text)
    RCC_ClearFlag                            0x08004885   Thumb Code    14  stm32f4xx_rcc.o(.text)
    RCC_GetITStatus                          0x08004893   Thumb Code    18  stm32f4xx_rcc.o(.text)
    RCC_ClearITPendingBit                    0x080048a5   Thumb Code     8  stm32f4xx_rcc.o(.text)
    ADC_DeInit                               0x080048d1   Thumb Code    24  stm32f4xx_adc.o(.text)
    ADC_Init                                 0x080048e9   Thumb Code    66  stm32f4xx_adc.o(.text)
    ADC_StructInit                           0x0800492b   Thumb Code    20  stm32f4xx_adc.o(.text)
    ADC_CommonInit                           0x0800493f   Thumb Code    34  stm32f4xx_adc.o(.text)
    ADC_CommonStructInit                     0x08004961   Thumb Code    12  stm32f4xx_adc.o(.text)
    ADC_Cmd                                  0x0800496d   Thumb Code    20  stm32f4xx_adc.o(.text)
    ADC_AnalogWatchdogCmd                    0x08004981   Thumb Code    12  stm32f4xx_adc.o(.text)
    ADC_AnalogWatchdogThresholdsConfig       0x0800498d   Thumb Code     6  stm32f4xx_adc.o(.text)
    ADC_AnalogWatchdogSingleChannelConfig    0x08004993   Thumb Code    12  stm32f4xx_adc.o(.text)
    ADC_TempSensorVrefintCmd                 0x0800499f   Thumb Code    26  stm32f4xx_adc.o(.text)
    ADC_VBATCmd                              0x080049b9   Thumb Code    26  stm32f4xx_adc.o(.text)
    ADC_RegularChannelConfig                 0x080049d3   Thumb Code   116  stm32f4xx_adc.o(.text)
    ADC_SoftwareStartConv                    0x08004a47   Thumb Code    10  stm32f4xx_adc.o(.text)
    ADC_GetSoftwareStartConvStatus           0x08004a51   Thumb Code    14  stm32f4xx_adc.o(.text)
    ADC_EOCOnEachRegularChannelCmd           0x08004a5f   Thumb Code    20  stm32f4xx_adc.o(.text)
    ADC_ContinuousModeCmd                    0x08004a73   Thumb Code    20  stm32f4xx_adc.o(.text)
    ADC_DiscModeChannelCountConfig           0x08004a87   Thumb Code    16  stm32f4xx_adc.o(.text)
    ADC_DiscModeCmd                          0x08004a97   Thumb Code    20  stm32f4xx_adc.o(.text)
    ADC_GetConversionValue                   0x08004aab   Thumb Code     6  stm32f4xx_adc.o(.text)
    ADC_GetMultiModeConversionValue          0x08004ab1   Thumb Code     8  stm32f4xx_adc.o(.text)
    ADC_DMACmd                               0x08004ab9   Thumb Code    20  stm32f4xx_adc.o(.text)
    ADC_DMARequestAfterLastTransferCmd       0x08004acd   Thumb Code    20  stm32f4xx_adc.o(.text)
    ADC_MultiModeDMARequestAfterLastTransferCmd 0x08004ae1   Thumb Code    26  stm32f4xx_adc.o(.text)
    ADC_InjectedChannelConfig                0x08004afb   Thumb Code    74  stm32f4xx_adc.o(.text)
    ADC_InjectedSequencerLengthConfig        0x08004b45   Thumb Code    16  stm32f4xx_adc.o(.text)
    ADC_SetInjectedOffset                    0x08004b55   Thumb Code    10  stm32f4xx_adc.o(.text)
    ADC_ExternalTrigInjectedConvConfig       0x08004b5f   Thumb Code    12  stm32f4xx_adc.o(.text)
    ADC_ExternalTrigInjectedConvEdgeConfig   0x08004b6b   Thumb Code    12  stm32f4xx_adc.o(.text)
    ADC_SoftwareStartInjectedConv            0x08004b77   Thumb Code    10  stm32f4xx_adc.o(.text)
    ADC_GetSoftwareStartInjectedConvCmdStatus 0x08004b81   Thumb Code    14  stm32f4xx_adc.o(.text)
    ADC_AutoInjectedConvCmd                  0x08004b8f   Thumb Code    20  stm32f4xx_adc.o(.text)
    ADC_InjectedDiscModeCmd                  0x08004ba3   Thumb Code    20  stm32f4xx_adc.o(.text)
    ADC_GetInjectedConversionValue           0x08004bb7   Thumb Code    14  stm32f4xx_adc.o(.text)
    ADC_ITConfig                             0x08004bc5   Thumb Code    18  stm32f4xx_adc.o(.text)
    ADC_GetFlagStatus                        0x08004bd7   Thumb Code    14  stm32f4xx_adc.o(.text)
    ADC_ClearFlag                            0x08004be5   Thumb Code     6  stm32f4xx_adc.o(.text)
    ADC_GetITStatus                          0x08004beb   Thumb Code    30  stm32f4xx_adc.o(.text)
    ADC_ClearITPendingBit                    0x08004c09   Thumb Code     8  stm32f4xx_adc.o(.text)
    DMA_DeInit                               0x08004c25   Thumb Code   272  stm32f4xx_dma.o(.text)
    DMA_Init                                 0x08004d35   Thumb Code    80  stm32f4xx_dma.o(.text)
    DMA_StructInit                           0x08004d85   Thumb Code    34  stm32f4xx_dma.o(.text)
    DMA_Cmd                                  0x08004da7   Thumb Code    20  stm32f4xx_dma.o(.text)
    DMA_PeriphIncOffsetSizeConfig            0x08004dbb   Thumb Code    20  stm32f4xx_dma.o(.text)
    DMA_FlowControllerConfig                 0x08004dcf   Thumb Code    20  stm32f4xx_dma.o(.text)
    DMA_SetCurrDataCounter                   0x08004de3   Thumb Code     4  stm32f4xx_dma.o(.text)
    DMA_GetCurrDataCounter                   0x08004de7   Thumb Code     6  stm32f4xx_dma.o(.text)
    DMA_DoubleBufferModeConfig               0x08004ded   Thumb Code    22  stm32f4xx_dma.o(.text)
    DMA_DoubleBufferModeCmd                  0x08004e03   Thumb Code    20  stm32f4xx_dma.o(.text)
    DMA_MemoryTargetConfig                   0x08004e17   Thumb Code    10  stm32f4xx_dma.o(.text)
    DMA_GetCurrentMemoryTarget               0x08004e21   Thumb Code    14  stm32f4xx_dma.o(.text)
    DMA_GetCmdStatus                         0x08004e2f   Thumb Code    14  stm32f4xx_dma.o(.text)
    DMA_GetFIFOStatus                        0x08004e3d   Thumb Code     8  stm32f4xx_dma.o(.text)
    DMA_GetFlagStatus                        0x08004e45   Thumb Code    42  stm32f4xx_dma.o(.text)
    DMA_ClearFlag                            0x08004e6f   Thumb Code    34  stm32f4xx_dma.o(.text)
    DMA_ITConfig                             0x08004e91   Thumb Code    44  stm32f4xx_dma.o(.text)
    DMA_GetITStatus                          0x08004ebd   Thumb Code    70  stm32f4xx_dma.o(.text)
    DMA_ClearITPendingBit                    0x08004f03   Thumb Code    34  stm32f4xx_dma.o(.text)
    EXTI_DeInit                              0x08004f45   Thumb Code    28  stm32f4xx_exti.o(.text)
    EXTI_Init                                0x08004f61   Thumb Code   108  stm32f4xx_exti.o(.text)
    EXTI_StructInit                          0x08004fcd   Thumb Code    14  stm32f4xx_exti.o(.text)
    EXTI_GenerateSWInterrupt                 0x08004fdb   Thumb Code    12  stm32f4xx_exti.o(.text)
    EXTI_GetFlagStatus                       0x08004fe7   Thumb Code    18  stm32f4xx_exti.o(.text)
    EXTI_ClearFlag                           0x08004ff9   Thumb Code     8  stm32f4xx_exti.o(.text)
    EXTI_GetITStatus                         0x08005001   Thumb Code    28  stm32f4xx_exti.o(.text)
    EXTI_ClearITPendingBit                   0x0800501d   Thumb Code     8  stm32f4xx_exti.o(.text)
    TIM_DeInit                               0x0800502d   Thumb Code   284  stm32f4xx_tim.o(.text)
    TIM_TimeBaseInit                         0x08005149   Thumb Code    96  stm32f4xx_tim.o(.text)
    TIM_TimeBaseStructInit                   0x080051a9   Thumb Code    18  stm32f4xx_tim.o(.text)
    TIM_PrescalerConfig                      0x080051bb   Thumb Code     6  stm32f4xx_tim.o(.text)
    TIM_CounterModeConfig                    0x080051c1   Thumb Code    12  stm32f4xx_tim.o(.text)
    TIM_SetCounter                           0x080051cd   Thumb Code     4  stm32f4xx_tim.o(.text)
    TIM_SetAutoreload                        0x080051d1   Thumb Code     4  stm32f4xx_tim.o(.text)
    TIM_GetCounter                           0x080051d5   Thumb Code     4  stm32f4xx_tim.o(.text)
    TIM_GetPrescaler                         0x080051d9   Thumb Code     4  stm32f4xx_tim.o(.text)
    TIM_UpdateDisableConfig                  0x080051dd   Thumb Code    20  stm32f4xx_tim.o(.text)
    TIM_UpdateRequestConfig                  0x080051f1   Thumb Code    20  stm32f4xx_tim.o(.text)
    TIM_ARRPreloadConfig                     0x08005205   Thumb Code    20  stm32f4xx_tim.o(.text)
    TIM_SelectOnePulseMode                   0x08005219   Thumb Code    16  stm32f4xx_tim.o(.text)
    TIM_SetClockDivision                     0x08005229   Thumb Code    16  stm32f4xx_tim.o(.text)
    TIM_Cmd                                  0x08005239   Thumb Code    20  stm32f4xx_tim.o(.text)
    TIM_OC1Init                              0x0800524d   Thumb Code    88  stm32f4xx_tim.o(.text)
    TIM_OC2Init                              0x080052a5   Thumb Code   120  stm32f4xx_tim.o(.text)
    TIM_OC3Init                              0x0800531d   Thumb Code   116  stm32f4xx_tim.o(.text)
    TIM_OC4Init                              0x08005391   Thumb Code    88  stm32f4xx_tim.o(.text)
    TIM_OCStructInit                         0x080053e9   Thumb Code    20  stm32f4xx_tim.o(.text)
    TIM_SelectOCxM                           0x080053fd   Thumb Code   130  stm32f4xx_tim.o(.text)
    TIM_SetCompare1                          0x0800547f   Thumb Code     4  stm32f4xx_tim.o(.text)
    TIM_SetCompare2                          0x08005483   Thumb Code     4  stm32f4xx_tim.o(.text)
    TIM_SetCompare3                          0x08005487   Thumb Code     4  stm32f4xx_tim.o(.text)
    TIM_SetCompare4                          0x0800548b   Thumb Code     4  stm32f4xx_tim.o(.text)
    TIM_ForcedOC1Config                      0x0800548f   Thumb Code    12  stm32f4xx_tim.o(.text)
    TIM_ForcedOC2Config                      0x0800549b   Thumb Code    20  stm32f4xx_tim.o(.text)
    TIM_ForcedOC3Config                      0x080054af   Thumb Code    12  stm32f4xx_tim.o(.text)
    TIM_ForcedOC4Config                      0x080054bb   Thumb Code    20  stm32f4xx_tim.o(.text)
    TIM_OC1PreloadConfig                     0x080054cf   Thumb Code    12  stm32f4xx_tim.o(.text)
    TIM_OC2PreloadConfig                     0x080054db   Thumb Code    20  stm32f4xx_tim.o(.text)
    TIM_OC3PreloadConfig                     0x080054ef   Thumb Code    12  stm32f4xx_tim.o(.text)
    TIM_OC4PreloadConfig                     0x080054fb   Thumb Code    20  stm32f4xx_tim.o(.text)
    TIM_OC1FastConfig                        0x0800550f   Thumb Code    12  stm32f4xx_tim.o(.text)
    TIM_OC2FastConfig                        0x0800551b   Thumb Code    20  stm32f4xx_tim.o(.text)
    TIM_OC3FastConfig                        0x0800552f   Thumb Code    12  stm32f4xx_tim.o(.text)
    TIM_OC4FastConfig                        0x0800553b   Thumb Code    20  stm32f4xx_tim.o(.text)
    TIM_ClearOC1Ref                          0x0800554f   Thumb Code    12  stm32f4xx_tim.o(.text)
    TIM_ClearOC2Ref                          0x0800555b   Thumb Code    20  stm32f4xx_tim.o(.text)
    TIM_ClearOC3Ref                          0x0800556f   Thumb Code    12  stm32f4xx_tim.o(.text)
    TIM_ClearOC4Ref                          0x0800557b   Thumb Code    20  stm32f4xx_tim.o(.text)
    TIM_OC1PolarityConfig                    0x0800558f   Thumb Code    12  stm32f4xx_tim.o(.text)
    TIM_OC1NPolarityConfig                   0x0800559b   Thumb Code    12  stm32f4xx_tim.o(.text)
    TIM_OC2PolarityConfig                    0x080055a7   Thumb Code    20  stm32f4xx_tim.o(.text)
    TIM_OC2NPolarityConfig                   0x080055bb   Thumb Code    20  stm32f4xx_tim.o(.text)
    TIM_OC3PolarityConfig                    0x080055cf   Thumb Code    20  stm32f4xx_tim.o(.text)
    TIM_OC3NPolarityConfig                   0x080055e3   Thumb Code    20  stm32f4xx_tim.o(.text)
    TIM_OC4PolarityConfig                    0x080055f7   Thumb Code    20  stm32f4xx_tim.o(.text)
    TIM_CCxCmd                               0x0800560b   Thumb Code    22  stm32f4xx_tim.o(.text)
    TIM_CCxNCmd                              0x08005621   Thumb Code    22  stm32f4xx_tim.o(.text)
    TIM_SetIC4Prescaler                      0x08005637   Thumb Code    24  stm32f4xx_tim.o(.text)
    TIM_SetIC3Prescaler                      0x0800564f   Thumb Code    16  stm32f4xx_tim.o(.text)
    TIM_SetIC2Prescaler                      0x0800565f   Thumb Code    24  stm32f4xx_tim.o(.text)
    TIM_SetIC1Prescaler                      0x080056ad   Thumb Code    16  stm32f4xx_tim.o(.text)
    TIM_ICInit                               0x080056bd   Thumb Code   164  stm32f4xx_tim.o(.text)
    TIM_ICStructInit                         0x08005761   Thumb Code    16  stm32f4xx_tim.o(.text)
    TIM_PWMIConfig                           0x08005771   Thumb Code   104  stm32f4xx_tim.o(.text)
    TIM_GetCapture1                          0x080057d9   Thumb Code     4  stm32f4xx_tim.o(.text)
    TIM_GetCapture2                          0x080057dd   Thumb Code     4  stm32f4xx_tim.o(.text)
    TIM_GetCapture3                          0x080057e1   Thumb Code     4  stm32f4xx_tim.o(.text)
    TIM_GetCapture4                          0x080057e5   Thumb Code     4  stm32f4xx_tim.o(.text)
    TIM_BDTRConfig                           0x080057e9   Thumb Code    34  stm32f4xx_tim.o(.text)
    TIM_BDTRStructInit                       0x0800580b   Thumb Code    18  stm32f4xx_tim.o(.text)
    TIM_CtrlPWMOutputs                       0x0800581d   Thumb Code    22  stm32f4xx_tim.o(.text)
    TIM_SelectCOM                            0x08005833   Thumb Code    20  stm32f4xx_tim.o(.text)
    TIM_CCPreloadControl                     0x08005847   Thumb Code    20  stm32f4xx_tim.o(.text)
    TIM_ITConfig                             0x0800585b   Thumb Code    16  stm32f4xx_tim.o(.text)
    TIM_GenerateEvent                        0x0800586b   Thumb Code     4  stm32f4xx_tim.o(.text)
    TIM_GetFlagStatus                        0x0800586f   Thumb Code    14  stm32f4xx_tim.o(.text)
    TIM_ClearFlag                            0x0800587d   Thumb Code     6  stm32f4xx_tim.o(.text)
    TIM_GetITStatus                          0x08005883   Thumb Code    24  stm32f4xx_tim.o(.text)
    TIM_ClearITPendingBit                    0x0800589b   Thumb Code     6  stm32f4xx_tim.o(.text)
    TIM_DMAConfig                            0x080058a1   Thumb Code     8  stm32f4xx_tim.o(.text)
    TIM_DMACmd                               0x080058a9   Thumb Code    16  stm32f4xx_tim.o(.text)
    TIM_SelectCCDMA                          0x080058b9   Thumb Code    20  stm32f4xx_tim.o(.text)
    TIM_InternalClockConfig                  0x080058cd   Thumb Code    10  stm32f4xx_tim.o(.text)
    TIM_SelectInputTrigger                   0x080058d7   Thumb Code    12  stm32f4xx_tim.o(.text)
    TIM_ITRxExternalClockConfig              0x080058e3   Thumb Code    18  stm32f4xx_tim.o(.text)
    TIM_TIxExternalClockConfig               0x080058f5   Thumb Code    46  stm32f4xx_tim.o(.text)
    TIM_ETRConfig                            0x08005923   Thumb Code    24  stm32f4xx_tim.o(.text)
    TIM_ETRClockMode1Config                  0x0800593b   Thumb Code    18  stm32f4xx_tim.o(.text)
    TIM_ETRClockMode2Config                  0x0800594d   Thumb Code    18  stm32f4xx_tim.o(.text)
    TIM_SelectOutputTrigger                  0x0800595f   Thumb Code    16  stm32f4xx_tim.o(.text)
    TIM_SelectSlaveMode                      0x0800596f   Thumb Code    16  stm32f4xx_tim.o(.text)
    TIM_SelectMasterSlaveMode                0x0800597f   Thumb Code    16  stm32f4xx_tim.o(.text)
    TIM_EncoderInterfaceConfig               0x0800598f   Thumb Code    50  stm32f4xx_tim.o(.text)
    TIM_SelectHallSensor                     0x080059c1   Thumb Code    20  stm32f4xx_tim.o(.text)
    TIM_RemapConfig                          0x080059d5   Thumb Code     6  stm32f4xx_tim.o(.text)
    USART_DeInit                             0x08005a09   Thumb Code   114  stm32f4xx_usart.o(.text)
    USART_Init                               0x08005a7b   Thumb Code   164  stm32f4xx_usart.o(.text)
    USART_StructInit                         0x08005b1f   Thumb Code    22  stm32f4xx_usart.o(.text)
    USART_ClockInit                          0x08005b35   Thumb Code    28  stm32f4xx_usart.o(.text)
    USART_ClockStructInit                    0x08005b51   Thumb Code    12  stm32f4xx_usart.o(.text)
    USART_Cmd                                0x08005b5d   Thumb Code    20  stm32f4xx_usart.o(.text)
    USART_SetPrescaler                       0x08005b71   Thumb Code    16  stm32f4xx_usart.o(.text)
    USART_OverSampling8Cmd                   0x08005b81   Thumb Code    20  stm32f4xx_usart.o(.text)
    USART_OneBitMethodCmd                    0x08005b95   Thumb Code    20  stm32f4xx_usart.o(.text)
    USART_SendData                           0x08005ba9   Thumb Code     8  stm32f4xx_usart.o(.text)
    USART_ReceiveData                        0x08005bb1   Thumb Code     8  stm32f4xx_usart.o(.text)
    USART_SetAddress                         0x08005bb9   Thumb Code    16  stm32f4xx_usart.o(.text)
    USART_ReceiverWakeUpCmd                  0x08005bc9   Thumb Code    20  stm32f4xx_usart.o(.text)
    USART_WakeUpConfig                       0x08005bdd   Thumb Code    16  stm32f4xx_usart.o(.text)
    USART_LINBreakDetectLengthConfig         0x08005bed   Thumb Code    16  stm32f4xx_usart.o(.text)
    USART_LINCmd                             0x08005bfd   Thumb Code    20  stm32f4xx_usart.o(.text)
    USART_SendBreak                          0x08005c11   Thumb Code    10  stm32f4xx_usart.o(.text)
    USART_HalfDuplexCmd                      0x08005c1b   Thumb Code    20  stm32f4xx_usart.o(.text)
    USART_SetGuardTime                       0x08005c2f   Thumb Code    16  stm32f4xx_usart.o(.text)
    USART_SmartCardCmd                       0x08005c3f   Thumb Code    20  stm32f4xx_usart.o(.text)
    USART_SmartCardNACKCmd                   0x08005c53   Thumb Code    20  stm32f4xx_usart.o(.text)
    USART_IrDAConfig                         0x08005c67   Thumb Code    16  stm32f4xx_usart.o(.text)
    USART_IrDACmd                            0x08005c77   Thumb Code    20  stm32f4xx_usart.o(.text)
    USART_DMACmd                             0x08005c8b   Thumb Code    16  stm32f4xx_usart.o(.text)
    USART_ITConfig                           0x08005c9b   Thumb Code    48  stm32f4xx_usart.o(.text)
    USART_GetFlagStatus                      0x08005ccb   Thumb Code    14  stm32f4xx_usart.o(.text)
    USART_ClearFlag                          0x08005cd9   Thumb Code     6  stm32f4xx_usart.o(.text)
    USART_GetITStatus                        0x08005cdf   Thumb Code    62  stm32f4xx_usart.o(.text)
    USART_ClearITPendingBit                  0x08005d1d   Thumb Code    12  stm32f4xx_usart.o(.text)
    SYSCFG_DeInit                            0x08005d41   Thumb Code    24  stm32f4xx_syscfg.o(.text)
    SYSCFG_MemoryRemapConfig                 0x08005d59   Thumb Code     6  stm32f4xx_syscfg.o(.text)
    SYSCFG_EXTILineConfig                    0x08005d5f   Thumb Code    42  stm32f4xx_syscfg.o(.text)
    SYSCFG_ETH_MediaInterfaceConfig          0x08005d89   Thumb Code     8  stm32f4xx_syscfg.o(.text)
    SYSCFG_CompensationCellCmd               0x08005d91   Thumb Code     6  stm32f4xx_syscfg.o(.text)
    SYSCFG_GetCompensationCellStatus         0x08005d97   Thumb Code    16  stm32f4xx_syscfg.o(.text)
    xTaskCreate                              0x08005e7b   Thumb Code    86  tasks.o(.text)
    vTaskDelete                              0x08005ed1   Thumb Code   158  tasks.o(.text)
    xTaskIncrementTick                       0x08005f6f   Thumb Code   190  tasks.o(.text)
    xTaskResumeAll                           0x0800602d   Thumb Code   186  tasks.o(.text)
    vTaskSuspendAll                          0x0800614d   Thumb Code    10  tasks.o(.text)
    vTaskDelayUntil                          0x08006157   Thumb Code   146  tasks.o(.text)
    vTaskDelay                               0x080061e9   Thumb Code    66  tasks.o(.text)
    uxTaskPriorityGet                        0x0800622b   Thumb Code    24  tasks.o(.text)
    uxTaskPriorityGetFromISR                 0x08006243   Thumb Code    40  tasks.o(.text)
    vTaskPrioritySet                         0x0800626b   Thumb Code   182  tasks.o(.text)
    vTaskSwitchContext                       0x08006321   Thumb Code    82  tasks.o(.text)
    vTaskSuspend                             0x08006373   Thumb Code   172  tasks.o(.text)
    vTaskResume                              0x08006451   Thumb Code   112  tasks.o(.text)
    xTaskResumeFromISR                       0x080064c1   Thumb Code   126  tasks.o(.text)
    vTaskStartScheduler                      0x0800658f   Thumb Code   112  tasks.o(.text)
    vTaskEndScheduler                        0x080065ff   Thumb Code    24  tasks.o(.text)
    xTaskGetTickCount                        0x08006617   Thumb Code     6  tasks.o(.text)
    xTaskGetTickCountFromISR                 0x0800661d   Thumb Code    12  tasks.o(.text)
    uxTaskGetNumberOfTasks                   0x08006629   Thumb Code     6  tasks.o(.text)
    pcTaskGetName                            0x0800662f   Thumb Code    28  tasks.o(.text)
    vTaskPlaceOnEventList                    0x0800664b   Thumb Code    42  tasks.o(.text)
    vTaskPlaceOnUnorderedEventList           0x08006675   Thumb Code    74  tasks.o(.text)
    xTaskRemoveFromEventList                 0x080066bf   Thumb Code   108  tasks.o(.text)
    vTaskRemoveFromUnorderedEventList        0x0800672b   Thumb Code   106  tasks.o(.text)
    vTaskSetTimeOutState                     0x08006795   Thumb Code    44  tasks.o(.text)
    vTaskInternalSetTimeOutState             0x080067c1   Thumb Code    12  tasks.o(.text)
    xTaskCheckForTimeOut                     0x080067cd   Thumb Code   110  tasks.o(.text)
    vTaskMissedYield                         0x0800683b   Thumb Code     8  tasks.o(.text)
    xTaskGetCurrentTaskHandle                0x08006843   Thumb Code     6  tasks.o(.text)
    xTaskPriorityInherit                     0x08006849   Thumb Code   140  tasks.o(.text)
    xTaskPriorityDisinherit                  0x080068d5   Thumb Code   146  tasks.o(.text)
    vTaskPriorityDisinheritAfterTimeout      0x08006967   Thumb Code   174  tasks.o(.text)
    uxTaskResetEventItemValue                0x08006a15   Thumb Code    20  tasks.o(.text)
    pvTaskIncrementMutexHeldCount            0x08006a29   Thumb Code    18  tasks.o(.text)
    ulTaskNotifyTake                         0x08006a3b   Thumb Code    96  tasks.o(.text)
    xTaskNotifyWait                          0x08006a9b   Thumb Code   128  tasks.o(.text)
    xTaskGenericNotify                       0x08006b1b   Thumb Code   188  tasks.o(.text)
    xTaskGenericNotifyFromISR                0x08006bd7   Thumb Code   232  tasks.o(.text)
    vTaskNotifyGiveFromISR                   0x08006cbf   Thumb Code   172  tasks.o(.text)
    xTaskNotifyStateClear                    0x08006d6b   Thumb Code    46  tasks.o(.text)
    vListInitialise                          0x08006e65   Thumb Code    22  list.o(.text)
    vListInitialiseItem                      0x08006e7b   Thumb Code     6  list.o(.text)
    vListInsertEnd                           0x08006e81   Thumb Code    24  list.o(.text)
    vListInsert                              0x08006e99   Thumb Code    48  list.o(.text)
    uxListRemove                             0x08006ec9   Thumb Code    38  list.o(.text)
    pvPortMalloc                             0x08006ef1   Thumb Code   170  heap_2.o(.text)
    vPortFree                                0x08006f9b   Thumb Code    56  heap_2.o(.text)
    xPortGetFreeHeapSize                     0x08006fd3   Thumb Code     6  heap_2.o(.text)
    vPortInitialiseBlocks                    0x08006fd9   Thumb Code     2  heap_2.o(.text)
    pxPortInitialiseStack                    0x0800700d   Thumb Code    32  port.o(.text)
    vPortSetupTimerInterrupt                 0x0800702d   Thumb Code    32  port.o(.text)
    xPortStartScheduler                      0x0800704d   Thumb Code   154  port.o(.text)
    vPortEndScheduler                        0x080070e7   Thumb Code    28  port.o(.text)
    vPortEnterCritical                       0x08007103   Thumb Code    56  port.o(.text)
    vPortExitCritical                        0x0800713b   Thumb Code    34  port.o(.text)
    SysTick_Handler                          0x0800715d   Thumb Code    40  port.o(.text)
    vPortValidateInterruptPriority           0x08007185   Thumb Code    76  port.o(.text)
    strcat                                   0x080071e5   Thumb Code    24  strcat.o(.text)
    strncpy                                  0x080071fd   Thumb Code    24  strncpy.o(.text)
    strlen                                   0x08007215   Thumb Code    14  strlen.o(.text)
    strcmp                                   0x08007223   Thumb Code    28  strcmp.o(.text)
    __aeabi_fadd                             0x0800723f   Thumb Code   164  fadd.o(.text)
    __aeabi_fsub                             0x080072e3   Thumb Code     6  fadd.o(.text)
    __aeabi_frsub                            0x080072e9   Thumb Code     6  fadd.o(.text)
    __aeabi_fmul                             0x080072ef   Thumb Code   100  fmul.o(.text)
    __aeabi_fdiv                             0x08007353   Thumb Code   124  fdiv.o(.text)
    __ARM_scalbnf                            0x080073cf   Thumb Code    24  fscalb.o(.text)
    scalbnf                                  0x080073cf   Thumb Code     0  fscalb.o(.text)
    __aeabi_dadd                             0x080073e7   Thumb Code   322  dadd.o(.text)
    __aeabi_dsub                             0x08007529   Thumb Code     6  dadd.o(.text)
    __aeabi_drsub                            0x0800752f   Thumb Code     6  dadd.o(.text)
    __aeabi_dmul                             0x08007535   Thumb Code   228  dmul.o(.text)
    __aeabi_ddiv                             0x08007619   Thumb Code   222  ddiv.o(.text)
    __ARM_scalbn                             0x080076f7   Thumb Code    46  dscalb.o(.text)
    scalbn                                   0x080076f7   Thumb Code     0  dscalb.o(.text)
    __aeabi_i2f                              0x08007725   Thumb Code    18  fflti.o(.text)
    __aeabi_i2d                              0x08007737   Thumb Code    34  dflti.o(.text)
    __aeabi_f2iz                             0x08007759   Thumb Code    50  ffixi.o(.text)
    __aeabi_d2iz                             0x0800778b   Thumb Code    62  dfixi.o(.text)
    __aeabi_f2d                              0x080077c9   Thumb Code    38  f2d.o(.text)
    __aeabi_d2f                              0x080077ef   Thumb Code    56  d2f.o(.text)
    __aeabi_cfcmpeq                          0x08007829   Thumb Code     0  cfcmple.o(.text)
    __aeabi_cfcmple                          0x08007829   Thumb Code    20  cfcmple.o(.text)
    __aeabi_cfrcmple                         0x0800783d   Thumb Code    20  cfrcmple.o(.text)
    __aeabi_uidiv                            0x08007851   Thumb Code     0  uidiv.o(.text)
    __aeabi_uidivmod                         0x08007851   Thumb Code    44  uidiv.o(.text)
    __aeabi_llsl                             0x0800787d   Thumb Code    30  llshl.o(.text)
    _ll_shift_l                              0x0800787d   Thumb Code     0  llshl.o(.text)
    __aeabi_llsr                             0x0800789b   Thumb Code    32  llushr.o(.text)
    _ll_ushift_r                             0x0800789b   Thumb Code     0  llushr.o(.text)
    __aeabi_lasr                             0x080078bb   Thumb Code    36  llsshr.o(.text)
    _ll_sshift_r                             0x080078bb   Thumb Code     0  llsshr.o(.text)
    __I$use$fp                               0x080078df   Thumb Code     0  iusefp.o(.text)
    _float_round                             0x080078df   Thumb Code    18  fepilogue.o(.text)
    _float_epilogue                          0x080078f1   Thumb Code    92  fepilogue.o(.text)
    _double_round                            0x0800794d   Thumb Code    30  depilogue.o(.text)
    _double_epilogue                         0x0800796b   Thumb Code   156  depilogue.o(.text)
    _dsqrt                                   0x08007a07   Thumb Code   162  dsqrt.o(.text)
    __aeabi_cdcmpeq                          0x08007aa9   Thumb Code     0  cdcmple.o(.text)
    __aeabi_cdcmple                          0x08007aa9   Thumb Code    48  cdcmple.o(.text)
    __aeabi_cdrcmple                         0x08007ad9   Thumb Code    48  cdrcmple.o(.text)
    __scatterload                            0x08007b09   Thumb Code    28  init.o(.text)
    __scatterload_rt2                        0x08007b09   Thumb Code     0  init.o(.text)
    __aeabi_ui2d                             0x08007b2d   Thumb Code    26  dfltui.o(.text)
    __decompress                             0x08007b47   Thumb Code     0  __dczerorl2.o(.text)
    __decompress1                            0x08007b47   Thumb Code    86  __dczerorl2.o(.text)
    __0snprintf$1                            0x08007b9d   Thumb Code    48  printf1.o(i.__0snprintf$1)
    __1snprintf$1                            0x08007b9d   Thumb Code     0  printf1.o(i.__0snprintf$1)
    __2snprintf                              0x08007b9d   Thumb Code     0  printf1.o(i.__0snprintf$1)
    __0sprintf$1                             0x08007bd1   Thumb Code    34  printf1.o(i.__0sprintf$1)
    __1sprintf$1                             0x08007bd1   Thumb Code     0  printf1.o(i.__0sprintf$1)
    __2sprintf                               0x08007bd1   Thumb Code     0  printf1.o(i.__0sprintf$1)
    __ARM_fpclassify                         0x08007bf9   Thumb Code    40  fpclassify.o(i.__ARM_fpclassify)
    __ieee754_rem_pio2                       0x08007c21   Thumb Code   828  rred.o(i.__ieee754_rem_pio2)
    __kernel_cos                             0x08007fa9   Thumb Code   230  cos_i.o(i.__kernel_cos)
    __kernel_poly                            0x080080a5   Thumb Code   170  poly.o(i.__kernel_poly)
    __kernel_sin                             0x08008151   Thumb Code   224  sin_i.o(i.__kernel_sin)
    __mathlib_dbl_infnan                     0x0800823d   Thumb Code     6  dunder.o(i.__mathlib_dbl_infnan)
    __mathlib_dbl_infnan2                    0x08008243   Thumb Code     4  dunder.o(i.__mathlib_dbl_infnan2)
    __mathlib_dbl_invalid                    0x08008247   Thumb Code    12  dunder.o(i.__mathlib_dbl_invalid)
    __mathlib_dbl_overflow                   0x08008253   Thumb Code    14  dunder.o(i.__mathlib_dbl_overflow)
    __mathlib_dbl_underflow                  0x08008261   Thumb Code    10  dunder.o(i.__mathlib_dbl_underflow)
    __scatterload_copy                       0x08008271   Thumb Code    14  handlers.o(i.__scatterload_copy)
    __scatterload_null                       0x0800827f   Thumb Code     2  handlers.o(i.__scatterload_null)
    __scatterload_zeroinit                   0x08008281   Thumb Code    14  handlers.o(i.__scatterload_zeroinit)
    __set_errno                              0x08008291   Thumb Code     6  errno.o(i.__set_errno)
    atan                                     0x08008411   Thumb Code   474  atan.o(i.atan)
    atan2                                    0x08008631   Thumb Code   374  atan2.o(i.atan2)
    __mathlib_ceilf                          0x080087cd   Thumb Code     0  ceilf.o(i.ceilf)
    ceilf                                    0x080087cd   Thumb Code   110  ceilf.o(i.ceilf)
    cos                                      0x08008845   Thumb Code   148  cos.o(i.cos)
    exp                                      0x080088e1   Thumb Code   554  exp.o(i.exp)
    sqrt                                     0x08008b65   Thumb Code    76  sqrt.o(i.sqrt)
    __mathlib_zero                           0x08008df0   Data           8  qnan.o(.constdata)
    Region$$Table$$Base                      0x08008ee8   Number         0  anon$$obj.o(Region$$Table)
    Region$$Table$$Limit                     0x08008f08   Number         0  anon$$obj.o(Region$$Table)
    phaseFlag2                               0x20000000   Data           1  stm32f4xx_it.o(.data)
    phaseFlag3                               0x20000001   Data           1  stm32f4xx_it.o(.data)
    pulseWidth1                              0x20000004   Data           4  stm32f4xx_it.o(.data)
    pulseWidth2                              0x20000008   Data           4  stm32f4xx_it.o(.data)
    pulseWidth3                              0x2000000c   Data           4  stm32f4xx_it.o(.data)
    timerStart2                              0x20000010   Data           4  stm32f4xx_it.o(.data)
    timerStart3                              0x20000014   Data           4  stm32f4xx_it.o(.data)
    HMI_Data_Ready                           0x20000019   Data           1  main.o(.data)
    send_data                                0x2000001a   Data           1  main.o(.data)
    flag_R1                                  0x2000001b   Data           1  main.o(.data)
    flag_R2                                  0x2000001c   Data           1  main.o(.data)
    flag_X                                   0x2000001d   Data           1  main.o(.data)
    flag_O                                   0x2000001e   Data           1  main.o(.data)
    flag_VUONG                               0x2000001f   Data           1  main.o(.data)
    flag_TAM_GIAC                            0x20000020   Data           1  main.o(.data)
    flag_HOME                                0x20000021   Data           1  main.o(.data)
    cam_bien_da_nhan                         0x20000022   Data           1  main.o(.data)
    data_tx_gyro                             0x20000024   Data           1  main.o(.data)
    en_gyro                                  0x20000025   Data           1  main.o(.data)
    RC1                                      0x20000026   Data           2  main.o(.data)
    RC2                                      0x20000028   Data           2  main.o(.data)
    RC3                                      0x2000002a   Data           2  main.o(.data)
    RX_Count                                 0x2000002c   Data           2  main.o(.data)
    bien_nang                                0x2000002e   Data           2  main.o(.data)
    IMU                                      0x20000030   Data           2  main.o(.data)
    HUONG_LG                                 0x20000032   Data           2  main.o(.data)
    IMU_Y                                    0x20000034   Data           2  main.o(.data)
    _MOTOR_LOCK                              0x20000036   Data           2  main.o(.data)
    kt                                       0x20000038   Data           2  main.o(.data)
    laser_truoc                              0x2000003a   Data           2  main.o(.data)
    laser_2                                  0x2000003c   Data           2  main.o(.data)
    laser_3                                  0x2000003e   Data           2  main.o(.data)
    laser_4                                  0x20000040   Data           2  main.o(.data)
    laser_5                                  0x20000042   Data           2  main.o(.data)
    GIA_TOC_XOAY_MAT                         0x20000044   Data           4  main.o(.data)
    GIA_TOC_XOAY_HUONG                       0x20000048   Data           4  main.o(.data)
    Dc_Trai_Xoay_Trai                        0x2000004c   Data           4  main.o(.data)
    Dc_Phai_Xoay_Trai                        0x20000050   Data           4  main.o(.data)
    Dc_Sau_Xoay_Trai                         0x20000054   Data           4  main.o(.data)
    Dc_Trai_Xoay_Phai                        0x20000058   Data           4  main.o(.data)
    Dc_Phai_Xoay_Phai                        0x2000005c   Data           4  main.o(.data)
    Dc_Sau_Xoay_Phai                         0x20000060   Data           4  main.o(.data)
    nho_IMU                                  0x20000064   Data           4  main.o(.data)
    chay_xoay                                0x20000068   Data           4  main.o(.data)
    dma_busy                                 0x20000074   Data           4  main.o(.data)
    TOC_DO_DAT                               0x20000078   Data           4  main.o(.data)
    CHAY_VA_XOAY                             0x2000007c   Data           4  main.o(.data)
    GIA_TOC                                  0x20000080   Data           4  main.o(.data)
    TOC_DO                                   0x20000084   Data           4  main.o(.data)
    HUONG                                    0x20000088   Data           4  main.o(.data)
    MAT_ROBOT                                0x2000008c   Data           4  main.o(.data)
    goc_banh_trai                            0x20000090   Data           4  main.o(.data)
    goc_banh_phai                            0x20000094   Data           4  main.o(.data)
    goc_banh_sau                             0x20000098   Data           4  main.o(.data)
    servo_value_trai                         0x2000009c   Data           4  main.o(.data)
    servo_value_sau                          0x200000a0   Data           4  main.o(.data)
    servo_value_phai                         0x200000a4   Data           4  main.o(.data)
    nang_chan_trai                           0x200000a8   Data           4  main.o(.data)
    nang_vitme                               0x200000ac   Data           4  main.o(.data)
    nang_chan_sau                            0x200000b0   Data           4  main.o(.data)
    nang_chan_phai                           0x200000b4   Data           4  main.o(.data)
    _GOC_TRAI_CX                             0x200000b8   Data           4  main.o(.data)
    _GOC_PHAI_CX                             0x200000bc   Data           4  main.o(.data)
    _GOC_SAU_CX                              0x200000c0   Data           4  main.o(.data)
    _GOC_LECH_ROBO                           0x200000c4   Data           4  main.o(.data)
    _TOC_DO_BT                               0x200000c8   Data           4  main.o(.data)
    _TOC_DO_BP                               0x200000cc   Data           4  main.o(.data)
    _TOC_DO_BS                               0x200000d0   Data           4  main.o(.data)
    num_over_t1                              0x200000d4   Data           4  main.o(.data)
    num_over_t2                              0x200000d8   Data           4  main.o(.data)
    num_over_t3                              0x200000dc   Data           4  main.o(.data)
    num_over_t4                              0x200000e0   Data           4  main.o(.data)
    num_over_t5                              0x200000e4   Data           4  main.o(.data)
    HMI_LOOP                                 0x200000e8   Data           4  main.o(.data)
    goc_banh_trai_cu                         0x200000ec   Data           4  main.o(.data)
    goc_banh_phai_cu                         0x200000f0   Data           4  main.o(.data)
    goc_banh_sau_cu                          0x200000f4   Data           4  main.o(.data)
    HUONG_GAME                               0x200000f8   Data           4  main.o(.data)
    HUONG_GAME_CT                            0x200000fc   Data           4  main.o(.data)
    HUONG_NGIENG                             0x20000100   Data           4  main.o(.data)
    HUONG_NGIENG_L                           0x20000104   Data           4  main.o(.data)
    XOAY                                     0x20000108   Data           4  main.o(.data)
    MOTOR_LOCK                               0x2000010c   Data           4  main.o(.data)
    HUONG_BAN_DAU                            0x20000110   Data           4  main.o(.data)
    IMU_BAN_DAU                              0x20000114   Data           4  main.o(.data)
    tang_toc_giam_toc                        0x20000118   Data           4  main.o(.data)
    huong_chay                               0x2000011c   Data           4  main.o(.data)
    BIT_NHO_CHAY                             0x20000120   Data           4  main.o(.data)
    toc_p                                    0x20000124   Data           4  main.o(.data)
    gt                                       0x20000128   Data           4  main.o(.data)
    sai_so_laze                              0x2000012c   Data           4  main.o(.data)
    DATA_SPEED                               0x20000130   Data          60  main.o(.data)
    t7                                       0x2000016c   Data           4  main.o(.data)
    BEN_NGAT                                 0x20000170   Data           4  main.o(.data)
    IMU_X                                    0x20000174   Data           2  main.o(.data)
    ENCODER_HALL                             0x20000178   Data           4  main.o(.data)
    SystemCoreClock                          0x2000017c   Data           4  system_stm32f4xx.o(.data)
    AHBPrescTable                            0x20000180   Data          16  system_stm32f4xx.o(.data)
    pxCurrentTCB                             0x200001a0   Data           4  tasks.o(.data)
    HMI_Data                                 0x20000204   Data          12  main.o(.bss)
    buf                                      0x20000210   Data         150  main.o(.bss)
    ky_tu_1                                  0x200002a6   Data          40  main.o(.bss)
    ky_tu_2                                  0x200002ce   Data          40  main.o(.bss)
    Buffer_HMI                               0x200002f6   Data         150  main.o(.bss)
    _ADC1_Value                              0x2000038c   Data          28  main.o(.bss)
    _ADC1_Filtered                           0x200003a8   Data          28  main.o(.bss)
    servo_tx_buf                             0x200009c8   Data          33  main.o(.bss)
    dma_tx_all                               0x200009e9   Data          33  main.o(.bss)
    RX_USART1                                0x20000a0a   Data          15  main.o(.bss)
    GP_BTN                                   0x20000a19   Data          15  main.o(.bss)
    MANG_GAME                                0x20000a28   Data          15  main.o(.bss)
    RX_Buffer                                0x20000a37   Data         128  main.o(.bss)
    RX_USART6                                0x20000ab7   Data          15  main.o(.bss)
    __initial_sp                             0x20013b90   Data           0  startup_stm32f4xx.o(STACK)



==============================================================================

Memory Map of the image

  Image Entry point : 0x08000189

  Load Region LR_IROM1 (Base: 0x08000000, Size: 0x0000910c, Max: 0x00080000, ABSOLUTE, COMPRESSED[0x00008f74])

    Execution Region ER_IROM1 (Exec base: 0x08000000, Load base: 0x08000000, Size: 0x00008f08, Max: 0x00080000, ABSOLUTE)

    Exec Addr    Load Addr    Size         Type   Attr      Idx    E Section Name        Object

    0x08000000   0x08000000   0x00000188   Data   RO          418    RESET               startup_stm32f4xx.o
    0x08000188   0x08000188   0x00000000   Code   RO          834  * .ARM.Collect$$$$00000000  mc_w.l(entry.o)
    0x08000188   0x08000188   0x00000004   Code   RO         1185    .ARM.Collect$$$$00000001  mc_w.l(entry2.o)
    0x0800018c   0x0800018c   0x00000004   Code   RO         1188    .ARM.Collect$$$$00000004  mc_w.l(entry5.o)
    0x08000190   0x08000190   0x00000000   Code   RO         1190    .ARM.Collect$$$$00000008  mc_w.l(entry7b.o)
    0x08000190   0x08000190   0x00000000   Code   RO         1192    .ARM.Collect$$$$0000000A  mc_w.l(entry8b.o)
    0x08000190   0x08000190   0x00000008   Code   RO         1193    .ARM.Collect$$$$0000000B  mc_w.l(entry9a.o)
    0x08000198   0x08000198   0x00000004   Code   RO         1200    .ARM.Collect$$$$0000000E  mc_w.l(entry12b.o)
    0x0800019c   0x0800019c   0x00000000   Code   RO         1195    .ARM.Collect$$$$0000000F  mc_w.l(entry10a.o)
    0x0800019c   0x0800019c   0x00000000   Code   RO         1197    .ARM.Collect$$$$00000011  mc_w.l(entry11a.o)
    0x0800019c   0x0800019c   0x00000004   Code   RO         1186    .ARM.Collect$$$$00002712  mc_w.l(entry2.o)
    0x080001a0   0x080001a0   0x00000096   Code   RO          762    .emb_text           port.o
    0x08000236   0x08000236   0x00000002   PAD
    0x08000238   0x08000238   0x000004d8   Code   RO            2    .text               stm32f4xx_it.o
    0x08000710   0x08000710   0x00003994   Code   RO          145    .text               main.o
    0x080040a4   0x080040a4   0x00000170   Code   RO          395    .text               system_stm32f4xx.o
    0x08004214   0x08004214   0x00000024   Code   RO          419    .text               startup_stm32f4xx.o
    0x08004238   0x08004238   0x000000b0   Code   RO          424    .text               misc.o
    0x080042e8   0x080042e8   0x00000218   Code   RO          440    .text               stm32f4xx_gpio.o
    0x08004500   0x08004500   0x000003d0   Code   RO          456    .text               stm32f4xx_rcc.o
    0x080048d0   0x080048d0   0x00000354   Code   RO          474    .text               stm32f4xx_adc.o
    0x08004c24   0x08004c24   0x00000320   Code   RO          490    .text               stm32f4xx_dma.o
    0x08004f44   0x08004f44   0x000000e8   Code   RO          506    .text               stm32f4xx_exti.o
    0x0800502c   0x0800502c   0x000009dc   Code   RO          538    .text               stm32f4xx_tim.o
    0x08005a08   0x08005a08   0x00000338   Code   RO          555    .text               stm32f4xx_usart.o
    0x08005d40   0x08005d40   0x00000078   Code   RO          571    .text               stm32f4xx_syscfg.o
    0x08005db8   0x08005db8   0x000010ac   Code   RO          650    .text               tasks.o
    0x08006e64   0x08006e64   0x0000008a   Code   RO          704    .text               list.o
    0x08006eee   0x08006eee   0x00000002   PAD
    0x08006ef0   0x08006ef0   0x000000f8   Code   RO          744    .text               heap_2.o
    0x08006fe8   0x08006fe8   0x000001fc   Code   RO          763    .text               port.o
    0x080071e4   0x080071e4   0x00000018   Code   RO          839    .text               mc_w.l(strcat.o)
    0x080071fc   0x080071fc   0x00000018   Code   RO          841    .text               mc_w.l(strncpy.o)
    0x08007214   0x08007214   0x0000000e   Code   RO          843    .text               mc_w.l(strlen.o)
    0x08007222   0x08007222   0x0000001c   Code   RO          845    .text               mc_w.l(strcmp.o)
    0x0800723e   0x0800723e   0x000000b0   Code   RO         1110    .text               mf_w.l(fadd.o)
    0x080072ee   0x080072ee   0x00000064   Code   RO         1112    .text               mf_w.l(fmul.o)
    0x08007352   0x08007352   0x0000007c   Code   RO         1114    .text               mf_w.l(fdiv.o)
    0x080073ce   0x080073ce   0x00000018   Code   RO         1116    .text               mf_w.l(fscalb.o)
    0x080073e6   0x080073e6   0x0000014e   Code   RO         1118    .text               mf_w.l(dadd.o)
    0x08007534   0x08007534   0x000000e4   Code   RO         1120    .text               mf_w.l(dmul.o)
    0x08007618   0x08007618   0x000000de   Code   RO         1122    .text               mf_w.l(ddiv.o)
    0x080076f6   0x080076f6   0x0000002e   Code   RO         1124    .text               mf_w.l(dscalb.o)
    0x08007724   0x08007724   0x00000012   Code   RO         1126    .text               mf_w.l(fflti.o)
    0x08007736   0x08007736   0x00000022   Code   RO         1128    .text               mf_w.l(dflti.o)
    0x08007758   0x08007758   0x00000032   Code   RO         1130    .text               mf_w.l(ffixi.o)
    0x0800778a   0x0800778a   0x0000003e   Code   RO         1132    .text               mf_w.l(dfixi.o)
    0x080077c8   0x080077c8   0x00000026   Code   RO         1134    .text               mf_w.l(f2d.o)
    0x080077ee   0x080077ee   0x00000038   Code   RO         1136    .text               mf_w.l(d2f.o)
    0x08007826   0x08007826   0x00000002   PAD
    0x08007828   0x08007828   0x00000014   Code   RO         1138    .text               mf_w.l(cfcmple.o)
    0x0800783c   0x0800783c   0x00000014   Code   RO         1140    .text               mf_w.l(cfrcmple.o)
    0x08007850   0x08007850   0x0000002c   Code   RO         1204    .text               mc_w.l(uidiv.o)
    0x0800787c   0x0800787c   0x0000001e   Code   RO         1208    .text               mc_w.l(llshl.o)
    0x0800789a   0x0800789a   0x00000020   Code   RO         1210    .text               mc_w.l(llushr.o)
    0x080078ba   0x080078ba   0x00000024   Code   RO         1212    .text               mc_w.l(llsshr.o)
    0x080078de   0x080078de   0x00000000   Code   RO         1221    .text               mc_w.l(iusefp.o)
    0x080078de   0x080078de   0x0000006e   Code   RO         1222    .text               mf_w.l(fepilogue.o)
    0x0800794c   0x0800794c   0x000000ba   Code   RO         1224    .text               mf_w.l(depilogue.o)
    0x08007a06   0x08007a06   0x000000a2   Code   RO         1226    .text               mf_w.l(dsqrt.o)
    0x08007aa8   0x08007aa8   0x00000030   Code   RO         1230    .text               mf_w.l(cdcmple.o)
    0x08007ad8   0x08007ad8   0x00000030   Code   RO         1232    .text               mf_w.l(cdrcmple.o)
    0x08007b08   0x08007b08   0x00000024   Code   RO         1234    .text               mc_w.l(init.o)
    0x08007b2c   0x08007b2c   0x0000001a   Code   RO         1238    .text               mf_w.l(dfltui.o)
    0x08007b46   0x08007b46   0x00000056   Code   RO         1248    .text               mc_w.l(__dczerorl2.o)
    0x08007b9c   0x08007b9c   0x00000034   Code   RO          895    i.__0snprintf$1     mc_w.l(printf1.o)
    0x08007bd0   0x08007bd0   0x00000028   Code   RO          896    i.__0sprintf$1      mc_w.l(printf1.o)
    0x08007bf8   0x08007bf8   0x00000028   Code   RO         1169    i.__ARM_fpclassify  m_ws.l(fpclassify.o)
    0x08007c20   0x08007c20   0x00000388   Code   RO         1174    i.__ieee754_rem_pio2  m_ws.l(rred.o)
    0x08007fa8   0x08007fa8   0x000000fc   Code   RO         1152    i.__kernel_cos      m_ws.l(cos_i.o)
    0x080080a4   0x080080a4   0x000000aa   Code   RO         1171    i.__kernel_poly     m_ws.l(poly.o)
    0x0800814e   0x0800814e   0x00000002   PAD
    0x08008150   0x08008150   0x000000ec   Code   RO         1179    i.__kernel_sin      m_ws.l(sin_i.o)
    0x0800823c   0x0800823c   0x00000006   Code   RO         1156    i.__mathlib_dbl_infnan  m_ws.l(dunder.o)
    0x08008242   0x08008242   0x00000004   Code   RO         1157    i.__mathlib_dbl_infnan2  m_ws.l(dunder.o)
    0x08008246   0x08008246   0x0000000c   Code   RO         1158    i.__mathlib_dbl_invalid  m_ws.l(dunder.o)
    0x08008252   0x08008252   0x0000000e   Code   RO         1159    i.__mathlib_dbl_overflow  m_ws.l(dunder.o)
    0x08008260   0x08008260   0x00000010   Code   RO         1161    i.__mathlib_dbl_underflow  m_ws.l(dunder.o)
    0x08008270   0x08008270   0x0000000e   Code   RO         1242    i.__scatterload_copy  mc_w.l(handlers.o)
    0x0800827e   0x0800827e   0x00000002   Code   RO         1243    i.__scatterload_null  mc_w.l(handlers.o)
    0x08008280   0x08008280   0x0000000e   Code   RO         1244    i.__scatterload_zeroinit  mc_w.l(handlers.o)
    0x0800828e   0x0800828e   0x00000002   PAD
    0x08008290   0x08008290   0x0000000c   Code   RO         1216    i.__set_errno       mc_w.l(errno.o)
    0x0800829c   0x0800829c   0x00000154   Code   RO          901    i._printf_core      mc_w.l(printf1.o)
    0x080083f0   0x080083f0   0x00000016   Code   RO          902    i._snputc           mc_w.l(printf1.o)
    0x08008406   0x08008406   0x0000000a   Code   RO          903    i._sputc            mc_w.l(printf1.o)
    0x08008410   0x08008410   0x00000220   Code   RO         1143    i.atan              m_ws.l(atan.o)
    0x08008630   0x08008630   0x0000019c   Code   RO          797    i.atan2             m_ws.l(atan2.o)
    0x080087cc   0x080087cc   0x00000078   Code   RO          805    i.ceilf             m_ws.l(ceilf.o)
    0x08008844   0x08008844   0x0000009c   Code   RO          809    i.cos               m_ws.l(cos.o)
    0x080088e0   0x080088e0   0x00000284   Code   RO          817    i.exp               m_ws.l(exp.o)
    0x08008b64   0x08008b64   0x0000004c   Code   RO          827    i.sqrt              m_ws.l(sqrt.o)
    0x08008bb0   0x08008bb0   0x00000120   Data   RO          153    .constdata          main.o
    0x08008cd0   0x08008cd0   0x00000058   Data   RO          818    .constdata          m_ws.l(exp.o)
    0x08008d28   0x08008d28   0x00000098   Data   RO         1144    .constdata          m_ws.l(atan.o)
    0x08008dc0   0x08008dc0   0x00000030   Data   RO         1153    .constdata          m_ws.l(cos_i.o)
    0x08008df0   0x08008df0   0x00000008   Data   RO         1173    .constdata          m_ws.l(qnan.o)
    0x08008df8   0x08008df8   0x000000c8   Data   RO         1176    .constdata          m_ws.l(rred.o)
    0x08008ec0   0x08008ec0   0x00000028   Data   RO         1180    .constdata          m_ws.l(sin_i.o)
    0x08008ee8   0x08008ee8   0x00000020   Data   RO         1240    Region$$Table       anon$$obj.o


    Execution Region RW_IRAM1 (Exec base: 0x20000000, Load base: 0x08008f08, Size: 0x00013b90, Max: 0x00020000, ABSOLUTE, COMPRESSED[0x0000006c])

    Exec Addr    Load Addr    Size         Type   Attr      Idx    E Section Name        Object

    0x20000000   COMPRESSED   0x00000018   Data   RW            5    .data               stm32f4xx_it.o
    0x20000018   COMPRESSED   0x00000154   Data   RW          154    .data               main.o
    0x2000016c   COMPRESSED   0x00000004   Data   RW          209    .data               main.o
    0x20000170   COMPRESSED   0x00000004   Data   RW          210    .data               main.o
    0x20000174   COMPRESSED   0x00000002   Data   RW          221    .data               main.o
    0x20000176   COMPRESSED   0x00000002   PAD
    0x20000178   COMPRESSED   0x00000004   Data   RW          226    .data               main.o
    0x2000017c   COMPRESSED   0x00000014   Data   RW          396    .data               system_stm32f4xx.o
    0x20000190   COMPRESSED   0x00000010   Data   RW          457    .data               stm32f4xx_rcc.o
    0x200001a0   COMPRESSED   0x0000003c   Data   RW          652    .data               tasks.o
    0x200001dc   COMPRESSED   0x00000018   Data   RW          746    .data               heap_2.o
    0x200001f4   COMPRESSED   0x0000000c   Data   RW          764    .data               port.o
    0x20000200   COMPRESSED   0x00000004   Data   RW         1217    .data               mc_w.l(errno.o)
    0x20000204        -       0x000008c2   Zero   RW          146    .bss                main.o
    0x20000ac6   COMPRESSED   0x00000002   PAD
    0x20000ac8        -       0x000000c8   Zero   RW          651    .bss                tasks.o
    0x20000b90        -       0x00012c00   Zero   RW          745    .bss                heap_2.o
    0x20013790        -       0x00000400   Zero   RW          416    STACK               startup_stm32f4xx.o


==============================================================================

Image component sizes


      Code (inc. data)   RO Data    RW Data    ZI Data      Debug   Object Name

       248         14          0         24      76800       3384   heap_2.o
       138          0          0          0          0       7338   list.o
     14740       1222        288        354       2242     315414   main.o
       176         12          0          0          0       2057   misc.o
       658         32          0         12          0       8757   port.o
        36          8        392          0       1024        936   startup_stm32f4xx.o
       852         20          0          0          0      10802   stm32f4xx_adc.o
       800         32          0          0          0       6977   stm32f4xx_dma.o
       232          8          0          0          0       2559   stm32f4xx_exti.o
       536         38          0          0          0       4413   stm32f4xx_gpio.o
      1240        154          0         24          0     296342   stm32f4xx_it.o
       976         36          0         16          0      11559   stm32f4xx_rcc.o
       120         18          0          0          0       1723   stm32f4xx_syscfg.o
      2524         52          0          0          0      23050   stm32f4xx_tim.o
       824         24          0          0          0       8172   stm32f4xx_usart.o
       368         36          0         20          0       2007   system_stm32f4xx.o
      4268         76          0         60        200      36219   tasks.o

    ----------------------------------------------------------------------
     28740       1782        712        512      80268     741709   Object Totals
         0          0         32          0          0          0   (incl. Generated)
         4          0          0          2          2          0   (incl. Padding)

    ----------------------------------------------------------------------

      Code (inc. data)   RO Data    RW Data    ZI Data      Debug   Library Member Name

       544         70        152          0          0        124   atan.o
       412         38          0          0          0        144   atan2.o
       120         10          0          0          0         84   ceilf.o
       156          8          0          0          0        104   cos.o
       252         22         48          0          0        124   cos_i.o
        52          6          0          0          0        340   dunder.o
       644         90         88          0          0        204   exp.o
        40          0          0          0          0         68   fpclassify.o
       170          0          0          0          0         96   poly.o
         0          0          8          0          0          0   qnan.o
       904         76        200          0          0        140   rred.o
       236         12         40          0          0        128   sin_i.o
        76          0          0          0          0         84   sqrt.o
        86          0          0          0          0          0   __dczerorl2.o
         0          0          0          0          0          0   entry.o
         0          0          0          0          0          0   entry10a.o
         0          0          0          0          0          0   entry11a.o
         4          0          0          0          0          0   entry12b.o
         8          4          0          0          0          0   entry2.o
         4          0          0          0          0          0   entry5.o
         0          0          0          0          0          0   entry7b.o
         0          0          0          0          0          0   entry8b.o
         8          4          0          0          0          0   entry9a.o
        12          6          0          4          0         68   errno.o
        30          0          0          0          0          0   handlers.o
        36          8          0          0          0         68   init.o
         0          0          0          0          0          0   iusefp.o
        30          0          0          0          0         68   llshl.o
        36          0          0          0          0         68   llsshr.o
        32          0          0          0          0         68   llushr.o
       464         14          0          0          0        408   printf1.o
        24          0          0          0          0         68   strcat.o
        28          0          0          0          0         76   strcmp.o
        14          0          0          0          0         68   strlen.o
        24          0          0          0          0         76   strncpy.o
        44          0          0          0          0         80   uidiv.o
        48          0          0          0          0         68   cdcmple.o
        48          0          0          0          0         68   cdrcmple.o
        20          0          0          0          0         68   cfcmple.o
        20          0          0          0          0         68   cfrcmple.o
        56          0          0          0          0         88   d2f.o
       334          0          0          0          0        148   dadd.o
       222          0          0          0          0        100   ddiv.o
       186          0          0          0          0        176   depilogue.o
        62          0          0          0          0         80   dfixi.o
        34          0          0          0          0         76   dflti.o
        26          0          0          0          0         76   dfltui.o
       228          0          0          0          0         96   dmul.o
        46          0          0          0          0         80   dscalb.o
       162          0          0          0          0        100   dsqrt.o
        38          0          0          0          0         68   f2d.o
       176          0          0          0          0        140   fadd.o
       124          0          0          0          0         88   fdiv.o
       110          0          0          0          0        168   fepilogue.o
        50          0          0          0          0         68   ffixi.o
        18          0          0          0          0         68   fflti.o
       100          0          0          0          0         76   fmul.o
        24          0          0          0          0         68   fscalb.o

    ----------------------------------------------------------------------
      6628        368        536          4          0       4792   Library Totals
         6          0          0          0          0          0   (incl. Padding)

    ----------------------------------------------------------------------

      Code (inc. data)   RO Data    RW Data    ZI Data      Debug   Library Name

      3606        332        536          0          0       1640   m_ws.l
       884         36          0          4          0       1116   mc_w.l
      2132          0          0          0          0       2036   mf_w.l

    ----------------------------------------------------------------------
      6628        368        536          4          0       4792   Library Totals

    ----------------------------------------------------------------------

==============================================================================


      Code (inc. data)   RO Data    RW Data    ZI Data      Debug   

     35368       2150       1248        516      80268     740857   Grand Totals
     35368       2150       1248        108      80268     740857   ELF Image Totals (compressed)
     35368       2150       1248        108          0          0   ROM Totals

==============================================================================

    Total RO  Size (Code + RO Data)                36616 (  35.76kB)
    Total RW  Size (RW Data + ZI Data)             80784 (  78.89kB)
    Total ROM Size (Code + RO Data + RW Data)      36724 (  35.86kB)

==============================================================================

