Component: ARM Compiler 5.06 update 7 (build 960) Tool: armlink [4d3601]

==============================================================================

Section Cross References

    stm32f4xx_it.o(.text) refers to stm32f4xx_usart.o(.text) for USART_GetITStatus
    stm32f4xx_it.o(.text) refers to stm32f4xx_dma.o(.text) for DMA_ClearITPendingBit
    stm32f4xx_it.o(.text) refers to main.o(.text) for Truyenthong
    stm32f4xx_it.o(.text) refers to stm32f4xx_tim.o(.text) for TIM_ClearITPendingBit
    stm32f4xx_it.o(.text) refers to stm32f4xx_exti.o(.text) for EXTI_GetITStatus
    stm32f4xx_it.o(.text) refers to stm32f4xx_gpio.o(.text) for GPIO_ToggleBits
    stm32f4xx_it.o(.text) refers to main.o(.bss) for RX_USART1
    stm32f4xx_it.o(.text) refers to main.o(.data) for IMU
    main.o(.text) refers to strlen.o(.text) for strlen
    main.o(.text) refers to strcmp.o(.text) for strcmp
    main.o(.text) refers to strncpy.o(.text) for strncpy
    main.o(.text) refers to stm32f4xx_dma.o(.text) for DMA_Cmd
    main.o(.text) refers to stm32f4xx_usart.o(.text) for USART_SendData
    main.o(.text) refers to printf3.o(i.__0snprintf$3) for __2snprintf
    main.o(.text) refers to printf3.o(i.__0sprintf$3) for __2sprintf
    main.o(.text) refers to strcat.o(.text) for strcat
    main.o(.text) refers to stm32f4xx_tim.o(.text) for TIM_GetCounter
    main.o(.text) refers to dflti.o(.text) for __aeabi_i2d
    main.o(.text) refers to ddiv.o(.text) for __aeabi_ddiv
    main.o(.text) refers to dfixi.o(.text) for __aeabi_d2iz
    main.o(.text) refers to main.o(.bss) for Buffer_HMI
    main.o(.text) refers to main.o(.data) for num_over_t5
    main.o(.text) refers to stm32f4xx_rcc.o(.text) for RCC_AHB1PeriphClockCmd
    main.o(.text) refers to stm32f4xx_gpio.o(.text) for GPIO_Init
    main.o(.text) refers to misc.o(.text) for NVIC_PriorityGroupConfig
    main.o(.text) refers to stm32f4xx_adc.o(.text) for ADC_CommonInit
    main.o(.text) refers to stm32f4xx_syscfg.o(.text) for SYSCFG_EXTILineConfig
    main.o(.text) refers to stm32f4xx_exti.o(.text) for EXTI_Init
    main.o(.text) refers to fmod.o(i.__hardfp_fmod) for __hardfp_fmod
    main.o(.text) refers to dadd.o(.text) for __aeabi_dsub
    main.o(.text) refers to dmul.o(.text) for __aeabi_dmul
    main.o(.text) refers to d2f.o(.text) for __aeabi_d2f
    main.o(.text) refers to powf.o(i.__hardfp_powf) for __hardfp_powf
    main.o(.text) refers to sqrtf.o(i.__hardfp_sqrtf) for __hardfp_sqrtf
    main.o(.text) refers to sinf.o(i.__hardfp_sinf) for __hardfp_sinf
    main.o(.text) refers to cosf.o(i.__hardfp_cosf) for __hardfp_cosf
    main.o(.text) refers to atan2f.o(i.__hardfp_atan2f) for __hardfp_atan2f
    main.o(.text) refers to f2d.o(.text) for __aeabi_f2d
    main.o(.text) refers to tasks.o(.text) for vTaskDelay
    system_stm32f4xx.o(.text) refers to system_stm32f4xx.o(.data) for SystemCoreClock
    startup_stm32f4xx.o(RESET) refers to startup_stm32f4xx.o(STACK) for __initial_sp
    startup_stm32f4xx.o(RESET) refers to startup_stm32f4xx.o(.text) for Reset_Handler
    startup_stm32f4xx.o(RESET) refers to stm32f4xx_it.o(.text) for NMI_Handler
    startup_stm32f4xx.o(RESET) refers to port.o(.emb_text) for SVC_Handler
    startup_stm32f4xx.o(RESET) refers to port.o(.text) for SysTick_Handler
    startup_stm32f4xx.o(.text) refers to system_stm32f4xx.o(.text) for SystemInit
    startup_stm32f4xx.o(.text) refers to entry.o(.ARM.Collect$$$$00000000) for __main
    stm32f4xx_gpio.o(.text) refers to stm32f4xx_rcc.o(.text) for RCC_AHB1PeriphResetCmd
    stm32f4xx_rcc.o(.text) refers to stm32f4xx_rcc.o(.data) for APBAHBPrescTable
    stm32f4xx_adc.o(.text) refers to stm32f4xx_rcc.o(.text) for RCC_APB2PeriphResetCmd
    stm32f4xx_spi.o(.text) refers to stm32f4xx_rcc.o(.text) for RCC_APB2PeriphResetCmd
    stm32f4xx_tim.o(.text) refers to stm32f4xx_rcc.o(.text) for RCC_APB2PeriphResetCmd
    stm32f4xx_usart.o(.text) refers to stm32f4xx_rcc.o(.text) for RCC_APB2PeriphResetCmd
    stm32f4xx_syscfg.o(.text) refers to stm32f4xx_rcc.o(.text) for RCC_APB2PeriphResetCmd
    stm32f4xx_i2c.o(.text) refers to stm32f4xx_rcc.o(.text) for RCC_APB1PeriphResetCmd
    croutine.o(.text) refers to list.o(.text) for vListInitialise
    croutine.o(.text) refers to heap_2.o(.text) for pvPortMalloc
    croutine.o(.text) refers to port.o(.emb_text) for ulPortSetInterruptMask
    croutine.o(.text) refers to tasks.o(.text) for xTaskGetTickCount
    croutine.o(.text) refers to croutine.o(.bss) for pxReadyCoRoutineLists
    croutine.o(.text) refers to croutine.o(.data) for pxDelayedCoRoutineList
    queue.o(.text) refers to port.o(.emb_text) for ulPortSetInterruptMask
    queue.o(.text) refers to port.o(.text) for vPortEnterCritical
    queue.o(.text) refers to tasks.o(.text) for xTaskRemoveFromEventList
    queue.o(.text) refers to list.o(.text) for vListInitialise
    queue.o(.text) refers to heap_2.o(.text) for pvPortMalloc
    queue.o(.text) refers to memcpya.o(.text) for __aeabi_memcpy
[...]
    HMI_DMI                                  0x0800063d   Thumb Code   166  main.o(.text)
    HMI_PUTS                                 0x080006e3   Thumb Code   160  main.o(.text)
    HMI_PUT_j                                0x08000783   Thumb Code    26  main.o(.text)
    HMI_DMI_CHI_GUI_SO                       0x0800079d   Thumb Code   156  main.o(.text)
    gp_update_uart                           0x08000839   Thumb Code    86  main.o(.text)
    gp_get_mode_uart                         0x0800088f   Thumb Code    30  main.o(.text)
    wantExit                                 0x080008ad   Thumb Code    14  main.o(.text)
    ENCODER_FL                               0x080008bb   Thumb Code   228  main.o(.text)
    ENCODER_FR                               0x0800099f   Thumb Code   148  main.o(.text)
    ENCODER_RL                               0x08000a33   Thumb Code   144  main.o(.text)
    ENCODER_RR                               0x08000ac3   Thumb Code   146  main.o(.text)
    delay_us                                 0x08000b55   Thumb Code    34  main.o(.text)
    delay_ms                                 0x08000b77   Thumb Code    34  main.o(.text)
    Config_out_mode                          0x08000b99   Thumb Code   126  main.o(.text)
    Config_in_mode                           0x08000c17   Thumb Code   102  main.o(.text)
    Config_int_time6                         0x08000c7d   Thumb Code   112  main.o(.text)
    Config_int_time7                         0x08000ced   Thumb Code   112  main.o(.text)
    Config_pwm_time_t8                       0x08000d5d   Thumb Code   258  main.o(.text)
    Config_pwm_time_t5                       0x08000e5f   Thumb Code   206  main.o(.text)
    Config_pwm_time_t4                       0x08000f2d   Thumb Code   204  main.o(.text)
    Config_pwm_time_t9                       0x08000ff9   Thumb Code   188  main.o(.text)
    Config_encoder_timer2_timer3             0x080010b5   Thumb Code   430  main.o(.text)
    Config_encoder_timer1                    0x08001263   Thumb Code   246  main.o(.text)
    Config_encoder_timer4                    0x08001359   Thumb Code   244  main.o(.text)
    Config_encoder_timer5                    0x0800144d   Thumb Code   242  main.o(.text)
    Config_ADC1_DMA                          0x0800153f   Thumb Code   392  main.o(.text)
    Config_int_uart1_rx                      0x080016c7   Thumb Code    40  main.o(.text)
    UART1_DMA_RX                             0x080016ef   Thumb Code   274  main.o(.text)
    UART2_DMA_TX                             0x08001801   Thumb Code   282  main.o(.text)
    UART3_DMA_RX                             0x0800191b   Thumb Code   338  main.o(.text)
    UART4_DMA_RX                             0x08001a6d   Thumb Code   282  main.o(.text)
    UART5_DMA_TX                             0x08001b87   Thumb Code   314  main.o(.text)
    UART6_DMA_RX                             0x08001cc1   Thumb Code   272  main.o(.text)
    Truyenthong                              0x08001dd1   Thumb Code    34  main.o(.text)
    ngat_ngoai                               0x08001df3   Thumb Code   112  main.o(.text)
    SEND_UART                                0x08001e63   Thumb Code   174  main.o(.text)
    RESET_ENCODER_CHAY                       0x08001f11   Thumb Code    20  main.o(.text)
    RESET_ENCODER                            0x08001f25   Thumb Code    46  main.o(.text)
    RESET_ENCODER_XOAY                       0x08001f53   Thumb Code    14  main.o(.text)
    RESET_ENCODER_BAN                        0x08001f61   Thumb Code    12  main.o(.text)
    run_read_gyro_uart1                      0x08001f6d   Thumb Code    46  main.o(.text)
    run_read_gyro_uart3                      0x08001f9b   Thumb Code    46  main.o(.text)
    HMI_TRAN                                 0x08001fc9   Thumb Code  1176  main.o(.text)
    DATA_SPEED_RUN_LOOP                      0x08002461   Thumb Code    12  main.o(.text)
    HMI_RUN_LOOP                             0x0800246d   Thumb Code    40  main.o(.text)
    Curent_angle_4_wheel                     0x08002495   Thumb Code    36  main.o(.text)
    close_angle                              0x080024b9   Thumb Code   216  main.o(.text)
    motorMinFix                              0x08002591   Thumb Code    20  main.o(.text)
    setMotor                                 0x080025a5   Thumb Code   240  main.o(.text)
    SetRotateMotor                           0x08002695   Thumb Code    20  main.o(.text)
    setAllMotor                              0x080026a9   Thumb Code    12  main.o(.text)
    robotIsStop                              0x080026b5   Thumb Code    40  main.o(.text)
    robotLock                                0x080026dd   Thumb Code     8  main.o(.text)
    robotIsRun                               0x080026e5   Thumb Code    20  main.o(.text)
    robotResetIMU                            0x080026f9   Thumb Code     8  main.o(.text)
    robotAngle                               0x08002701   Thumb Code    10  main.o(.text)
    roundF                                   0x0800270b   Thumb Code    50  main.o(.text)
    fixMotorValue                            0x0800273d   Thumb Code   176  main.o(.text)
    absF                                     0x080027ed   Thumb Code    26  main.o(.text)
    absI                                     0x08002807   Thumb Code    14  main.o(.text)
    giaToc                                   0x08002815   Thumb Code   188  main.o(.text)
    maxF4                                    0x080028d1   Thumb Code   142  main.o(.text)
    robotSpeed                               0x0800295f   Thumb Code     6  main.o(.text)
    robotFixAngle                            0x08002965   Thumb Code     6  main.o(.text)
    swervecalculatemotor                     0x0800296b   Thumb Code   820  main.o(.text)
    calculateMotor                           0x08002c9f   Thumb Code   810  main.o(.text)
    robotStop                                0x08002fc9   Thumb Code    82  main.o(.text)
    robotRotateStop                          0x0800301b   Thumb Code    70  main.o(.text)
    robotSetACC                              0x08003061   Thumb Code    14  main.o(.text)
    robotCurve                               0x0800306f   Thumb Code   102  main.o(.text)
    robotRotate                              0x080030d5   Thumb Code   296  main.o(.text)
    robotRotateFree                          0x080031fd   Thumb Code    32  main.o(.text)
    robotRun                                 0x0800321d   Thumb Code    20  main.o(.text)
    robotRunAngle                            0x08003231   Thumb Code   264  main.o(.text)
    robotAngleAnalytics                      0x08003339   Thumb Code   138  main.o(.text)
    robotDirectionAnalytics                  0x080033c3   Thumb Code   746  main.o(.text)
    ac_Stop                                  0x080036ad   Thumb Code   114  main.o(.text)
    ac_SpeedACC                              0x0800371f   Thumb Code    32  main.o(.text)
    robotAnalytics                           0x0800373f   Thumb Code   350  main.o(.text)
    updateLazeValue                          0x0800389d   Thumb Code    20  main.o(.text)
    luu_bien_laze                            0x080038b1   Thumb Code    36  main.o(.text)
    tinhLucBan                               0x080038d5   Thumb Code   100  main.o(.text)
    Danh_sach_ban                            0x08003939   Thumb Code   164  main.o(.text)
    ADCValue_Control                         0x080039dd   Thumb Code   568  main.o(.text)
    Nang_ha_bo_ban                           0x08003c15   Thumb Code    88  main.o(.text)
    banbong                                  0x08003c6d   Thumb Code   120  main.o(.text)
    banbong_tu_dong                          0x08003ce5   Thumb Code   130  main.o(.text)
    test_gocban                              0x08003d67   Thumb Code    18  main.o(.text)
    Re_Bong                                  0x08003d79   Thumb Code   428  main.o(.text)
    Lay_bong                                 0x08003f25   Thumb Code   150  main.o(.text)
    lay                                      0x08003fbb   Thumb Code    54  main.o(.text)
    dua_bong                                 0x08003ff1   Thumb Code    44  main.o(.text)
    banxoay                                  0x0800401d   Thumb Code    88  main.o(.text)
    nangcam                                  0x08004075   Thumb Code    80  main.o(.text)
    nang_ha_nong_ban                         0x080040c5   Thumb Code   164  main.o(.text)
    Giu_Nong_Ban                             0x08004169   Thumb Code   216  main.o(.text)
    Xoay_Nong_Ban                            0x08004241   Thumb Code   168  main.o(.text)
    test_nang_ha_nong_ban                    0x080042e9   Thumb Code   164  main.o(.text)
    Xoay_nong                                0x0800438d   Thumb Code   106  main.o(.text)
    xoay_goc_tu_dong                         0x080043f7   Thumb Code    18  main.o(.text)
    ban_bong                                 0x08004409   Thumb Code   138  main.o(.text)
    ban                                      0x08004493   Thumb Code    44  main.o(.text)
    Test_Xoay                                0x080044bf   Thumb Code    88  main.o(.text)
    nap_bong                                 0x08004517   Thumb Code   120  main.o(.text)
    reset_ham                                0x0800458f   Thumb Code    64  main.o(.text)
    Ban_Bong_Can_Luc                         0x080045cf   Thumb Code   148  main.o(.text)
    Xoay_nong_tu_chinh                       0x08004663   Thumb Code    88  main.o(.text)
    TinhToanLucBan                           0x080046bb   Thumb Code   106  main.o(.text)
    All_Data_Power                           0x08004725   Thumb Code   636  main.o(.text)
    robotGamePadControl                      0x080049a1   Thumb Code   778  main.o(.text)
    Home_wheel_RL_Out                        0x08004cab   Thumb Code    40  main.o(.text)
    Home_wheel_RL                            0x08004cd3   Thumb Code   100  main.o(.text)
    Home_wheel_RR_Out                        0x08004d37   Thumb Code    40  main.o(.text)
    Home_wheel_RR                            0x08004d5f   Thumb Code    94  main.o(.text)
    Home_wheel_FL_Out                        0x08004dbd   Thumb Code    40  main.o(.text)
    Home_wheel_FL                            0x08004de5   Thumb Code   100  main.o(.text)
    Home_wheel_FR_Out                        0x08004e49   Thumb Code    40  main.o(.text)
    Home_wheel_FR                            0x08004e71   Thumb Code    96  main.o(.text)
    Rear_Left_Angle                          0x08004ed1   Thumb Code   120  main.o(.text)
    Rear_Right_Angle                         0x08004f49   Thumb Code   120  main.o(.text)
    Front_Left_Angle                         0x08004fc1   Thumb Code   212  main.o(.text)
    Front_Right_Angle                        0x08005095   Thumb Code   120  main.o(.text)
    main                                     0x080052e7   Thumb Code    60  main.o(.text)
    SystemInit                               0x08005481   Thumb Code    74  system_stm32f4xx.o(.text)
    SystemCoreClockUpdate                    0x080054cb   Thumb Code   174  system_stm32f4xx.o(.text)
    Reset_Handler                            0x080055a5   Thumb Code     8  startup_stm32f4xx.o(.text)
    ADC_IRQHandler                           0x080055bf   Thumb Code     0  startup_stm32f4xx.o(.text)
    CAN1_RX0_IRQHandler                      0x080055bf   Thumb Code     0  startup_stm32f4xx.o(.text)
    CAN1_RX1_IRQHandler                      0x080055bf   Thumb Code     0  startup_stm32f4xx.o(.text)
    CAN1_SCE_IRQHandler                      0x080055bf   Thumb Code     0  startup_stm32f4xx.o(.text)
    CAN1_TX_IRQHandler                       0x080055bf   Thumb Code     0  startup_stm32f4xx.o(.text)
    CAN2_RX0_IRQHandler                      0x080055bf   Thumb Code     0  startup_stm32f4xx.o(.text)
    CAN2_RX1_IRQHandler                      0x080055bf   Thumb Code     0  startup_stm32f4xx.o(.text)
    CAN2_SCE_IRQHandler                      0x080055bf   Thumb Code     0  startup_stm32f4xx.o(.text)
    CAN2_TX_IRQHandler                       0x080055bf   Thumb Code     0  startup_stm32f4xx.o(.text)
    CRYP_IRQHandler                          0x080055bf   Thumb Code     0  startup_stm32f4xx.o(.text)
    DCMI_IRQHandler                          0x080055bf   Thumb Code     0  startup_stm32f4xx.o(.text)
    DMA1_Stream3_IRQHandler                  0x080055bf   Thumb Code     0  startup_stm32f4xx.o(.text)
    DMA1_Stream5_IRQHandler                  0x080055bf   Thumb Code     0  startup_stm32f4xx.o(.text)
    DMA2_Stream0_IRQHandler                  0x080055bf   Thumb Code     0  startup_stm32f4xx.o(.text)
    DMA2_Stream3_IRQHandler                  0x080055bf   Thumb Code     0  startup_stm32f4xx.o(.text)
    DMA2_Stream4_IRQHandler                  0x080055bf   Thumb Code     0  startup_stm32f4xx.o(.text)
    DMA2_Stream6_IRQHandler                  0x080055bf   Thumb Code     0  startup_stm32f4xx.o(.text)
    DMA2_Stream7_IRQHandler                  0x080055bf   Thumb Code     0  startup_stm32f4xx.o(.text)
    ETH_IRQHandler                           0x080055bf   Thumb Code     0  startup_stm32f4xx.o(.text)
    ETH_WKUP_IRQHandler                      0x080055bf   Thumb Code     0  startup_stm32f4xx.o(.text)
    EXTI0_IRQHandler                         0x080055bf   Thumb Code     0  startup_stm32f4xx.o(.text)
    EXTI15_10_IRQHandler                     0x080055bf   Thumb Code     0  startup_stm32f4xx.o(.text)
    EXTI1_IRQHandler                         0x080055bf   Thumb Code     0  startup_stm32f4xx.o(.text)
    EXTI4_IRQHandler                         0x080055bf   Thumb Code     0  startup_stm32f4xx.o(.text)
    EXTI9_5_IRQHandler                       0x080055bf   Thumb Code     0  startup_stm32f4xx.o(.text)
    FLASH_IRQHandler                         0x080055bf   Thumb Code     0  startup_stm32f4xx.o(.text)
    FPU_IRQHandler                           0x080055bf   Thumb Code     0  startup_stm32f4xx.o(.text)
    FSMC_IRQHandler                          0x080055bf   Thumb Code     0  startup_stm32f4xx.o(.text)
    HASH_RNG_IRQHandler                      0x080055bf   Thumb Code     0  startup_stm32f4xx.o(.text)
    I2C1_ER_IRQHandler                       0x080055bf   Thumb Code     0  startup_stm32f4xx.o(.text)
    I2C1_EV_IRQHandler                       0x080055bf   Thumb Code     0  startup_stm32f4xx.o(.text)
    I2C2_ER_IRQHandler                       0x080055bf   Thumb Code     0  startup_stm32f4xx.o(.text)
    I2C2_EV_IRQHandler                       0x080055bf   Thumb Code     0  startup_stm32f4xx.o(.text)
    I2C3_ER_IRQHandler                       0x080055bf   Thumb Code     0  startup_stm32f4xx.o(.text)
    I2C3_EV_IRQHandler                       0x080055bf   Thumb Code     0  startup_stm32f4xx.o(.text)
    OTG_FS_IRQHandler                        0x080055bf   Thumb Code     0  startup_stm32f4xx.o(.text)
    OTG_FS_WKUP_IRQHandler                   0x080055bf   Thumb Code     0  startup_stm32f4xx.o(.text)
    OTG_HS_EP1_IN_IRQHandler                 0x080055bf   Thumb Code     0  startup_stm32f4xx.o(.text)
    OTG_HS_EP1_OUT_IRQHandler                0x080055bf   Thumb Code     0  startup_stm32f4xx.o(.text)
    OTG_HS_IRQHandler                        0x080055bf   Thumb Code     0  startup_stm32f4xx.o(.text)
    OTG_HS_WKUP_IRQHandler                   0x080055bf   Thumb Code     0  startup_stm32f4xx.o(.text)
    PVD_IRQHandler                           0x080055bf   Thumb Code     0  startup_stm32f4xx.o(.text)
    RCC_IRQHandler                           0x080055bf   Thumb Code     0  startup_stm32f4xx.o(.text)
    RTC_Alarm_IRQHandler                     0x080055bf   Thumb Code     0  startup_stm32f4xx.o(.text)
    RTC_WKUP_IRQHandler                      0x080055bf   Thumb Code     0  startup_stm32f4xx.o(.text)
    SDIO_IRQHandler                          0x080055bf   Thumb Code     0  startup_stm32f4xx.o(.text)
    SPI2_IRQHandler                          0x080055bf   Thumb Code     0  startup_stm32f4xx.o(.text)
    TAMP_STAMP_IRQHandler                    0x080055bf   Thumb Code     0  startup_stm32f4xx.o(.text)
    TIM1_BRK_TIM9_IRQHandler                 0x080055bf   Thumb Code     0  startup_stm32f4xx.o(.text)
    TIM1_CC_IRQHandler                       0x080055bf   Thumb Code     0  startup_stm32f4xx.o(.text)
    TIM8_BRK_TIM12_IRQHandler                0x080055bf   Thumb Code     0  startup_stm32f4xx.o(.text)
    TIM8_CC_IRQHandler                       0x080055bf   Thumb Code     0  startup_stm32f4xx.o(.text)
    TIM8_TRG_COM_TIM14_IRQHandler            0x080055bf   Thumb Code     0  startup_stm32f4xx.o(.text)
    TIM8_UP_TIM13_IRQHandler                 0x080055bf   Thumb Code     0  startup_stm32f4xx.o(.text)
    UART4_IRQHandler                         0x080055bf   Thumb Code     0  startup_stm32f4xx.o(.text)
    UART5_IRQHandler                         0x080055bf   Thumb Code     0  startup_stm32f4xx.o(.text)
    USART2_IRQHandler                        0x080055bf   Thumb Code     0  startup_stm32f4xx.o(.text)
    USART3_IRQHandler                        0x080055bf   Thumb Code     0  startup_stm32f4xx.o(.text)
    USART6_IRQHandler                        0x080055bf   Thumb Code     0  startup_stm32f4xx.o(.text)
    WWDG_IRQHandler                          0x080055bf   Thumb Code     0  startup_stm32f4xx.o(.text)
    NVIC_PriorityGroupConfig                 0x080055c9   Thumb Code    10  misc.o(.text)
    NVIC_Init                                0x080055d3   Thumb Code   106  misc.o(.text)
    NVIC_SetVectorTable                      0x0800563d   Thumb Code    14  misc.o(.text)
    NVIC_SystemLPConfig                      0x0800564b   Thumb Code    34  misc.o(.text)
    SysTick_CLKSourceConfig                  0x0800566d   Thumb Code    40  misc.o(.text)
    GPIO_DeInit                              0x080056a9   Thumb Code   220  stm32f4xx_gpio.o(.text)
    GPIO_Init                                0x08005785   Thumb Code   144  stm32f4xx_gpio.o(.text)
    GPIO_StructInit                          0x08005815   Thumb Code    18  stm32f4xx_gpio.o(.text)
    GPIO_PinLockConfig                       0x08005827   Thumb Code    34  stm32f4xx_gpio.o(.text)
    GPIO_ReadInputDataBit                    0x08005849   Thumb Code    18  stm32f4xx_gpio.o(.text)
    GPIO_ReadInputData                       0x0800585b   Thumb Code     8  stm32f4xx_gpio.o(.text)
    GPIO_ReadOutputDataBit                   0x08005863   Thumb Code    18  stm32f4xx_gpio.o(.text)
    GPIO_ReadOutputData                      0x08005875   Thumb Code     8  stm32f4xx_gpio.o(.text)
    GPIO_SetBits                             0x0800587d   Thumb Code     4  stm32f4xx_gpio.o(.text)
    GPIO_ResetBits                           0x08005881   Thumb Code     4  stm32f4xx_gpio.o(.text)
    GPIO_WriteBit                            0x08005885   Thumb Code    10  stm32f4xx_gpio.o(.text)
    GPIO_Write                               0x0800588f   Thumb Code     4  stm32f4xx_gpio.o(.text)
    GPIO_ToggleBits                          0x08005893   Thumb Code     8  stm32f4xx_gpio.o(.text)
    GPIO_PinAFConfig                         0x0800589b   Thumb Code    70  stm32f4xx_gpio.o(.text)
    RCC_DeInit                               0x08005905   Thumb Code    60  stm32f4xx_rcc.o(.text)
    RCC_HSEConfig                            0x08005941   Thumb Code    14  stm32f4xx_rcc.o(.text)
    RCC_GetFlagStatus                        0x0800594f   Thumb Code    60  stm32f4xx_rcc.o(.text)
    RCC_WaitForHSEStartUp                    0x0800598b   Thumb Code    56  stm32f4xx_rcc.o(.text)
    RCC_AdjustHSICalibrationValue            0x080059c3   Thumb Code    20  stm32f4xx_rcc.o(.text)
    RCC_HSICmd                               0x080059d7   Thumb Code     6  stm32f4xx_rcc.o(.text)
    RCC_LSEConfig                            0x080059dd   Thumb Code    46  stm32f4xx_rcc.o(.text)
    RCC_LSICmd                               0x08005a0b   Thumb Code     6  stm32f4xx_rcc.o(.text)
    RCC_PLLConfig                            0x08005a11   Thumb Code    32  stm32f4xx_rcc.o(.text)
    RCC_PLLCmd                               0x08005a31   Thumb Code     6  stm32f4xx_rcc.o(.text)
    RCC_PLLI2SConfig                         0x08005a37   Thumb Code    14  stm32f4xx_rcc.o(.text)
    RCC_PLLI2SCmd                            0x08005a45   Thumb Code     6  stm32f4xx_rcc.o(.text)
    RCC_ClockSecuritySystemCmd               0x08005a4b   Thumb Code     6  stm32f4xx_rcc.o(.text)
    RCC_MCO1Config                           0x08005a51   Thumb Code    28  stm32f4xx_rcc.o(.text)
    RCC_MCO2Config                           0x08005a6d   Thumb Code    28  stm32f4xx_rcc.o(.text)
    RCC_SYSCLKConfig                         0x08005a89   Thumb Code    20  stm32f4xx_rcc.o(.text)
    RCC_GetSYSCLKSource                      0x08005a9d   Thumb Code    12  stm32f4xx_rcc.o(.text)
    RCC_HCLKConfig                           0x08005aa9   Thumb Code    20  stm32f4xx_rcc.o(.text)
    RCC_PCLK1Config                          0x08005abd   Thumb Code    20  stm32f4xx_rcc.o(.text)
    RCC_PCLK2Config                          0x08005ad1   Thumb Code    22  stm32f4xx_rcc.o(.text)
    RCC_GetClocksFreq                        0x08005ae7   Thumb Code   222  stm32f4xx_rcc.o(.text)
    RCC_RTCCLKConfig                         0x08005bc5   Thumb Code    54  stm32f4xx_rcc.o(.text)
    RCC_RTCCLKCmd                            0x08005bfb   Thumb Code     8  stm32f4xx_rcc.o(.text)
    RCC_BackupResetCmd                       0x08005c03   Thumb Code     8  stm32f4xx_rcc.o(.text)
    RCC_I2SCLKConfig                         0x08005c0b   Thumb Code     6  stm32f4xx_rcc.o(.text)
    RCC_AHB1PeriphClockCmd                   0x08005c11   Thumb Code    34  stm32f4xx_rcc.o(.text)
    RCC_AHB2PeriphClockCmd                   0x08005c33   Thumb Code    34  stm32f4xx_rcc.o(.text)
    RCC_AHB3PeriphClockCmd                   0x08005c55   Thumb Code    34  stm32f4xx_rcc.o(.text)
    RCC_APB1PeriphClockCmd                   0x08005c77   Thumb Code    34  stm32f4xx_rcc.o(.text)
    RCC_APB2PeriphClockCmd                   0x08005c99   Thumb Code    34  stm32f4xx_rcc.o(.text)
    RCC_AHB1PeriphResetCmd                   0x08005cbb   Thumb Code    34  stm32f4xx_rcc.o(.text)
    RCC_AHB2PeriphResetCmd                   0x08005cdd   Thumb Code    72  stm32f4xx_rcc.o(.text)
    RCC_AHB3PeriphResetCmd                   0x08005d25   Thumb Code    34  stm32f4xx_rcc.o(.text)
    RCC_APB1PeriphResetCmd                   0x08005d47   Thumb Code    34  stm32f4xx_rcc.o(.text)
    RCC_APB2PeriphResetCmd                   0x08005d69   Thumb Code    34  stm32f4xx_rcc.o(.text)
    RCC_AHB1PeriphClockLPModeCmd             0x08005d8b   Thumb Code    34  stm32f4xx_rcc.o(.text)
    RCC_AHB2PeriphClockLPModeCmd             0x08005dad   Thumb Code    34  stm32f4xx_rcc.o(.text)
    RCC_AHB3PeriphClockLPModeCmd             0x08005dcf   Thumb Code    34  stm32f4xx_rcc.o(.text)
    RCC_APB1PeriphClockLPModeCmd             0x08005df1   Thumb Code    34  stm32f4xx_rcc.o(.text)
    RCC_APB2PeriphClockLPModeCmd             0x08005e13   Thumb Code    34  stm32f4xx_rcc.o(.text)
    RCC_ITConfig                             0x08005e35   Thumb Code    34  stm32f4xx_rcc.o(.text)
    RCC_ClearFlag                            0x08005e57   Thumb Code    18  stm32f4xx_rcc.o(.text)
    RCC_GetITStatus                          0x08005e69   Thumb Code    22  stm32f4xx_rcc.o(.text)
    RCC_ClearITPendingBit                    0x08005e7f   Thumb Code     8  stm32f4xx_rcc.o(.text)
    ADC_DeInit                               0x08005e8d   Thumb Code    22  stm32f4xx_adc.o(.text)
    ADC_Init                                 0x08005ea3   Thumb Code    74  stm32f4xx_adc.o(.text)
    ADC_StructInit                           0x08005eed   Thumb Code    20  stm32f4xx_adc.o(.text)
    ADC_CommonInit                           0x08005f01   Thumb Code    34  stm32f4xx_adc.o(.text)
    ADC_CommonStructInit                     0x08005f23   Thumb Code    12  stm32f4xx_adc.o(.text)
    ADC_Cmd                                  0x08005f2f   Thumb Code    22  stm32f4xx_adc.o(.text)
    ADC_AnalogWatchdogCmd                    0x08005f45   Thumb Code    16  stm32f4xx_adc.o(.text)
    ADC_AnalogWatchdogThresholdsConfig       0x08005f55   Thumb Code     6  stm32f4xx_adc.o(.text)
    ADC_AnalogWatchdogSingleChannelConfig    0x08005f5b   Thumb Code    16  stm32f4xx_adc.o(.text)
    ADC_TempSensorVrefintCmd                 0x08005f6b   Thumb Code    34  stm32f4xx_adc.o(.text)
    ADC_VBATCmd                              0x08005f8d   Thumb Code    34  stm32f4xx_adc.o(.text)
    ADC_RegularChannelConfig                 0x08005faf   Thumb Code   184  stm32f4xx_adc.o(.text)
    ADC_SoftwareStartConv                    0x08006067   Thumb Code    10  stm32f4xx_adc.o(.text)
    ADC_GetSoftwareStartConvStatus           0x08006071   Thumb Code    20  stm32f4xx_adc.o(.text)
    ADC_EOCOnEachRegularChannelCmd           0x08006085   Thumb Code    22  stm32f4xx_adc.o(.text)
    ADC_ContinuousModeCmd                    0x0800609b   Thumb Code    22  stm32f4xx_adc.o(.text)
    ADC_DiscModeChannelCountConfig           0x080060b1   Thumb Code    24  stm32f4xx_adc.o(.text)
    ADC_DiscModeCmd                          0x080060c9   Thumb Code    22  stm32f4xx_adc.o(.text)
    ADC_GetConversionValue                   0x080060df   Thumb Code     8  stm32f4xx_adc.o(.text)
    ADC_GetMultiModeConversionValue          0x080060e7   Thumb Code     8  stm32f4xx_adc.o(.text)
    ADC_DMACmd                               0x080060ef   Thumb Code    22  stm32f4xx_adc.o(.text)
    ADC_DMARequestAfterLastTransferCmd       0x08006105   Thumb Code    22  stm32f4xx_adc.o(.text)
    ADC_MultiModeDMARequestAfterLastTransferCmd 0x0800611b   Thumb Code    34  stm32f4xx_adc.o(.text)
    ADC_InjectedChannelConfig                0x0800613d   Thumb Code   130  stm32f4xx_adc.o(.text)
    ADC_InjectedSequencerLengthConfig        0x080061bf   Thumb Code    24  stm32f4xx_adc.o(.text)
    ADC_SetInjectedOffset                    0x080061d7   Thumb Code    20  stm32f4xx_adc.o(.text)
    ADC_ExternalTrigInjectedConvConfig       0x080061eb   Thumb Code    16  stm32f4xx_adc.o(.text)
    ADC_ExternalTrigInjectedConvEdgeConfig   0x080061fb   Thumb Code    16  stm32f4xx_adc.o(.text)
    ADC_SoftwareStartInjectedConv            0x0800620b   Thumb Code    10  stm32f4xx_adc.o(.text)
    ADC_GetSoftwareStartInjectedConvCmdStatus 0x08006215   Thumb Code    20  stm32f4xx_adc.o(.text)
    ADC_AutoInjectedConvCmd                  0x08006229   Thumb Code    22  stm32f4xx_adc.o(.text)
    ADC_InjectedDiscModeCmd                  0x0800623f   Thumb Code    22  stm32f4xx_adc.o(.text)
    ADC_GetInjectedConversionValue           0x08006255   Thumb Code    28  stm32f4xx_adc.o(.text)
    ADC_ITConfig                             0x08006271   Thumb Code    56  stm32f4xx_adc.o(.text)
    ADC_GetFlagStatus                        0x080062a9   Thumb Code    18  stm32f4xx_adc.o(.text)
    ADC_ClearFlag                            0x080062bb   Thumb Code     6  stm32f4xx_adc.o(.text)
    ADC_GetITStatus                          0x080062c1   Thumb Code    38  stm32f4xx_adc.o(.text)
    ADC_ClearITPendingBit                    0x080062e7   Thumb Code    10  stm32f4xx_adc.o(.text)
    DMA_DeInit                               0x080062f1   Thumb Code   324  stm32f4xx_dma.o(.text)
    DMA_Init                                 0x08006435   Thumb Code    82  stm32f4xx_dma.o(.text)
    DMA_StructInit                           0x08006487   Thumb Code    34  stm32f4xx_dma.o(.text)
    DMA_Cmd                                  0x080064a9   Thumb Code    22  stm32f4xx_dma.o(.text)
    DMA_PeriphIncOffsetSizeConfig            0x080064bf   Thumb Code    22  stm32f4xx_dma.o(.text)
    DMA_FlowControllerConfig                 0x080064d5   Thumb Code    22  stm32f4xx_dma.o(.text)
    DMA_SetCurrDataCounter                   0x080064eb   Thumb Code     4  stm32f4xx_dma.o(.text)
    DMA_GetCurrDataCounter                   0x080064ef   Thumb Code     8  stm32f4xx_dma.o(.text)
    DMA_DoubleBufferModeConfig               0x080064f7   Thumb Code    24  stm32f4xx_dma.o(.text)
    DMA_DoubleBufferModeCmd                  0x0800650f   Thumb Code    22  stm32f4xx_dma.o(.text)
    DMA_MemoryTargetConfig                   0x08006525   Thumb Code    10  stm32f4xx_dma.o(.text)
    DMA_GetCurrentMemoryTarget               0x0800652f   Thumb Code    20  stm32f4xx_dma.o(.text)
    DMA_GetCmdStatus                         0x08006543   Thumb Code    20  stm32f4xx_dma.o(.text)
    DMA_GetFIFOStatus                        0x08006557   Thumb Code    12  stm32f4xx_dma.o(.text)
    DMA_GetFlagStatus                        0x08006563   Thumb Code    56  stm32f4xx_dma.o(.text)
    DMA_ClearFlag                            0x0800659b   Thumb Code    40  stm32f4xx_dma.o(.text)
    DMA_ITConfig                             0x080065c3   Thumb Code    58  stm32f4xx_dma.o(.text)
    DMA_GetITStatus                          0x080065fd   Thumb Code    84  stm32f4xx_dma.o(.text)
    DMA_ClearITPendingBit                    0x08006651   Thumb Code    40  stm32f4xx_dma.o(.text)
    EXTI_DeInit                              0x08006699   Thumb Code    28  stm32f4xx_exti.o(.text)
    EXTI_Init                                0x080066b5   Thumb Code   142  stm32f4xx_exti.o(.text)
    EXTI_StructInit                          0x08006743   Thumb Code    16  stm32f4xx_exti.o(.text)
    EXTI_GenerateSWInterrupt                 0x08006753   Thumb Code    16  stm32f4xx_exti.o(.text)
    EXTI_GetFlagStatus                       0x08006763   Thumb Code    22  stm32f4xx_exti.o(.text)
    EXTI_ClearFlag                           0x08006779   Thumb Code     8  stm32f4xx_exti.o(.text)
    EXTI_GetITStatus                         0x08006781   Thumb Code    34  stm32f4xx_exti.o(.text)
    EXTI_ClearITPendingBit                   0x080067a3   Thumb Code     8  stm32f4xx_exti.o(.text)
    TIM_DeInit                               0x080067b5   Thumb Code   346  stm32f4xx_tim.o(.text)
    TIM_TimeBaseInit                         0x0800690f   Thumb Code   104  stm32f4xx_tim.o(.text)
    TIM_TimeBaseStructInit                   0x08006977   Thumb Code    18  stm32f4xx_tim.o(.text)
    TIM_PrescalerConfig                      0x08006989   Thumb Code     6  stm32f4xx_tim.o(.text)
    TIM_CounterModeConfig                    0x0800698f   Thumb Code    18  stm32f4xx_tim.o(.text)
    TIM_SetCounter                           0x080069a1   Thumb Code     4  stm32f4xx_tim.o(.text)
    TIM_SetAutoreload                        0x080069a5   Thumb Code     4  stm32f4xx_tim.o(.text)
    TIM_GetCounter                           0x080069a9   Thumb Code     6  stm32f4xx_tim.o(.text)
    TIM_GetPrescaler                         0x080069af   Thumb Code     6  stm32f4xx_tim.o(.text)
    TIM_UpdateDisableConfig                  0x080069b5   Thumb Code    24  stm32f4xx_tim.o(.text)
    TIM_UpdateRequestConfig                  0x080069cd   Thumb Code    24  stm32f4xx_tim.o(.text)
    TIM_ARRPreloadConfig                     0x080069e5   Thumb Code    24  stm32f4xx_tim.o(.text)
    TIM_SelectOnePulseMode                   0x080069fd   Thumb Code    18  stm32f4xx_tim.o(.text)
    TIM_SetClockDivision                     0x08006a0f   Thumb Code    18  stm32f4xx_tim.o(.text)
    TIM_Cmd                                  0x08006a21   Thumb Code    24  stm32f4xx_tim.o(.text)
    TIM_OC1Init                              0x08006a39   Thumb Code   114  stm32f4xx_tim.o(.text)
    TIM_OC2Init                              0x08006aab   Thumb Code   154  stm32f4xx_tim.o(.text)
    TIM_OC3Init                              0x08006b45   Thumb Code   204  stm32f4xx_tim.o(.text)
    TIM_OC4Init                              0x08006c11   Thumb Code   112  stm32f4xx_tim.o(.text)
    TIM_OCStructInit                         0x08006c81   Thumb Code    20  stm32f4xx_tim.o(.text)
    TIM_SelectOCxM                           0x08006c95   Thumb Code    86  stm32f4xx_tim.o(.text)
    TIM_SetCompare1                          0x08006ceb   Thumb Code     4  stm32f4xx_tim.o(.text)
    TIM_SetCompare2                          0x08006cef   Thumb Code     4  stm32f4xx_tim.o(.text)
    TIM_SetCompare3                          0x08006cf3   Thumb Code     4  stm32f4xx_tim.o(.text)
    TIM_SetCompare4                          0x08006cf7   Thumb Code     4  stm32f4xx_tim.o(.text)
    TIM_ForcedOC1Config                      0x08006cfb   Thumb Code    18  stm32f4xx_tim.o(.text)
    TIM_ForcedOC2Config                      0x08006d0d   Thumb Code    26  stm32f4xx_tim.o(.text)
    TIM_ForcedOC3Config                      0x08006d27   Thumb Code    18  stm32f4xx_tim.o(.text)
    TIM_ForcedOC4Config                      0x08006d39   Thumb Code    26  stm32f4xx_tim.o(.text)
    TIM_OC1PreloadConfig                     0x08006d53   Thumb Code    18  stm32f4xx_tim.o(.text)
    TIM_OC2PreloadConfig                     0x08006d65   Thumb Code    26  stm32f4xx_tim.o(.text)
    TIM_OC3PreloadConfig                     0x08006d7f   Thumb Code    18  stm32f4xx_tim.o(.text)
    TIM_OC4PreloadConfig                     0x08006d91   Thumb Code    26  stm32f4xx_tim.o(.text)
    TIM_OC1FastConfig                        0x08006dab   Thumb Code    18  stm32f4xx_tim.o(.text)
    TIM_OC2FastConfig                        0x08006dbd   Thumb Code    26  stm32f4xx_tim.o(.text)
    TIM_OC3FastConfig                        0x08006dd7   Thumb Code    18  stm32f4xx_tim.o(.text)
    TIM_OC4FastConfig                        0x08006de9   Thumb Code    26  stm32f4xx_tim.o(.text)
    TIM_ClearOC1Ref                          0x08006e03   Thumb Code    18  stm32f4xx_tim.o(.text)
    TIM_ClearOC2Ref                          0x08006e15   Thumb Code    24  stm32f4xx_tim.o(.text)
    TIM_ClearOC3Ref                          0x08006e2d   Thumb Code    18  stm32f4xx_tim.o(.text)
    TIM_ClearOC4Ref                          0x08006e3f   Thumb Code    24  stm32f4xx_tim.o(.text)
    TIM_OC1PolarityConfig                    0x08006e57   Thumb Code    18  stm32f4xx_tim.o(.text)
    TIM_OC1NPolarityConfig                   0x08006e69   Thumb Code    18  stm32f4xx_tim.o(.text)
    TIM_OC2PolarityConfig                    0x08006e7b   Thumb Code    26  stm32f4xx_tim.o(.text)
    TIM_OC2NPolarityConfig                   0x08006e95   Thumb Code    26  stm32f4xx_tim.o(.text)
    TIM_OC3PolarityConfig                    0x08006eaf   Thumb Code    26  stm32f4xx_tim.o(.text)
    TIM_OC3NPolarityConfig                   0x08006ec9   Thumb Code    26  stm32f4xx_tim.o(.text)
    TIM_OC4PolarityConfig                    0x08006ee3   Thumb Code    26  stm32f4xx_tim.o(.text)
    TIM_CCxCmd                               0x08006efd   Thumb Code    30  stm32f4xx_tim.o(.text)
    TIM_CCxNCmd                              0x08006f1b   Thumb Code    30  stm32f4xx_tim.o(.text)
    TIM_SetIC4Prescaler                      0x08006f39   Thumb Code    26  stm32f4xx_tim.o(.text)
    TIM_SetIC3Prescaler                      0x08006fa3   Thumb Code    18  stm32f4xx_tim.o(.text)
    TIM_SetIC2Prescaler                      0x08006ffd   Thumb Code    26  stm32f4xx_tim.o(.text)
    TIM_SetIC1Prescaler                      0x08007071   Thumb Code    18  stm32f4xx_tim.o(.text)
    TIM_ICInit                               0x080070bd   Thumb Code   110  stm32f4xx_tim.o(.text)
    TIM_ICStructInit                         0x0800712b   Thumb Code    18  stm32f4xx_tim.o(.text)
    TIM_PWMIConfig                           0x0800713d   Thumb Code   124  stm32f4xx_tim.o(.text)
    TIM_GetCapture1                          0x080071b9   Thumb Code     6  stm32f4xx_tim.o(.text)
    TIM_GetCapture2                          0x080071bf   Thumb Code     6  stm32f4xx_tim.o(.text)
    TIM_GetCapture3                          0x080071c5   Thumb Code     6  stm32f4xx_tim.o(.text)
    TIM_GetCapture4                          0x080071cb   Thumb Code     6  stm32f4xx_tim.o(.text)
    TIM_BDTRConfig                           0x080071d1   Thumb Code    32  stm32f4xx_tim.o(.text)
    TIM_BDTRStructInit                       0x080071f1   Thumb Code    18  stm32f4xx_tim.o(.text)
    TIM_CtrlPWMOutputs                       0x08007203   Thumb Code    30  stm32f4xx_tim.o(.text)
    TIM_SelectCOM                            0x08007221   Thumb Code    24  stm32f4xx_tim.o(.text)
    TIM_CCPreloadControl                     0x08007239   Thumb Code    24  stm32f4xx_tim.o(.text)
    TIM_ITConfig                             0x08007251   Thumb Code    18  stm32f4xx_tim.o(.text)
    TIM_GenerateEvent                        0x08007263   Thumb Code     4  stm32f4xx_tim.o(.text)
    TIM_GetFlagStatus                        0x08007267   Thumb Code    18  stm32f4xx_tim.o(.text)
    TIM_ClearFlag                            0x08007279   Thumb Code     6  stm32f4xx_tim.o(.text)
    TIM_GetITStatus                          0x0800727f   Thumb Code    34  stm32f4xx_tim.o(.text)
    TIM_ClearITPendingBit                    0x080072a1   Thumb Code     6  stm32f4xx_tim.o(.text)
    TIM_DMAConfig                            0x080072a7   Thumb Code    10  stm32f4xx_tim.o(.text)
    TIM_DMACmd                               0x080072b1   Thumb Code    18  stm32f4xx_tim.o(.text)
    TIM_SelectCCDMA                          0x080072c3   Thumb Code    24  stm32f4xx_tim.o(.text)
    TIM_InternalClockConfig                  0x080072db   Thumb Code    12  stm32f4xx_tim.o(.text)
    TIM_SelectInputTrigger                   0x080072e7   Thumb Code    18  stm32f4xx_tim.o(.text)
    TIM_ITRxExternalClockConfig              0x080072f9   Thumb Code    24  stm32f4xx_tim.o(.text)
    TIM_TIxExternalClockConfig               0x08007311   Thumb Code    62  stm32f4xx_tim.o(.text)
    TIM_ETRConfig                            0x0800734f   Thumb Code    28  stm32f4xx_tim.o(.text)
    TIM_ETRClockMode1Config                  0x0800736b   Thumb Code    54  stm32f4xx_tim.o(.text)
    TIM_ETRClockMode2Config                  0x080073a1   Thumb Code    32  stm32f4xx_tim.o(.text)
    TIM_SelectOutputTrigger                  0x080073c1   Thumb Code    18  stm32f4xx_tim.o(.text)
    TIM_SelectSlaveMode                      0x080073d3   Thumb Code    18  stm32f4xx_tim.o(.text)
    TIM_SelectMasterSlaveMode                0x080073e5   Thumb Code    18  stm32f4xx_tim.o(.text)
    TIM_EncoderInterfaceConfig               0x080073f7   Thumb Code    66  stm32f4xx_tim.o(.text)
    TIM_SelectHallSensor                     0x08007439   Thumb Code    24  stm32f4xx_tim.o(.text)
    TIM_RemapConfig                          0x08007451   Thumb Code     6  stm32f4xx_tim.o(.text)
    USART_DeInit                             0x08007459   Thumb Code   156  stm32f4xx_usart.o(.text)
    USART_Init                               0x080074f5   Thumb Code   204  stm32f4xx_usart.o(.text)
    USART_StructInit                         0x080075c1   Thumb Code    24  stm32f4xx_usart.o(.text)
    USART_ClockInit                          0x080075d9   Thumb Code    32  stm32f4xx_usart.o(.text)
    USART_ClockStructInit                    0x080075f9   Thumb Code    12  stm32f4xx_usart.o(.text)
    USART_Cmd                                0x08007605   Thumb Code    24  stm32f4xx_usart.o(.text)
    USART_SetPrescaler                       0x0800761d   Thumb Code    16  stm32f4xx_usart.o(.text)
    USART_OverSampling8Cmd                   0x0800762d   Thumb Code    22  stm32f4xx_usart.o(.text)
    USART_OneBitMethodCmd                    0x08007643   Thumb Code    24  stm32f4xx_usart.o(.text)
    USART_SendData                           0x0800765b   Thumb Code     8  stm32f4xx_usart.o(.text)
    USART_ReceiveData                        0x08007663   Thumb Code    10  stm32f4xx_usart.o(.text)
    USART_SetAddress                         0x0800766d   Thumb Code    18  stm32f4xx_usart.o(.text)
    USART_ReceiverWakeUpCmd                  0x0800767f   Thumb Code    24  stm32f4xx_usart.o(.text)
    USART_WakeUpConfig                       0x08007697   Thumb Code    18  stm32f4xx_usart.o(.text)
    USART_LINBreakDetectLengthConfig         0x080076a9   Thumb Code    18  stm32f4xx_usart.o(.text)
    USART_LINCmd                             0x080076bb   Thumb Code    24  stm32f4xx_usart.o(.text)
    USART_SendBreak                          0x080076d3   Thumb Code    10  stm32f4xx_usart.o(.text)
    USART_HalfDuplexCmd                      0x080076dd   Thumb Code    24  stm32f4xx_usart.o(.text)
    USART_SetGuardTime                       0x080076f5   Thumb Code    16  stm32f4xx_usart.o(.text)
    USART_SmartCardCmd                       0x08007705   Thumb Code    24  stm32f4xx_usart.o(.text)
    USART_SmartCardNACKCmd                   0x0800771d   Thumb Code    24  stm32f4xx_usart.o(.text)
    USART_IrDAConfig                         0x08007735   Thumb Code    18  stm32f4xx_usart.o(.text)
    USART_IrDACmd                            0x08007747   Thumb Code    24  stm32f4xx_usart.o(.text)
    USART_DMACmd                             0x0800775f   Thumb Code    18  stm32f4xx_usart.o(.text)
    USART_ITConfig                           0x08007771   Thumb Code    74  stm32f4xx_usart.o(.text)
    USART_GetFlagStatus                      0x080077bb   Thumb Code    26  stm32f4xx_usart.o(.text)
    USART_ClearFlag                          0x080077d5   Thumb Code    18  stm32f4xx_usart.o(.text)
    USART_GetITStatus                        0x080077e7   Thumb Code   110  stm32f4xx_usart.o(.text)
    USART_ClearITPendingBit                  0x08007855   Thumb Code    30  stm32f4xx_usart.o(.text)
    SYSCFG_DeInit                            0x08007875   Thumb Code    22  stm32f4xx_syscfg.o(.text)
    SYSCFG_MemoryRemapConfig                 0x0800788b   Thumb Code     6  stm32f4xx_syscfg.o(.text)
    SYSCFG_EXTILineConfig                    0x08007891   Thumb Code    66  stm32f4xx_syscfg.o(.text)
    SYSCFG_ETH_MediaInterfaceConfig          0x080078d3   Thumb Code     6  stm32f4xx_syscfg.o(.text)
    SYSCFG_CompensationCellCmd               0x080078d9   Thumb Code     6  stm32f4xx_syscfg.o(.text)
    SYSCFG_GetCompensationCellStatus         0x080078df   Thumb Code    22  stm32f4xx_syscfg.o(.text)
    vListInitialise                          0x08007901   Thumb Code    26  list.o(.text)
    vListInitialiseItem                      0x0800791b   Thumb Code     6  list.o(.text)
    vListInsertEnd                           0x08007921   Thumb Code    28  list.o(.text)
    vListInsert                              0x0800793d   Thumb Code    52  list.o(.text)
    uxListRemove                             0x08007971   Thumb Code    40  list.o(.text)
    xQueueGenericReset                       0x08007999   Thumb Code   118  queue.o(.text)
    xQueueGenericCreate                      0x08007a0f   Thumb Code    92  queue.o(.text)
    xQueueGenericSend                        0x08007b71   Thumb Code   238  queue.o(.text)
    xQueueCreateMutex                        0x08007c5f   Thumb Code    86  queue.o(.text)
    xQueueGiveMutexRecursive                 0x08007cb5   Thumb Code    56  queue.o(.text)
    xQueueGenericReceive                     0x08007d33   Thumb Code   314  queue.o(.text)
    xQueueTakeMutexRecursive                 0x08007e6d   Thumb Code    64  queue.o(.text)
    xQueueCreateCountingSemaphore            0x08007ead   Thumb Code    36  queue.o(.text)
    xQueueGenericSendFromISR                 0x08007ed1   Thumb Code   128  queue.o(.text)
    xQueueReceiveFromISR                     0x08007f51   Thumb Code   126  queue.o(.text)
    uxQueueMessagesWaiting                   0x08007fcf   Thumb Code    28  queue.o(.text)
    uxQueueMessagesWaitingFromISR            0x08007feb   Thumb Code    20  queue.o(.text)
    vQueueDelete                             0x08008025   Thumb Code    34  queue.o(.text)
    ucQueueGetQueueNumber                    0x08008047   Thumb Code     8  queue.o(.text)
    vQueueSetQueueNumber                     0x0800804f   Thumb Code     6  queue.o(.text)
    ucQueueGetQueueType                      0x08008055   Thumb Code     8  queue.o(.text)
    xQueueIsQueueEmptyFromISR                0x0800805d   Thumb Code    30  queue.o(.text)
    xQueueIsQueueFullFromISR                 0x0800807b   Thumb Code    34  queue.o(.text)
    vQueueAddToRegistry                      0x0800809d   Thumb Code    38  queue.o(.text)
    vQueueWaitForMessageRestricted           0x080080c3   Thumb Code    56  queue.o(.text)
    xTimerGenericCommand                     0x08008151   Thumb Code   100  timers.o(.text)
    xTimerCreateTimerTask                    0x0800843f   Thumb Code    58  timers.o(.text)
    xTimerCreate                             0x08008479   Thumb Code    78  timers.o(.text)
    xTimerIsTimerActive                      0x080084c7   Thumb Code    30  timers.o(.text)
    pvTimerGetTimerID                        0x080084e5   Thumb Code     8  timers.o(.text)
    pxPortInitialiseStack                    0x08008511   Thumb Code    32  port.o(.text)
    vPortSetupTimerInterrupt                 0x08008531   Thumb Code    26  port.o(.text)
    xPortStartScheduler                      0x0800854b   Thumb Code    58  port.o(.text)
    vPortEndScheduler                        0x08008585   Thumb Code     2  port.o(.text)
    vPortYieldFromISR                        0x08008587   Thumb Code    12  port.o(.text)
    vPortEnterCritical                       0x08008593   Thumb Code    18  port.o(.text)
    vPortExitCritical                        0x080085a5   Thumb Code    26  port.o(.text)
    SysTick_Handler                          0x080085bf   Thumb Code    28  port.o(.text)
    pvPortMalloc                             0x080085ed   Thumb Code   194  heap_2.o(.text)
    vPortFree                                0x080086af   Thumb Code    56  heap_2.o(.text)
    xPortGetFreeHeapSize                     0x080086e7   Thumb Code     6  heap_2.o(.text)
    vPortInitialiseBlocks                    0x080086ed   Thumb Code     2  heap_2.o(.text)
    xTaskGenericCreate                       0x080087cb   Thumb Code   302  tasks.o(.text)
    vTaskDelete                              0x080088f9   Thumb Code    94  tasks.o(.text)
    vTaskIncrementTick                       0x08008957   Thumb Code   254  tasks.o(.text)
    xTaskResumeAll                           0x08008a55   Thumb Code   290  tasks.o(.text)
    vTaskSuspendAll                          0x08008bb5   Thumb Code    12  tasks.o(.text)
    vTaskDelayUntil                          0x08008bc1   Thumb Code   136  tasks.o(.text)
    vTaskDelay                               0x08008c49   Thumb Code    48  tasks.o(.text)
    uxTaskPriorityGet                        0x08008c79   Thumb Code    30  tasks.o(.text)
    vTaskPrioritySet                         0x08008c97   Thumb Code   184  tasks.o(.text)
    vTaskSwitchContext                       0x08008d4f   Thumb Code   108  tasks.o(.text)
    vTaskSuspend                             0x08008dbb   Thumb Code   100  tasks.o(.text)
    xTaskIsTaskSuspended                     0x08008e1f   Thumb Code    72  tasks.o(.text)
    vTaskResume                              0x08008e67   Thumb Code   102  tasks.o(.text)
    xTaskResumeFromISR                       0x08008ecd   Thumb Code   180  tasks.o(.text)
    vTaskStartScheduler                      0x08008ffd   Thumb Code    74  tasks.o(.text)
    vTaskEndScheduler                        0x08009047   Thumb Code    18  tasks.o(.text)
    xTaskGetTickCount                        0x08009059   Thumb Code    18  tasks.o(.text)
    xTaskGetTickCountFromISR                 0x0800906b   Thumb Code    22  tasks.o(.text)
    uxTaskGetNumberOfTasks                   0x08009081   Thumb Code     6  tasks.o(.text)
    vTaskList                                0x08009111   Thumb Code   182  tasks.o(.text)
    vTaskPlaceOnEventList                    0x080091c7   Thumb Code    70  tasks.o(.text)
    vTaskPlaceOnEventListRestricted          0x0800920d   Thumb Code    52  tasks.o(.text)
    xTaskRemoveFromEventList                 0x08009241   Thumb Code   106  tasks.o(.text)
    vTaskSetTimeOutState                     0x080092ab   Thumb Code    28  tasks.o(.text)
    xTaskCheckForTimeOut                     0x080092c7   Thumb Code   112  tasks.o(.text)
    vTaskMissedYield                         0x08009337   Thumb Code     8  tasks.o(.text)
    uxTaskGetTaskNumber                      0x0800933f   Thumb Code    14  tasks.o(.text)
    vTaskSetTaskNumber                       0x0800934d   Thumb Code     8  tasks.o(.text)
    xTaskGetCurrentTaskHandle                0x08009355   Thumb Code     6  tasks.o(.text)
    xTaskGetSchedulerState                   0x0800935b   Thumb Code    24  tasks.o(.text)
    vTaskPriorityInherit                     0x08009373   Thumb Code   226  tasks.o(.text)
    vTaskPriorityDisinherit                  0x08009455   Thumb Code    70  tasks.o(.text)
    __aeabi_memcpy                           0x080094a9   Thumb Code    36  memcpya.o(.text)
    __aeabi_memcpy4                          0x080094a9   Thumb Code     0  memcpya.o(.text)
    __aeabi_memcpy8                          0x080094a9   Thumb Code     0  memcpya.o(.text)
    __aeabi_memset                           0x080094cd   Thumb Code    14  memseta.o(.text)
    __aeabi_memset4                          0x080094cd   Thumb Code     0  memseta.o(.text)
    __aeabi_memset8                          0x080094cd   Thumb Code     0  memseta.o(.text)
    __aeabi_memclr                           0x080094db   Thumb Code     4  memseta.o(.text)
    __aeabi_memclr4                          0x080094db   Thumb Code     0  memseta.o(.text)
    __aeabi_memclr8                          0x080094db   Thumb Code     0  memseta.o(.text)
    _memset$wrapper                          0x080094df   Thumb Code    18  memseta.o(.text)
    strcat                                   0x080094f1   Thumb Code    24  strcat.o(.text)
    strncpy                                  0x08009509   Thumb Code    24  strncpy.o(.text)
    strlen                                   0x08009521   Thumb Code    14  strlen.o(.text)
    strcmp                                   0x0800952f   Thumb Code    28  strcmp.o(.text)
    __aeabi_dadd                             0x0800954b   Thumb Code   322  dadd.o(.text)
    __aeabi_dsub                             0x0800968d   Thumb Code     6  dadd.o(.text)
    __aeabi_drsub                            0x08009693   Thumb Code     6  dadd.o(.text)
    __aeabi_dmul                             0x08009699   Thumb Code   228  dmul.o(.text)
    __aeabi_ddiv                             0x0800977d   Thumb Code   222  ddiv.o(.text)
    __aeabi_i2d                              0x0800985b   Thumb Code    34  dflti.o(.text)
    __aeabi_d2iz                             0x0800987d   Thumb Code    62  dfixi.o(.text)
    __aeabi_f2d                              0x080098bb   Thumb Code    38  f2d.o(.text)
    __aeabi_d2f                              0x080098e1   Thumb Code    56  d2f.o(.text)
    __aeabi_uidiv                            0x08009919   Thumb Code     0  uidiv.o(.text)
    __aeabi_uidivmod                         0x08009919   Thumb Code    44  uidiv.o(.text)
    __aeabi_llsl                             0x08009945   Thumb Code    30  llshl.o(.text)
    _ll_shift_l                              0x08009945   Thumb Code     0  llshl.o(.text)
    __aeabi_llsr                             0x08009963   Thumb Code    32  llushr.o(.text)
    _ll_ushift_r                             0x08009963   Thumb Code     0  llushr.o(.text)
    __aeabi_lasr                             0x08009983   Thumb Code    36  llsshr.o(.text)
    _ll_sshift_r                             0x08009983   Thumb Code     0  llsshr.o(.text)
    __I$use$fp                               0x080099a7   Thumb Code     0  iusefp.o(.text)
    _float_round                             0x080099a7   Thumb Code    18  fepilogue.o(.text)
    _float_epilogue                          0x080099b9   Thumb Code    92  fepilogue.o(.text)
    _double_round                            0x08009a15   Thumb Code    30  depilogue.o(.text)
    _double_epilogue                         0x08009a33   Thumb Code   156  depilogue.o(.text)
    _drem                                    0x08009acf   Thumb Code   134  drem.o(.text)
    __fp_status                              0x08009b55   Thumb Code     4  fpstat.o(.text)
    __ieee_status                            0x08009b55   Thumb Code     0  fpstat.o(.text)
    __scatterload                            0x08009b59   Thumb Code    28  init.o(.text)
    __scatterload_rt2                        0x08009b59   Thumb Code     0  init.o(.text)
    __decompress                             0x08009b7d   Thumb Code     0  __dczerorl2.o(.text)
    __decompress1                            0x08009b7d   Thumb Code    86  __dczerorl2.o(.text)
    __0snprintf$3                            0x08009bd5   Thumb Code    48  printf3.o(i.__0snprintf$3)
    __1snprintf$3                            0x08009bd5   Thumb Code     0  printf3.o(i.__0snprintf$3)
    __2snprintf                              0x08009bd5   Thumb Code     0  printf3.o(i.__0snprintf$3)
    __0sprintf$3                             0x08009c09   Thumb Code    34  printf3.o(i.__0sprintf$3)
    __1sprintf$3                             0x08009c09   Thumb Code     0  printf3.o(i.__0sprintf$3)
    __2sprintf                               0x08009c09   Thumb Code     0  printf3.o(i.__0sprintf$3)
    __ARM_fpclassifyf                        0x08009c31   Thumb Code    38  fpclassifyf.o(i.__ARM_fpclassifyf)
    __hardfp_atan2f                          0x08009c59   Thumb Code   594  atan2f.o(i.__hardfp_atan2f)
    __hardfp_cosf                            0x08009f05   Thumb Code   280  cosf.o(i.__hardfp_cosf)
    __hardfp_fmod                            0x0800a055   Thumb Code   254  fmod.o(i.__hardfp_fmod)
    __hardfp_powf                            0x0800a159   Thumb Code  1606  powf.o(i.__hardfp_powf)
    __mathlib_powf                           0x0800a159   Thumb Code     0  powf.o(i.__hardfp_powf)
    __hardfp_sinf                            0x0800a7bd   Thumb Code   344  sinf.o(i.__hardfp_sinf)
    __hardfp_sqrtf                           0x0800a94d   Thumb Code    58  sqrtf.o(i.__hardfp_sqrtf)
    __mathlib_dbl_invalid                    0x0800a989   Thumb Code    24  dunder.o(i.__mathlib_dbl_invalid)
    __mathlib_flt_divzero                    0x0800a9a9   Thumb Code    14  funder.o(i.__mathlib_flt_divzero)
    __mathlib_flt_infnan                     0x0800a9bd   Thumb Code     6  funder.o(i.__mathlib_flt_infnan)
    __mathlib_flt_infnan2                    0x0800a9c3   Thumb Code     6  funder.o(i.__mathlib_flt_infnan2)
    __mathlib_flt_invalid                    0x0800a9c9   Thumb Code    10  funder.o(i.__mathlib_flt_invalid)
    __mathlib_flt_overflow                   0x0800a9d9   Thumb Code    10  funder.o(i.__mathlib_flt_overflow)
    __mathlib_flt_underflow                  0x0800a9e9   Thumb Code    10  funder.o(i.__mathlib_flt_underflow)
    __mathlib_rredf2                         0x0800a9f9   Thumb Code   316  rredf.o(i.__mathlib_rredf2)
    __scatterload_copy                       0x0800ab4d   Thumb Code    14  handlers.o(i.__scatterload_copy)
    __scatterload_null                       0x0800ab5b   Thumb Code     2  handlers.o(i.__scatterload_null)
    __scatterload_zeroinit                   0x0800ab5d   Thumb Code    14  handlers.o(i.__scatterload_zeroinit)
    __set_errno                              0x0800ab6d   Thumb Code     6  errno.o(i.__set_errno)
    Region$$Table$$Base                      0x0800aeb0   Number         0  anon$$obj.o(Region$$Table)
    Region$$Table$$Limit                     0x0800aed0   Number         0  anon$$obj.o(Region$$Table)
    bien_hmi                                 0x20000000   Data           4  main.o(.data)
    DATA_SPEED                               0x20000004   Data          60  main.o(.data)
    bienBuTruRR                              0x20000040   Data           4  main.o(.data)
    bienBuTruRL                              0x20000044   Data           4  main.o(.data)
    bienBuTruFR                              0x20000048   Data           4  main.o(.data)
    bienBuTruFL                              0x2000004c   Data           4  main.o(.data)
    bitVeHome                                0x20000050   Data           4  main.o(.data)
    sieu_am                                  0x20000054   Data           4  main.o(.data)
    num_over_t1                              0x20000058   Data           4  main.o(.data)
    num_over_t2                              0x2000005c   Data           4  main.o(.data)
    num_over_t3                              0x20000060   Data           4  main.o(.data)
    num_over_t5                              0x20000064   Data           4  main.o(.data)
    num_over_t9                              0x20000068   Data           4  main.o(.data)
    CCR2_Val                                 0x2000006c   Data           4  main.o(.data)
    HMI_LOOP                                 0x20000070   Data           4  main.o(.data)
    num_over_t4                              0x20000074   Data           4  main.o(.data)
    IMU                                      0x20000078   Data           2  main.o(.data)
    IMUxoay                                  0x2000007a   Data           2  main.o(.data)
    data_tx_gyro                             0x2000007c   Data           1  main.o(.data)
    en_gyro                                  0x2000007d   Data           1  main.o(.data)
    dataTxGyro                               0x2000007e   Data           1  main.o(.data)
    enGyro                                   0x2000007f   Data           1  main.o(.data)
    CB_DO_LINE                               0x20000080   Data           1  main.o(.data)
    Home                                     0x20000081   Data           1  main.o(.data)
    lazeSauValue                             0x20000084   Data           4  main.o(.data)
    lazeTruocValue                           0x20000088   Data           4  main.o(.data)
    lazeTraiValue                            0x2000008c   Data           4  main.o(.data)
    lazePhaiValue                            0x20000090   Data           4  main.o(.data)
    BienTroNongBanValue                      0x20000094   Data           4  main.o(.data)
    bientronangluaValue                      0x20000098   Data           4  main.o(.data)
    bientronangbongValue                     0x2000009c   Data           4  main.o(.data)
    BienTroXoayValue                         0x200000a0   Data           4  main.o(.data)
    UWB                                      0x200000a4   Data           2  main.o(.data)
    Cam                                      0x200000a6   Data           1  main.o(.data)
    JTL                                      0x200000a8   Data           4  main.o(.data)
    force                                    0x200000ac   Data           4  main.o(.data)
    degree_F                                 0x200000b0   Data           4  main.o(.data)
    shot                                     0x200000b4   Data           4  main.o(.data)
    power_shot                               0x200000b8   Data           4  main.o(.data)
    Vi_tri                                   0x200000bc   Data           4  main.o(.data)
    coVong                                   0x200000c0   Data           4  main.o(.data)
    Vitri_tru                                0x200000c4   Data           4  main.o(.data)
    g0                                       0x200000c8   Data           4  main.o(.data)
    g1                                       0x200000cc   Data           4  main.o(.data)
    g2                                       0x200000d0   Data           4  main.o(.data)
    g3                                       0x200000d4   Data           4  main.o(.data)
    g4                                       0x200000d8   Data           4  main.o(.data)
    g5                                       0x200000dc   Data           4  main.o(.data)
    g6                                       0x200000e0   Data           4  main.o(.data)
    bit_khoa_ham_thay_tuan                   0x200000e4   Data           4  main.o(.data)
    dang_Ban                                 0x200000e8   Data           4  main.o(.data)
    robotIsRun_cc                            0x200000ec   Data           4  main.o(.data)
    vi_tri_bong                              0x200000f0   Data           4  main.o(.data)
    vi_tri_ma_xoay                           0x200000f4   Data           4  main.o(.data)
    sang_phai                                0x200000f8   Data           4  main.o(.data)
    sang_trai                                0x200000fc   Data           4  main.o(.data)
    di_xuong                                 0x20000100   Data           4  main.o(.data)
    di_len                                   0x20000104   Data           4  main.o(.data)
    target_BT_Xoay                           0x20000108   Data           4  main.o(.data)
    Min_BT_Xoay                              0x2000010c   Data           4  main.o(.data)
    Max_BT_Xoay                              0x20000110   Data           4  main.o(.data)
    taget_BT_Nong_Ban                        0x20000114   Data           4  main.o(.data)
    power                                    0x20000118   Data           4  main.o(.data)
    Max_BT_Nang_Lua                          0x2000011c   Data           4  main.o(.data)
    taget_BT_Nang_Lua                        0x20000120   Data           4  main.o(.data)
    Min_BT_Nang_Lua                          0x20000124   Data           4  main.o(.data)
    Max_BT_Nang_Bong                         0x20000128   Data           4  main.o(.data)
    taget_BT_Nang_Bong                       0x2000012c   Data           4  main.o(.data)
    Min_BT_Nang_Bong                         0x20000130   Data           4  main.o(.data)
    BT_Nang_Tha_Bong                         0x20000134   Data           4  main.o(.data)
    BT_Bat_Bong_giua                         0x20000138   Data           4  main.o(.data)
    BT_Bat_Bong_sau                          0x2000013c   Data           4  main.o(.data)
    i                                        0x20000140   Data           4  main.o(.data)
    state_nang                               0x20000144   Data           4  main.o(.data)
    state_ha                                 0x20000148   Data           4  main.o(.data)
    CB_line_trai                             0x2000014c   Data           1  main.o(.data)
    CB_line_phai                             0x2000014d   Data           1  main.o(.data)
    Nho_trai_truoc                           0x2000014e   Data           1  main.o(.data)
    Nho_trai_sau                             0x2000014f   Data           1  main.o(.data)
    Nho_phai_truoc                           0x20000150   Data           1  main.o(.data)
    Nho_phai_sau                             0x20000151   Data           1  main.o(.data)
    Do_Xanh                                  0x20000152   Data           1  main.o(.data)
    RX_USART4                                0x20000153   Data           6  main.o(.data)
    RX_USART6                                0x20000159   Data           6  main.o(.data)
    received_offset                          0x2000015f   Data           1  main.o(.data)
    received_uwb                             0x20000160   Data           4  main.o(.data)
    robotLimitSpeed                          0x20000164   Data           4  main.o(.data)
    f05                                      0x20000168   Data           4  main.o(.data)
    f1                                       0x2000016c   Data           4  main.o(.data)
    f2                                       0x20000170   Data           4  main.o(.data)
    f4                                       0x20000174   Data           4  main.o(.data)
    f5                                       0x20000178   Data           4  main.o(.data)
    f6                                       0x2000017c   Data           4  main.o(.data)
    f10                                      0x20000180   Data           4  main.o(.data)
    f20                                      0x20000184   Data           4  main.o(.data)
    f30                                      0x20000188   Data           4  main.o(.data)
    f45                                      0x2000018c   Data           4  main.o(.data)
    f60                                      0x20000190   Data           4  main.o(.data)
    f120                                     0x20000194   Data           4  main.o(.data)
    i100                                     0x20000198   Data           4  main.o(.data)
    khoangCachGocFix                         0x2000019c   Data           4  main.o(.data)
    _robotY                                  0x200001a0   Data           4  main.o(.data)
    _robotX                                  0x200001a4   Data           4  main.o(.data)
    motorLock                                0x200001a8   Data           4  main.o(.data)
    motorLockRepeat                          0x200001ac   Data           4  main.o(.data)
    radian                                   0x200001b0   Data           4  main.o(.data)
    pi                                       0x200001b4   Data           4  main.o(.data)
    _robotChange                             0x200001b8   Data           4  main.o(.data)
    _robotRotatePoint                        0x200001bc   Data           4  main.o(.data)
    _robotCurrentSpeed                       0x200001c0   Data           4  main.o(.data)
    _robotRunSpeed                           0x200001c4   Data           4  main.o(.data)
    _robotMaxSpeed                           0x200001c8   Data           4  main.o(.data)
    _robotAccStop                            0x200001cc   Data           4  main.o(.data)
    _robotCounter                            0x200001d0   Data           4  main.o(.data)
    _robotAngle                              0x200001d4   Data           4  main.o(.data)
    _robotRunAngle                           0x200001d8   Data           4  main.o(.data)
    _robotRotateAngle                        0x200001dc   Data           4  main.o(.data)
    _robotIMUInit                            0x200001e0   Data           4  main.o(.data)
    _wheelRotateAngle                        0x200001e4   Data           4  main.o(.data)
    _robotRotate                             0x200001e8   Data           4  main.o(.data)
    _robotCurve                              0x200001ec   Data           4  main.o(.data)
    _robotAngleCounterFix                    0x200001f0   Data           4  main.o(.data)
    _robotAngleToFix                         0x200001f4   Data           4  main.o(.data)
    _robotIMUAngle                           0x200001f8   Data           4  main.o(.data)
    _IMUAngle_Before                         0x200001fc   Data           4  main.o(.data)
    _robotDelayGiamToc                       0x20000200   Data           4  main.o(.data)
    _robotRunFL                              0x20000204   Data           4  main.o(.data)
    _robotRunFR                              0x20000208   Data           4  main.o(.data)
    _robotRunRL                              0x2000020c   Data           4  main.o(.data)
    _robotRunRR                              0x20000210   Data           4  main.o(.data)
    _robotDirFL                              0x20000214   Data           4  main.o(.data)
    _robotDirFR                              0x20000218   Data           4  main.o(.data)
    _robotDirRL                              0x2000021c   Data           4  main.o(.data)
    _robotDirRR                              0x20000220   Data           4  main.o(.data)
    _robotRotateFL                           0x20000224   Data           4  main.o(.data)
    _robotRotateFR                           0x20000228   Data           4  main.o(.data)
    _robotRotateRL                           0x2000022c   Data           4  main.o(.data)
    _robotRotateRR                           0x20000230   Data           4  main.o(.data)
    Rear_Left_Wheel_Angle                    0x20000234   Data           4  main.o(.data)
    Rear_Right_Wheel_Angle                   0x20000238   Data           4  main.o(.data)
    Front_Left_Wheel_Angle                   0x2000023c   Data           4  main.o(.data)
    Front_Right_Wheel_Angle                  0x20000240   Data           4  main.o(.data)
    Rear_Left_Wheel_Angle_dir                0x20000244   Data           4  main.o(.data)
    Rear_Right_Wheel_Angle_dir               0x20000248   Data           4  main.o(.data)
    Front_Left_Wheel_Angle_dir               0x2000024c   Data           4  main.o(.data)
    Front_Right_Wheel_Angle_dir              0x20000250   Data           4  main.o(.data)
    dir                                      0x20000254   Data           4  main.o(.data)
    Vx                                       0x20000258   Data           4  main.o(.data)
    Vy                                       0x2000025c   Data           4  main.o(.data)
    A                                        0x20000260   Data           4  main.o(.data)
    B                                        0x20000264   Data           4  main.o(.data)
    C                                        0x20000268   Data           4  main.o(.data)
    D                                        0x2000026c   Data           4  main.o(.data)
    WL                                       0x20000270   Data           4  main.o(.data)
    WW                                       0x20000274   Data           4  main.o(.data)
    _Omega                                   0x20000278   Data           4  main.o(.data)
    Robot_Width                              0x2000027c   Data           4  main.o(.data)
    Robot_Lenght                             0x20000280   Data           4  main.o(.data)
    Vy10                                     0x20000284   Data           4  main.o(.data)
    Vx10                                     0x20000288   Data           4  main.o(.data)
    ABCD                                     0x2000028c   Data           4  main.o(.data)
    _lockRobot                               0x20000290   Data           4  main.o(.data)
    xl_truot_lua                             0x20000294   Data           1  main.o(.data)
    xl_kep_lua_tren                          0x20000295   Data           1  main.o(.data)
    xl_kep_lua_duoi                          0x20000296   Data           1  main.o(.data)
    xl_nang_lua                              0x20000297   Data           1  main.o(.data)
    gt_kep_bong                              0x20000298   Data           1  main.o(.data)
    vi_tri                                   0x2000029c   Data           4  main.o(.data)
    Cbcc                                     0x200002a0   Data           4  main.o(.data)
    Cbnv                                     0x200002a4   Data           4  main.o(.data)
    Cbnn                                     0x200002a8   Data           4  main.o(.data)
    vt_xl_nang_lua                           0x200002ac   Data           4  main.o(.data)
    On_Off_Ban                               0x200002b0   Data           1  main.o(.data)
    xl_ban_bong                              0x200002b4   Data           4  main.o(.data)
    Nang_vong_max                            0x200002b8   Data           4  main.o(.data)
    Nang_vong_min                            0x200002bc   Data           4  main.o(.data)
    Nang_goc_max                             0x200002c0   Data           4  main.o(.data)
    Nang_goc_min                             0x200002c4   Data           4  main.o(.data)
    touchpad_press                           0x200002c8   Data           4  main.o(.data)
    laybong                                  0x200002cc   Data           4  main.o(.data)
    en_tru                                   0x200002d0   Data           4  main.o(.data)
    max_speed                                0x200002d4   Data           4  main.o(.data)
    speed_tay_lua                            0x200002d8   Data           4  main.o(.data)
    speed_xoay                               0x200002dc   Data           4  main.o(.data)
    lock_nang                                0x200002e0   Data           1  main.o(.data)
    state_nap_bong                           0x200002e4   Data           4  main.o(.data)
    xl_kepbong_state                         0x200002e8   Data           4  main.o(.data)
    xl_nangkep_state                         0x200002ec   Data           4  main.o(.data)
    ban_bong_state                           0x200002f0   Data           4  main.o(.data)
    savedLucBan                              0x200002f4   Data           4  main.o(.data)
    savedGocBan                              0x200002f8   Data           4  main.o(.data)
    savedLazeValue                           0x200002fc   Data           4  main.o(.data)
    SS_RL                                    0x20000300   Data           1  main.o(.data)
    SS_RR                                    0x20000301   Data           1  main.o(.data)
    SS_FR                                    0x20000302   Data           1  main.o(.data)
    SS_FL                                    0x20000303   Data           1  main.o(.data)
    speed_temp                               0x20000304   Data           4  main.o(.data)
    speed                                    0x20000308   Data           4  main.o(.data)
    Home_Encoder_RL                          0x2000030c   Data           4  main.o(.data)
    Home_Encoder_RR                          0x20000310   Data           4  main.o(.data)
    Home_Encoder_FL                          0x20000314   Data           4  main.o(.data)
    Home_Encoder_FR                          0x20000318   Data           4  main.o(.data)
    current_RL_Angle                         0x2000031c   Data           4  main.o(.data)
    current_RR_Angle                         0x20000320   Data           4  main.o(.data)
    current_FL_Angle                         0x20000324   Data           4  main.o(.data)
    current_FR_Angle                         0x20000328   Data           4  main.o(.data)
    gtri_laze_phai                           0x2000032c   Data           4  main.o(.data)
    gtri_laze_trai                           0x20000330   Data           4  main.o(.data)
    SystemCoreClock                          0x2000036c   Data           4  system_stm32f4xx.o(.data)
    AHBPrescTable                            0x20000370   Data          16  system_stm32f4xx.o(.data)
    pxCurrentTCB                             0x200003bc   Data           4  tasks.o(.data)
    buf                                      0x200003fc   Data         150  main.o(.bss)
    ky_tu                                    0x20000492   Data          40  main.o(.bss)
    ky_tu_1                                  0x200004ba   Data          40  main.o(.bss)
    ky_tu_2                                  0x200004e2   Data          40  main.o(.bss)
    ky_tu_3                                  0x2000050a   Data          40  main.o(.bss)
    Buffer_HMI                               0x20000532   Data         150  main.o(.bss)
    _ADC1_Value                              0x200005c8   Data          16  main.o(.bss)
    RX_USART1                                0x200005d8   Data          15  main.o(.bss)
    RX_USART2                                0x200005e7   Data          15  main.o(.bss)
    DATA_COLOR                               0x200005f6   Data          20  main.o(.bss)
    MANG_GAME                                0x2000060a   Data          10  main.o(.bss)
    GP_BTN                                   0x20000614   Data          15  main.o(.bss)
    xQueueRegistry                           0x20000624   Data          64  queue.o(.bss)
    __initial_sp                             0x20003380   Data           0  startup_stm32f4xx.o(STACK)



==============================================================================

Memory Map of the image

  Image Entry point : 0x08000189

  Load Region LR_IROM1 (Base: 0x08000000, Size: 0x0000b2cc, Max: 0x00080000, ABSOLUTE, COMPRESSED[0x0000afc8])

    Execution Region ER_IROM1 (Exec base: 0x08000000, Load base: 0x08000000, Size: 0x0000aed0, Max: 0x00080000, ABSOLUTE)

    Exec Addr    Load Addr    Size         Type   Attr      Idx    E Section Name        Object

    0x08000000   0x08000000   0x00000188   Data   RO          303    RESET               startup_stm32f4xx.o
    0x08000188   0x08000188   0x00000000   Code   RO          698  * .ARM.Collect$$$$00000000  mc_w.l(entry.o)
    0x08000188   0x08000188   0x00000004   Code   RO         1023    .ARM.Collect$$$$00000001  mc_w.l(entry2.o)
    0x0800018c   0x0800018c   0x00000004   Code   RO         1026    .ARM.Collect$$$$00000004  mc_w.l(entry5.o)
    0x08000190   0x08000190   0x00000000   Code   RO         1028    .ARM.Collect$$$$00000008  mc_w.l(entry7b.o)
    0x08000190   0x08000190   0x00000000   Code   RO         1030    .ARM.Collect$$$$0000000A  mc_w.l(entry8b.o)
    0x08000190   0x08000190   0x00000008   Code   RO         1031    .ARM.Collect$$$$0000000B  mc_w.l(entry9a.o)
    0x08000198   0x08000198   0x00000004   Code   RO         1038    .ARM.Collect$$$$0000000E  mc_w.l(entry12b.o)
    0x0800019c   0x0800019c   0x00000000   Code   RO         1033    .ARM.Collect$$$$0000000F  mc_w.l(entry10a.o)
    0x0800019c   0x0800019c   0x00000000   Code   RO         1035    .ARM.Collect$$$$00000011  mc_w.l(entry11a.o)
    0x0800019c   0x0800019c   0x00000004   Code   RO         1024    .ARM.Collect$$$$00002712  mc_w.l(entry2.o)
    0x080001a0   0x080001a0   0x000000a8   Code   RO          569    .emb_text           port.o
    0x08000248   0x08000248   0x000002cc   Code   RO            2    .text               stm32f4xx_it.o
    0x08000514   0x08000514   0x00004e90   Code   RO          139    .text               main.o
    0x080053a4   0x080053a4   0x00000200   Code   RO          280    .text               system_stm32f4xx.o
    0x080055a4   0x080055a4   0x00000024   Code   RO          304    .text               startup_stm32f4xx.o
    0x080055c8   0x080055c8   0x000000e0   Code   RO          309    .text               misc.o
    0x080056a8   0x080056a8   0x0000025c   Code   RO          325    .text               stm32f4xx_gpio.o
    0x08005904   0x08005904   0x00000588   Code   RO          341    .text               stm32f4xx_rcc.o
    0x08005e8c   0x08005e8c   0x00000464   Code   RO          359    .text               stm32f4xx_adc.o
    0x080062f0   0x080062f0   0x000003a8   Code   RO          375    .text               stm32f4xx_dma.o
    0x08006698   0x08006698   0x0000011c   Code   RO          391    .text               stm32f4xx_exti.o
    0x080067b4   0x080067b4   0x00000ca2   Code   RO          423    .text               stm32f4xx_tim.o
    0x08007456   0x08007456   0x00000002   PAD
    0x08007458   0x08007458   0x0000041a   Code   RO          439    .text               stm32f4xx_usart.o
    0x08007872   0x08007872   0x00000002   PAD
    0x08007874   0x08007874   0x0000008c   Code   RO          455    .text               stm32f4xx_syscfg.o
    0x08007900   0x08007900   0x00000098   Code   RO          512    .text               list.o
    0x08007998   0x08007998   0x00000768   Code   RO          530    .text               queue.o
    0x08008100   0x08008100   0x00000410   Code   RO          548    .text               timers.o
    0x08008510   0x08008510   0x000000dc   Code   RO          570    .text               port.o
    0x080085ec   0x080085ec   0x00000118   Code   RO          587    .text               heap_2.o
    0x08008704   0x08008704   0x00000da4   Code   RO          602    .text               tasks.o
    0x080094a8   0x080094a8   0x00000024   Code   RO          701    .text               mc_w.l(memcpya.o)
    0x080094cc   0x080094cc   0x00000024   Code   RO          703    .text               mc_w.l(memseta.o)
    0x080094f0   0x080094f0   0x00000018   Code   RO          705    .text               mc_w.l(strcat.o)
    0x08009508   0x08009508   0x00000018   Code   RO          707    .text               mc_w.l(strncpy.o)
    0x08009520   0x08009520   0x0000000e   Code   RO          709    .text               mc_w.l(strlen.o)
    0x0800952e   0x0800952e   0x0000001c   Code   RO          711    .text               mc_w.l(strcmp.o)
    0x0800954a   0x0800954a   0x0000014e   Code   RO          976    .text               mf_w.l(dadd.o)
    0x08009698   0x08009698   0x000000e4   Code   RO          978    .text               mf_w.l(dmul.o)
    0x0800977c   0x0800977c   0x000000de   Code   RO          980    .text               mf_w.l(ddiv.o)
    0x0800985a   0x0800985a   0x00000022   Code   RO          982    .text               mf_w.l(dflti.o)
    0x0800987c   0x0800987c   0x0000003e   Code   RO          984    .text               mf_w.l(dfixi.o)
    0x080098ba   0x080098ba   0x00000026   Code   RO          986    .text               mf_w.l(f2d.o)
    0x080098e0   0x080098e0   0x00000038   Code   RO          988    .text               mf_w.l(d2f.o)
    0x08009918   0x08009918   0x0000002c   Code   RO         1042    .text               mc_w.l(uidiv.o)
    0x08009944   0x08009944   0x0000001e   Code   RO         1046    .text               mc_w.l(llshl.o)
    0x08009962   0x08009962   0x00000020   Code   RO         1048    .text               mc_w.l(llushr.o)
    0x08009982   0x08009982   0x00000024   Code   RO         1050    .text               mc_w.l(llsshr.o)
    0x080099a6   0x080099a6   0x00000000   Code   RO         1059    .text               mc_w.l(iusefp.o)
    0x080099a6   0x080099a6   0x0000006e   Code   RO         1060    .text               mf_w.l(fepilogue.o)
    0x08009a14   0x08009a14   0x000000ba   Code   RO         1062    .text               mf_w.l(depilogue.o)
    0x08009ace   0x08009ace   0x00000086   Code   RO         1064    .text               mf_w.l(drem.o)
    0x08009b54   0x08009b54   0x00000004   Code   RO         1070    .text               mf_w.l(fpstat.o)
    0x08009b58   0x08009b58   0x00000024   Code   RO         1072    .text               mc_w.l(init.o)
    0x08009b7c   0x08009b7c   0x00000056   Code   RO         1084    .text               mc_w.l(__dczerorl2.o)
    0x08009bd2   0x08009bd2   0x00000002   PAD
    0x08009bd4   0x08009bd4   0x00000034   Code   RO          805    i.__0snprintf$3     mc_w.l(printf3.o)
    0x08009c08   0x08009c08   0x00000028   Code   RO          806    i.__0sprintf$3      mc_w.l(printf3.o)
    0x08009c30   0x08009c30   0x00000026   Code   RO         1004    i.__ARM_fpclassifyf  m_wm.l(fpclassifyf.o)
    0x08009c56   0x08009c56   0x00000002   PAD
    0x08009c58   0x08009c58   0x000002ac   Code   RO          624    i.__hardfp_atan2f   m_wm.l(atan2f.o)
    0x08009f04   0x08009f04   0x00000150   Code   RO          636    i.__hardfp_cosf     m_wm.l(cosf.o)
    0x0800a054   0x0800a054   0x00000104   Code   RO          648    i.__hardfp_fmod     m_wm.l(fmod.o)
    0x0800a158   0x0800a158   0x00000664   Code   RO          660    i.__hardfp_powf     m_wm.l(powf.o)
    0x0800a7bc   0x0800a7bc   0x00000190   Code   RO          674    i.__hardfp_sinf     m_wm.l(sinf.o)
    0x0800a94c   0x0800a94c   0x0000003a   Code   RO          686    i.__hardfp_sqrtf    m_wm.l(sqrtf.o)
    0x0800a986   0x0800a986   0x00000002   PAD
    0x0800a988   0x0800a988   0x00000020   Code   RO          993    i.__mathlib_dbl_invalid  m_wm.l(dunder.o)
    0x0800a9a8   0x0800a9a8   0x00000014   Code   RO         1006    i.__mathlib_flt_divzero  m_wm.l(funder.o)
    0x0800a9bc   0x0800a9bc   0x00000006   Code   RO         1007    i.__mathlib_flt_infnan  m_wm.l(funder.o)
    0x0800a9c2   0x0800a9c2   0x00000006   Code   RO         1008    i.__mathlib_flt_infnan2  m_wm.l(funder.o)
    0x0800a9c8   0x0800a9c8   0x00000010   Code   RO         1009    i.__mathlib_flt_invalid  m_wm.l(funder.o)
    0x0800a9d8   0x0800a9d8   0x00000010   Code   RO         1010    i.__mathlib_flt_overflow  m_wm.l(funder.o)
    0x0800a9e8   0x0800a9e8   0x00000010   Code   RO         1012    i.__mathlib_flt_underflow  m_wm.l(funder.o)
    0x0800a9f8   0x0800a9f8   0x00000154   Code   RO         1020    i.__mathlib_rredf2  m_wm.l(rredf.o)
    0x0800ab4c   0x0800ab4c   0x0000000e   Code   RO         1078    i.__scatterload_copy  mc_w.l(handlers.o)
    0x0800ab5a   0x0800ab5a   0x00000002   Code   RO         1079    i.__scatterload_null  mc_w.l(handlers.o)
    0x0800ab5c   0x0800ab5c   0x0000000e   Code   RO         1080    i.__scatterload_zeroinit  mc_w.l(handlers.o)
    0x0800ab6a   0x0800ab6a   0x00000002   PAD
    0x0800ab6c   0x0800ab6c   0x0000000c   Code   RO         1054    i.__set_errno       mc_w.l(errno.o)
    0x0800ab78   0x0800ab78   0x000001b8   Code   RO          811    i._printf_core      mc_w.l(printf3.o)
    0x0800ad30   0x0800ad30   0x00000016   Code   RO          812    i._snputc           mc_w.l(printf3.o)
    0x0800ad46   0x0800ad46   0x0000000a   Code   RO          813    i._sputc            mc_w.l(printf3.o)
    0x0800ad50   0x0800ad50   0x00000140   Data   RO          663    .constdata          m_wm.l(powf.o)
    0x0800ae90   0x0800ae90   0x00000020   Data   RO         1021    .constdata          m_wm.l(rredf.o)
    0x0800aeb0   0x0800aeb0   0x00000020   Data   RO         1076    Region$$Table       anon$$obj.o


    Execution Region RW_IRAM1 (Exec base: 0x20000000, Load base: 0x0800aed0, Size: 0x00003380, Max: 0x00020000, ABSOLUTE, COMPRESSED[0x000000f8])

    Exec Addr    Load Addr    Size         Type   Attr      Idx    E Section Name        Object

    0x20000000   COMPRESSED   0x0000036c   Data   RW          142    .data               main.o
    0x2000036c   COMPRESSED   0x00000014   Data   RW          281    .data               system_stm32f4xx.o
    0x20000380   COMPRESSED   0x00000010   Data   RW          342    .data               stm32f4xx_rcc.o
    0x20000390   COMPRESSED   0x00000010   Data   RW          550    .data               timers.o
    0x200003a0   COMPRESSED   0x00000004   Data   RW          571    .data               port.o
    0x200003a4   COMPRESSED   0x00000018   Data   RW          589    .data               heap_2.o
    0x200003bc   COMPRESSED   0x0000003c   Data   RW          604    .data               tasks.o
    0x200003f8   COMPRESSED   0x00000004   Data   RW         1055    .data               mc_w.l(errno.o)
    0x200003fc        -       0x00000227   Zero   RW          140    .bss                main.o
    0x20000623   COMPRESSED   0x00000001   PAD
    0x20000624        -       0x00000040   Zero   RW          531    .bss                queue.o
    0x20000664        -       0x00000028   Zero   RW          549    .bss                timers.o
    0x2000068c   COMPRESSED   0x00000004   PAD
    0x20000690        -       0x00002800   Zero   RW          588    .bss                heap_2.o
    0x20002e90        -       0x000000f0   Zero   RW          603    .bss                tasks.o
    0x20002f80        -       0x00000400   Zero   RW          301    STACK               startup_stm32f4xx.o


==============================================================================

Image component sizes


      Code (inc. data)   RO Data    RW Data    ZI Data      Debug   Object Name

       280         22          0         24      10240       3744   heap_2.o
       152          0          0          0          0       3550   list.o
     20112       1902          0        876        551     328057   main.o
       224         20          0          0          0       2005   misc.o
       388         34          0          4          0       3082   port.o
      1896          6          0          0         64      11004   queue.o
        36          8        392          0       1024        936   startup_stm32f4xx.o
      1124         24          0          0          0      10874   stm32f4xx_adc.o
       936         32          0          0          0       6581   stm32f4xx_dma.o
       284         10          0          0          0       2507   stm32f4xx_exti.o
       604         36          0          0          0       4309   stm32f4xx_gpio.o
       716        118          0          0          0     292317   stm32f4xx_it.o
      1416         48          0         16          0      11271   stm32f4xx_rcc.o
       140         12          0          0          0       1755   stm32f4xx_syscfg.o
      3234         60          0          0          0      23196   stm32f4xx_tim.o
      1050         26          0          0          0       8044   stm32f4xx_usart.o
       512         44          0         20          0       1867   system_stm32f4xx.o
      3492        256          0         60        240      16053   tasks.o
      1040         36          0         16         40      10472   timers.o

    ----------------------------------------------------------------------
     37640       2694        424       1016      12164     741624   Object Totals
         0          0         32          0          0          0   (incl. Generated)
         4          0          0          0          5          0   (incl. Padding)

    ----------------------------------------------------------------------

      Code (inc. data)   RO Data    RW Data    ZI Data      Debug   Library Member Name

       684         90          0          0          0        208   atan2f.o
       336         56          0          0          0        136   cosf.o
        32          8          0          0          0        124   dunder.o
       260          6          0          0          0        144   fmod.o
        38          0          0          0          0        116   fpclassifyf.o
        80         24          0          0          0        696   funder.o
      1636        110        320          0          0        372   powf.o
       340         24         32          0          0        160   rredf.o
       400         56          0          0          0        212   sinf.o
        58          0          0          0          0        136   sqrtf.o
        86          0          0          0          0          0   __dczerorl2.o
         0          0          0          0          0          0   entry.o
         0          0          0          0          0          0   entry10a.o
         0          0          0          0          0          0   entry11a.o
         4          0          0          0          0          0   entry12b.o
         8          4          0          0          0          0   entry2.o
         4          0          0          0          0          0   entry5.o
         0          0          0          0          0          0   entry7b.o
         0          0          0          0          0          0   entry8b.o
         8          4          0          0          0          0   entry9a.o
        12          6          0          4          0         68   errno.o
        30          0          0          0          0          0   handlers.o
        36          8          0          0          0         68   init.o
         0          0          0          0          0          0   iusefp.o
        30          0          0          0          0         68   llshl.o
        36          0          0          0          0         68   llsshr.o
        32          0          0          0          0         68   llushr.o
        36          0          0          0          0         68   memcpya.o
        36          0          0          0          0        108   memseta.o
       564         14          0          0          0        408   printf3.o
        24          0          0          0          0         68   strcat.o
        28          0          0          0          0         76   strcmp.o
        14          0          0          0          0         68   strlen.o
        24          0          0          0          0         76   strncpy.o
        44          0          0          0          0         80   uidiv.o
        56          0          0          0          0         88   d2f.o
       334          0          0          0          0        148   dadd.o
       222          0          0          0          0        100   ddiv.o
       186          0          0          0          0        176   depilogue.o
        62          0          0          0          0         80   dfixi.o
        34          0          0          0          0         76   dflti.o
       228          0          0          0          0         96   dmul.o
       134          0          0          0          0         96   drem.o
        38          0          0          0          0         68   f2d.o
       110          0          0          0          0        168   fepilogue.o
         4          0          0          0          0         68   fpstat.o

    ----------------------------------------------------------------------
      6336        410        352          4          0       4760   Library Totals
         8          0          0          0          0          0   (incl. Padding)

    ----------------------------------------------------------------------

      Code (inc. data)   RO Data    RW Data    ZI Data      Debug   Library Name

      3864        374        352          0          0       2304   m_wm.l
      1056         36          0          4          0       1292   mc_w.l
      1408          0          0          0          0       1164   mf_w.l

    ----------------------------------------------------------------------
      6336        410        352          4          0       4760   Library Totals

    ----------------------------------------------------------------------

==============================================================================


      Code (inc. data)   RO Data    RW Data    ZI Data      Debug   

     43976       3104        776       1020      12164     738368   Grand Totals
     43976       3104        776        248      12164     738368   ELF Image Totals (compressed)
     43976       3104        776        248          0          0   ROM Totals

==============================================================================

    Total RO  Size (Code + RO Data)                44752 (  43.70kB)
    Total RW  Size (RW Data + ZI Data)             13184 (  12.88kB)
    Total ROM Size (Code + RO Data + RW Data)      45000 (  43.95kB)

==============================================================================

