Component: ARM Compiler 5.06 update 7 (build 960) Tool: armlink [4d3601]

==============================================================================

Section Cross References

    stm32f4xx_it.o(.text) refers to stm32f4xx_usart.o(.text) for USART_GetITStatus
    stm32f4xx_it.o(.text) refers to stm32f4xx_dma.o(.text) for DMA_ClearITPendingBit
    stm32f4xx_it.o(.text) refers to main.o(.text) for UART6_ProcessData
    stm32f4xx_it.o(.text) refers to stm32f4xx_tim.o(.text) for TIM_ClearITPendingBit
    stm32f4xx_it.o(.text) refers to stm32f4xx_exti.o(.text) for EXTI_GetITStatus
    stm32f4xx_it.o(.text) refers to stm32f4xx_gpio.o(.text) for GPIO_ReadInputDataBit
    stm32f4xx_it.o(.text) refers to main.o(.data) for send_data
    stm32f4xx_it.o(.text) refers to main.o(.bss) for RX_USART1
    stm32f4xx_it.o(.text) refers to main.o(.data) for ENCODER_HALL
    stm32f4xx_it.o(.text) refers to main.o(.data) for BEN_NGAT
    stm32f4xx_it.o(.text) refers to main.o(.data) for t7
    stm32f4xx_it.o(.text) refers to stm32f4xx_it.o(.data) for .data
    main.o(.text) refers to strlen.o(.text) for strlen
    main.o(.text) refers to strcmp.o(.text) for strcmp
    main.o(.text) refers to strncpy.o(.text) for strncpy
    main.o(.text) refers to stm32f4xx_dma.o(.text) for DMA_Cmd
    main.o(.text) refers to stm32f4xx_usart.o(.text) for USART_SendData
    main.o(.text) refers to printf1.o(i.__0snprintf$1) for __2snprintf
    main.o(.text) refers to printf1.o(i.__0sprintf$1) for __2sprintf
    main.o(.text) refers to strcat.o(.text) for strcat
    main.o(.text) refers to fflti.o(.text) for __aeabi_i2f
    main.o(.text) refers to ffixi.o(.text) for __aeabi_f2iz
    main.o(.text) refers to main.o(.bss) for .bss
    main.o(.text) refers to f2d.o(.text) for __aeabi_f2d
    main.o(.text) refers to atan2.o(i.atan2) for atan2
    main.o(.text) refers to dmul.o(.text) for __aeabi_dmul
    main.o(.text) refers to dfixi.o(.text) for __aeabi_d2iz
    main.o(.text) refers to stm32f4xx_rcc.o(.text) for RCC_AHB1PeriphClockCmd
    main.o(.text) refers to stm32f4xx_gpio.o(.text) for GPIO_Init
    main.o(.text) refers to misc.o(.text) for NVIC_PriorityGroupConfig
    main.o(.text) refers to stm32f4xx_tim.o(.text) for TIM_TimeBaseInit
    main.o(.text) refers to main.o(.data) for .data
    main.o(.text) refers to stm32f4xx_adc.o(.text) for ADC_TempSensorVrefintCmd
    main.o(.text) refers to stm32f4xx_syscfg.o(.text) for SYSCFG_EXTILineConfig
    main.o(.text) refers to stm32f4xx_exti.o(.text) for EXTI_Init
    main.o(.text) refers to fmul.o(.text) for __aeabi_fmul
    main.o(.text) refers to fadd.o(.text) for __aeabi_fadd
    main.o(.text) refers to sqrt.o(i.sqrt) for sqrt
    main.o(.text) refers to tasks.o(.text) for vTaskDelay
    main.o(.text) refers to fdiv.o(.text) for __aeabi_fdiv
    main.o(.text) refers to cfrcmple.o(.text) for __aeabi_cfrcmple
    main.o(.text) refers to ceilf.o(i.ceilf) for ceilf
    main.o(.text) refers to fscalb.o(.text) for __ARM_scalbnf
    main.o(.text) refers to main.o(.constdata) for .constdata
    main.o(.text) refers to exp.o(i.exp) for exp
    main.o(.text) refers to dadd.o(.text) for __aeabi_drsub
    main.o(.text) refers to dscalb.o(.text) for __ARM_scalbn
    main.o(.text) refers to d2f.o(.text) for __aeabi_d2f
    main.o(.text) refers to cfcmple.o(.text) for __aeabi_cfcmple
    main.o(.text) refers to dflti.o(.text) for __aeabi_i2d
    main.o(.text) refers to ddiv.o(.text) for __aeabi_ddiv
    main.o(.text) refers to cos.o(i.cos) for cos
    main.o(.text) refers to ffltui.o(.text) for __aeabi_ui2f
    system_stm32f4xx.o(.text) refers to system_stm32f4xx.o(.data) for .data
    startup_stm32f4xx.o(RESET) refers to startup_stm32f4xx.o(STACK) for __initial_sp
    startup_stm32f4xx.o(RESET) refers to startup_stm32f4xx.o(.text) for Reset_Handler
    startup_stm32f4xx.o(RESET) refers to stm32f4xx_it.o(.text) for NMI_Handler
    startup_stm32f4xx.o(RESET) refers to port.o(.emb_text) for SVC_Handler
    startup_stm32f4xx.o(RESET) refers to port.o(.text) for SysTick_Handler
    startup_stm32f4xx.o(RESET) refers to main.o(.text) for UART5_IRQHandler
    startup_stm32f4xx.o(.text) refers to system_stm32f4xx.o(.text) for SystemInit
    startup_stm32f4xx.o(.text) refers to entry.o(.ARM.Collect$$$$00000000) for __main
    stm32f4xx_gpio.o(.text) refers to stm32f4xx_rcc.o(.text) for RCC_AHB1PeriphResetCmd
    stm32f4xx_rcc.o(.text) refers to stm32f4xx_rcc.o(.data) for .data
    stm32f4xx_adc.o(.text) refers to stm32f4xx_rcc.o(.text) for RCC_APB2PeriphResetCmd
    stm32f4xx_spi.o(.text) refers to stm32f4xx_rcc.o(.text) for RCC_APB2PeriphResetCmd
    stm32f4xx_tim.o(.text) refers to stm32f4xx_rcc.o(.text) for RCC_APB2PeriphResetCmd
    stm32f4xx_usart.o(.text) refers to stm32f4xx_rcc.o(.text) for RCC_APB2PeriphResetCmd
    stm32f4xx_syscfg.o(.text) refers to stm32f4xx_rcc.o(.text) for RCC_APB2PeriphResetCmd
    stm32f4xx_wwdg.o(.text) refers to stm32f4xx_rcc.o(.text) for RCC_APB1PeriphResetCmd
[...]
    xIdleTaskHandle                          0x200001d8   Data           4  tasks.o(.data)
    uxSchedulerSuspended                     0x200001dc   Data           4  tasks.o(.data)
    pxDelayedTaskList                        0x200001e0   Data           4  tasks.o(.data)
    pxOverflowDelayedTaskList                0x200001e4   Data           4  tasks.o(.data)
    .data                                    0x200001e8   Section       24  heap_2.o(.data)
    xFreeBytesRemaining                      0x200001e8   Data           4  heap_2.o(.data)
    xHeapHasBeenInitialised                  0x200001ec   Data           4  heap_2.o(.data)
    xStart                                   0x200001f0   Data           8  heap_2.o(.data)
    xEnd                                     0x200001f8   Data           8  heap_2.o(.data)
    .data                                    0x20000200   Section       12  port.o(.data)
    ucMaxSysCallPriority                     0x20000200   Data           1  port.o(.data)
    uxCriticalNesting                        0x20000204   Data           4  port.o(.data)
    ulMaxPRIGROUPValue                       0x20000208   Data           4  port.o(.data)
    .data                                    0x2000020c   Section        4  errno.o(.data)
    _errno                                   0x2000020c   Data           4  errno.o(.data)
    .bss                                     0x20000210   Section     2242  main.o(.bss)
    median_buf                               0x200003c4   Data         140  main.o(.bss)
    avg_buf                                  0x20000450   Data        1400  main.o(.bss)
    .bss                                     0x20000ad4   Section      200  tasks.o(.bss)
    pxReadyTasksLists                        0x20000ad4   Data         100  tasks.o(.bss)
    xDelayedTaskList1                        0x20000b38   Data          20  tasks.o(.bss)
    xDelayedTaskList2                        0x20000b4c   Data          20  tasks.o(.bss)
    xPendingReadyList                        0x20000b60   Data          20  tasks.o(.bss)
    xTasksWaitingTermination                 0x20000b74   Data          20  tasks.o(.bss)
    xSuspendedTaskList                       0x20000b88   Data          20  tasks.o(.bss)
    .bss                                     0x20000b9c   Section    76800  heap_2.o(.bss)
    ucHeap                                   0x20000b9c   Data       76800  heap_2.o(.bss)
    STACK                                    0x200137a0   Section     1024  startup_stm32f4xx.o(STACK)

    Global Symbols

    Symbol Name                              Value     Ov Type        Size  Object(Section)

    BuildAttributes$$THM_ISAv4$E$P$D$K$B$S$7EM$PE$A:L22UL41UL21$X:L11$S22US41US21$IEEE1$IW$USESV6$~STKCKD$USESV7$~SHL$OTIME$ROPI$IEEEX$EBA8$MICROLIB$REQ8$PRES8$EABIv2 0x00000000   Number         0  anon$$obj.o ABSOLUTE
    __ARM_use_no_argv                        0x00000000   Number         0  main.o ABSOLUTE
    _printf_a                                0x00000000   Number         0  stubs.o ABSOLUTE
    _printf_c                                0x00000000   Number         0  stubs.o ABSOLUTE
    _printf_charcount                        0x00000000   Number         0  stubs.o ABSOLUTE
    _printf_d                                0x00000000   Number         0  stubs.o ABSOLUTE
    _printf_e                                0x00000000   Number         0  stubs.o ABSOLUTE
    _printf_f                                0x00000000   Number         0  stubs.o ABSOLUTE
    _printf_flags                            0x00000000   Number         0  stubs.o ABSOLUTE
    _printf_fp_dec                           0x00000000   Number         0  stubs.o ABSOLUTE
    _printf_fp_hex                           0x00000000   Number         0  stubs.o ABSOLUTE
    _printf_g                                0x00000000   Number         0  stubs.o ABSOLUTE
    _printf_i                                0x00000000   Number         0  stubs.o ABSOLUTE
    _printf_int_dec                          0x00000000   Number         0  stubs.o ABSOLUTE
    _printf_l                                0x00000000   Number         0  stubs.o ABSOLUTE
    _printf_lc                               0x00000000   Number         0  stubs.o ABSOLUTE
    _printf_ll                               0x00000000   Number         0  stubs.o ABSOLUTE
    _printf_lld                              0x00000000   Number         0  stubs.o ABSOLUTE
    _printf_lli                              0x00000000   Number         0  stubs.o ABSOLUTE
    _printf_llo                              0x00000000   Number         0  stubs.o ABSOLUTE
    _printf_llu                              0x00000000   Number         0  stubs.o ABSOLUTE
    _printf_llx                              0x00000000   Number         0  stubs.o ABSOLUTE
    _printf_longlong_dec                     0x00000000   Number         0  stubs.o ABSOLUTE
    _printf_longlong_hex                     0x00000000   Number         0  stubs.o ABSOLUTE
    _printf_longlong_oct                     0x00000000   Number         0  stubs.o ABSOLUTE
    _printf_ls                               0x00000000   Number         0  stubs.o ABSOLUTE
    _printf_mbtowc                           0x00000000   Number         0  stubs.o ABSOLUTE
    _printf_n                                0x00000000   Number         0  stubs.o ABSOLUTE
    _printf_o                                0x00000000   Number         0  stubs.o ABSOLUTE
    _printf_p                                0x00000000   Number         0  stubs.o ABSOLUTE
    _printf_percent                          0x00000000   Number         0  stubs.o ABSOLUTE
    _printf_pre_padding                      0x00000000   Number         0  stubs.o ABSOLUTE
    _printf_return_value                     0x00000000   Number         0  stubs.o ABSOLUTE
    _printf_s                                0x00000000   Number         0  stubs.o ABSOLUTE
    _printf_sizespec                         0x00000000   Number         0  stubs.o ABSOLUTE
    _printf_str                              0x00000000   Number         0  stubs.o ABSOLUTE
    _printf_truncate_signed                  0x00000000   Number         0  stubs.o ABSOLUTE
    _printf_truncate_unsigned                0x00000000   Number         0  stubs.o ABSOLUTE
    _printf_u                                0x00000000   Number         0  stubs.o ABSOLUTE
    _printf_wc                               0x00000000   Number         0  stubs.o ABSOLUTE
    _printf_wctomb                           0x00000000   Number         0  stubs.o ABSOLUTE
    _printf_widthprec                        0x00000000   Number         0  stubs.o ABSOLUTE
    _printf_x                                0x00000000   Number         0  stubs.o ABSOLUTE
    __arm_fini_                               - Undefined Weak Reference
    __cpp_initialize__aeabi_                  - Undefined Weak Reference
    __cxa_finalize                            - Undefined Weak Reference
    _clock_init                               - Undefined Weak Reference
    _microlib_exit                            - Undefined Weak Reference
    __Vectors_Size                           0x00000188   Number         0  startup_stm32f4xx.o ABSOLUTE
    __Vectors                                0x08000000   Data           4  startup_stm32f4xx.o(RESET)
    __Vectors_End                            0x08000188   Data           0  startup_stm32f4xx.o(RESET)
    __main                                   0x08000189   Thumb Code     0  entry.o(.ARM.Collect$$$$00000000)
    _main_stk                                0x08000189   Thumb Code     0  entry2.o(.ARM.Collect$$$$00000001)
    _main_scatterload                        0x0800018d   Thumb Code     0  entry5.o(.ARM.Collect$$$$00000004)
    __main_after_scatterload                 0x08000191   Thumb Code     0  entry5.o(.ARM.Collect$$$$00000004)
    _main_clock                              0x08000191   Thumb Code     0  entry7b.o(.ARM.Collect$$$$00000008)
    _main_cpp_init                           0x08000191   Thumb Code     0  entry8b.o(.ARM.Collect$$$$0000000A)
    _main_init                               0x08000191   Thumb Code     0  entry9a.o(.ARM.Collect$$$$0000000B)
    __rt_lib_shutdown_fini                   0x08000199   Thumb Code     0  entry12b.o(.ARM.Collect$$$$0000000E)
    __rt_final_cpp                           0x0800019d   Thumb Code     0  entry10a.o(.ARM.Collect$$$$0000000F)
    __rt_final_exit                          0x0800019d   Thumb Code     0  entry11a.o(.ARM.Collect$$$$00000011)
    SVC_Handler                              0x080001a1   Thumb Code    32  port.o(.emb_text)
    __asm___6_port_c_39a90d8d__prvStartFirstTask 0x080001c5   Thumb Code    28  port.o(.emb_text)
    PendSV_Handler                           0x080001e5   Thumb Code    72  port.o(.emb_text)
    vPortGetIPSR                             0x08000231   Thumb Code     6  port.o(.emb_text)
    NMI_Handler                              0x08000239   Thumb Code     2  stm32f4xx_it.o(.text)
    HardFault_Handler                        0x0800023b   Thumb Code     2  stm32f4xx_it.o(.text)
    MemManage_Handler                        0x0800023d   Thumb Code     2  stm32f4xx_it.o(.text)
    BusFault_Handler                         0x0800023f   Thumb Code     2  stm32f4xx_it.o(.text)
    UsageFault_Handler                       0x08000241   Thumb Code     2  stm32f4xx_it.o(.text)
    DebugMon_Handler                         0x08000243   Thumb Code     2  stm32f4xx_it.o(.text)
    USART1_IRQHandler                        0x08000249   Thumb Code    32  stm32f4xx_it.o(.text)
    DMA1_Stream4_IRQHandler                  0x08000269   Thumb Code     8  stm32f4xx_it.o(.text)
    DMA2_Stream1_IRQHandler                  0x08000271   Thumb Code    38  stm32f4xx_it.o(.text)
    DMA2_Stream0_IRQHandler                  0x08000297   Thumb Code    38  stm32f4xx_it.o(.text)
    DMA2_Stream2_IRQHandler                  0x080002bd   Thumb Code    70  stm32f4xx_it.o(.text)
    DMA2_Stream5_IRQHandler                  0x08000303   Thumb Code    10  stm32f4xx_it.o(.text)
    DMA1_Stream1_IRQHandler                  0x0800030d   Thumb Code    38  stm32f4xx_it.o(.text)
    DMA1_Stream0_IRQHandler                  0x08000333   Thumb Code    34  stm32f4xx_it.o(.text)
    DMA1_Stream7_IRQHandler                  0x08000355   Thumb Code    42  stm32f4xx_it.o(.text)
    DMA1_Stream6_IRQHandler                  0x0800037f   Thumb Code    34  stm32f4xx_it.o(.text)
    DMA1_Stream2_IRQHandler                  0x080003a1   Thumb Code    34  stm32f4xx_it.o(.text)
    DMA1_Stream3_IRQHandler                  0x080003c3   Thumb Code    44  stm32f4xx_it.o(.text)
    TIM6_DAC_IRQHandler                      0x080003ef   Thumb Code    50  stm32f4xx_it.o(.text)
    TIM7_IRQHandler                          0x08000421   Thumb Code     8  stm32f4xx_it.o(.text)
    TIM1_UP_TIM10_IRQHandler                 0x08000429   Thumb Code    44  stm32f4xx_it.o(.text)
    TIM1_TRG_COM_TIM11_IRQHandler            0x08000455   Thumb Code     2  stm32f4xx_it.o(.text)
    TIM2_IRQHandler                          0x08000457   Thumb Code    32  stm32f4xx_it.o(.text)
    TIM3_IRQHandler                          0x08000477   Thumb Code    32  stm32f4xx_it.o(.text)
    TIM4_IRQHandler                          0x08000497   Thumb Code    32  stm32f4xx_it.o(.text)
    TIM5_IRQHandler                          0x080004b7   Thumb Code    32  stm32f4xx_it.o(.text)
    SPI1_IRQHandler                          0x080004d7   Thumb Code     2  stm32f4xx_it.o(.text)
    SPI3_IRQHandler                          0x080004d9   Thumb Code     2  stm32f4xx_it.o(.text)
    EXTI2_IRQHandler                         0x080004db   Thumb Code     2  stm32f4xx_it.o(.text)
    EXTI0_IRQHandler                         0x080004dd   Thumb Code     6  stm32f4xx_it.o(.text)
    EXTI9_5_IRQHandler                       0x080004e3   Thumb Code   544  stm32f4xx_it.o(.text)
    DO_RONG_XUNG                             0x08000703   Thumb Code    22  stm32f4xx_it.o(.text)
    EXTI15_10_IRQHandler                     0x08000719   Thumb Code     8  stm32f4xx_it.o(.text)
    HMI_ky_tu                                0x08000729   Thumb Code    70  main.o(.text)
    HMISends                                 0x0800076f   Thumb Code    40  main.o(.text)
    HMISendb                                 0x08000797   Thumb Code    42  main.o(.text)
    gui_so                                   0x080007c1   Thumb Code    92  main.o(.text)
    gui_chu                                  0x0800081d   Thumb Code    58  main.o(.text)
    HMI_DMI                                  0x08000857   Thumb Code   190  main.o(.text)
    HMI_PUTS                                 0x08000915   Thumb Code   182  main.o(.text)
    HMI_PUT_j                                0x080009cb   Thumb Code    26  main.o(.text)
    HMI_DMI_CHI_GUI_SO                       0x080009e5   Thumb Code   178  main.o(.text)
    gp_update_uart                           0x08000a97   Thumb Code   282  main.o(.text)
    gp_get_mode_uart                         0x08000bb1   Thumb Code    22  main.o(.text)
    BreakHam                                 0x08000bc7   Thumb Code    16  main.o(.text)
    delay_us                                 0x08000bd7   Thumb Code    24  main.o(.text)
    delay_ms                                 0x08000bef   Thumb Code    24  main.o(.text)
    Config_out_mode                          0x08000c07   Thumb Code    90  main.o(.text)
    Config_in_mode                           0x08000c61   Thumb Code    70  main.o(.text)
    Config_int_time6                         0x08000ca7   Thumb Code   114  main.o(.text)
    Config_int_time7                         0x08000d19   Thumb Code   110  main.o(.text)
    Config_pwm_time_t4                       0x08000d87   Thumb Code   196  main.o(.text)
    Config_encoder_timer2_timer3             0x08000e4b   Thumb Code   426  main.o(.text)
    Config_encoder_timer1                    0x08000ff5   Thumb Code   226  main.o(.text)
    Config_encoder_timer4                    0x080010d7   Thumb Code   230  main.o(.text)
    Config_encoder_timer5                    0x080011bd   Thumb Code   226  main.o(.text)
    Config_ADC1_DMA                          0x0800129f   Thumb Code   496  main.o(.text)
    UART1_DMA_RX                             0x0800148f   Thumb Code   260  main.o(.text)
    UART3_DMA_TX_RX                          0x08001593   Thumb Code   370  main.o(.text)
    UART4_DMA_RX                             0x08001705   Thumb Code   260  main.o(.text)
    UART5_DMA_TX                             0x08001809   Thumb Code   340  main.o(.text)
    UART5_IRQHandler                         0x0800195d   Thumb Code    76  main.o(.text)
    UART5_DMA_RX                             0x080019a9   Thumb Code   248  main.o(.text)
    UART5_ProcessData                        0x08001aa1   Thumb Code   100  main.o(.text)
    UART6_DMA_RX                             0x08001b05   Thumb Code   256  main.o(.text)
    UART6_ProcessData                        0x08001c05   Thumb Code    72  main.o(.text)
    UART2_DMA_TX                             0x08001c4d   Thumb Code   312  main.o(.text)
    ngat_ngoai                               0x08001d85   Thumb Code   144  main.o(.text)
    JOHO_Checksum                            0x08001e15   Thumb Code    36  main.o(.text)
    JOHO_CreatePacket                        0x08001e39   Thumb Code    48  main.o(.text)
    Prepare_JOHO_Buffer                      0x08001e69   Thumb Code   140  main.o(.text)
    TIMER_RC                                 0x08001ef5   Thumb Code    60  main.o(.text)
    SEND_UART                                0x08001f31   Thumb Code   106  main.o(.text)
    READ_ENCODER_1                           0x08001f9b   Thumb Code    90  main.o(.text)
    READ_ENCODER_1_SCALED                    0x08001ff5   Thumb Code    94  main.o(.text)
    READ_ENCODER_2                           0x08002053   Thumb Code    90  main.o(.text)
    READ_ENCODER_3                           0x080020ad   Thumb Code    88  main.o(.text)
    READ_ENCODER_4                           0x08002105   Thumb Code   142  main.o(.text)
    READ_ENCODER_5                           0x08002193   Thumb Code    86  main.o(.text)
    RESET_ENCODER                            0x080021e9   Thumb Code    68  main.o(.text)
    Median5                                  0x0800222d   Thumb Code    68  main.o(.text)
    AverageN                                 0x08002271   Thumb Code    28  main.o(.text)
    ADC1_Update_Filter                       0x0800228d   Thumb Code   138  main.o(.text)
    START_IMU                                0x08002317   Thumb Code    30  main.o(.text)
    RESET_IMU                                0x08002335   Thumb Code    30  main.o(.text)
    tinhDoNghieng                            0x08002353   Thumb Code    88  main.o(.text)
    HMI_TRAN                                 0x080023ab   Thumb Code  1394  main.o(.text)
    DATA_SPEED_RUN_LOOP                      0x0800291d   Thumb Code     8  main.o(.text)
    HMI_RUN_LOOP                             0x08002925   Thumb Code    28  main.o(.text)
    Test_Day_KFS                             0x08002953   Thumb Code    28  main.o(.text)
    Nang_tay_tu_tu                           0x0800296f   Thumb Code   200  main.o(.text)
    Nang_Ha_Tay_Kep                          0x08002a37   Thumb Code   578  main.o(.text)
    Test_Lay_VK                              0x08002c79   Thumb Code    82  main.o(.text)
    Test_Tay_Kep                             0x08002ccb   Thumb Code    32  main.o(.text)
    TestDC_RA_VAO                            0x08002ceb   Thumb Code    50  main.o(.text)
    CONTROL_TOC_DO                           0x08002d1d   Thumb Code    14  main.o(.text)
    MAIN_CONTROL                             0x08002d2b   Thumb Code    88  main.o(.text)
    quet_tay_game                            0x08002d83   Thumb Code  1500  main.o(.text)
    adc_to_mm                                0x0800340f   Thumb Code   136  main.o(.text)
    update_laser_truoc                       0x08003497   Thumb Code    16  main.o(.text)
    nang_chan_tu_tu                          0x080034a7   Thumb Code   260  main.o(.text)
    Robot_Start                              0x080035ab   Thumb Code   130  main.o(.text)
    DAI_RTOS_V1                              0x0800364d   Thumb Code    86  main.o(.text)
    apply_s_curve_shaping                    0x080036a3   Thumb Code   282  main.o(.text)
    RUN_XOAY                                 0x080037bd   Thumb Code   184  main.o(.text)
    RUN_SW                                   0x08003875   Thumb Code  2186  main.o(.text)
    test_cb                                  0x080040ff   Thumb Code   260  main.o(.text)
    ham_test                                 0x08004203   Thumb Code     2  main.o(.text)
    Test_Nang_Chan                           0x08004205   Thumb Code   106  main.o(.text)
    UP_All_LEG                               0x0800426f   Thumb Code   136  main.o(.text)
    Check_VT1                                0x080042f7   Thumb Code    66  main.o(.text)
    Test_Run_auto_noleg                      0x08004339   Thumb Code    68  main.o(.text)
    Kiem_Tra_Va_Di_Chuyen                    0x0800437d   Thumb Code    80  main.o(.text)
    Xu_Ly_Cell_Cuoi                          0x080043cd   Thumb Code    96  main.o(.text)
    Start_Auto_Lane_Logic                    0x0800442d   Thumb Code    62  main.o(.text)
    Test_CB_Bang_tay                         0x0800446b   Thumb Code    50  main.o(.text)
    Chay_Lane_1                              0x0800449d   Thumb Code   282  main.o(.text)
    Bit_tay_ra_vao                           0x080045b7   Thumb Code    26  main.o(.text)
    Co_Cau_Tay                               0x080045d1   Thumb Code   156  main.o(.text)
    TuDongCanGiua                            0x0800466d   Thumb Code    94  main.o(.text)
    Tu_Dong_KFS                              0x080046cb   Thumb Code   102  main.o(.text)
    main                                     0x08004731   Thumb Code   138  main.o(.text)
    SystemInit                               0x08004877   Thumb Code    62  system_stm32f4xx.o(.text)
    SystemCoreClockUpdate                    0x080048b5   Thumb Code   108  system_stm32f4xx.o(.text)
    Reset_Handler                            0x08004945   Thumb Code     8  startup_stm32f4xx.o(.text)
    ADC_IRQHandler                           0x0800495f   Thumb Code     0  startup_stm32f4xx.o(.text)
    CAN1_RX0_IRQHandler                      0x0800495f   Thumb Code     0  startup_stm32f4xx.o(.text)
    CAN1_RX1_IRQHandler                      0x0800495f   Thumb Code     0  startup_stm32f4xx.o(.text)
    CAN1_SCE_IRQHandler                      0x0800495f   Thumb Code     0  startup_stm32f4xx.o(.text)
    CAN1_TX_IRQHandler                       0x0800495f   Thumb Code     0  startup_stm32f4xx.o(.text)
    CAN2_RX0_IRQHandler                      0x0800495f   Thumb Code     0  startup_stm32f4xx.o(.text)
    CAN2_RX1_IRQHandler                      0x0800495f   Thumb Code     0  startup_stm32f4xx.o(.text)
    CAN2_SCE_IRQHandler                      0x0800495f   Thumb Code     0  startup_stm32f4xx.o(.text)
    CAN2_TX_IRQHandler                       0x0800495f   Thumb Code     0  startup_stm32f4xx.o(.text)
    CRYP_IRQHandler                          0x0800495f   Thumb Code     0  startup_stm32f4xx.o(.text)
    DCMI_IRQHandler                          0x0800495f   Thumb Code     0  startup_stm32f4xx.o(.text)
    DMA1_Stream5_IRQHandler                  0x0800495f   Thumb Code     0  startup_stm32f4xx.o(.text)
    DMA2_Stream3_IRQHandler                  0x0800495f   Thumb Code     0  startup_stm32f4xx.o(.text)
    DMA2_Stream4_IRQHandler                  0x0800495f   Thumb Code     0  startup_stm32f4xx.o(.text)
    DMA2_Stream6_IRQHandler                  0x0800495f   Thumb Code     0  startup_stm32f4xx.o(.text)
    DMA2_Stream7_IRQHandler                  0x0800495f   Thumb Code     0  startup_stm32f4xx.o(.text)
    ETH_IRQHandler                           0x0800495f   Thumb Code     0  startup_stm32f4xx.o(.text)
    ETH_WKUP_IRQHandler                      0x0800495f   Thumb Code     0  startup_stm32f4xx.o(.text)
    EXTI1_IRQHandler                         0x0800495f   Thumb Code     0  startup_stm32f4xx.o(.text)
    EXTI3_IRQHandler                         0x0800495f   Thumb Code     0  startup_stm32f4xx.o(.text)
    EXTI4_IRQHandler                         0x0800495f   Thumb Code     0  startup_stm32f4xx.o(.text)
    FLASH_IRQHandler                         0x0800495f   Thumb Code     0  startup_stm32f4xx.o(.text)
    FPU_IRQHandler                           0x0800495f   Thumb Code     0  startup_stm32f4xx.o(.text)
    FSMC_IRQHandler                          0x0800495f   Thumb Code     0  startup_stm32f4xx.o(.text)
    HASH_RNG_IRQHandler                      0x0800495f   Thumb Code     0  startup_stm32f4xx.o(.text)
    I2C1_ER_IRQHandler                       0x0800495f   Thumb Code     0  startup_stm32f4xx.o(.text)
    I2C1_EV_IRQHandler                       0x0800495f   Thumb Code     0  startup_stm32f4xx.o(.text)
    I2C2_ER_IRQHandler                       0x0800495f   Thumb Code     0  startup_stm32f4xx.o(.text)
    I2C2_EV_IRQHandler                       0x0800495f   Thumb Code     0  startup_stm32f4xx.o(.text)
    I2C3_ER_IRQHandler                       0x0800495f   Thumb Code     0  startup_stm32f4xx.o(.text)
    I2C3_EV_IRQHandler                       0x0800495f   Thumb Code     0  startup_stm32f4xx.o(.text)
    OTG_FS_IRQHandler                        0x0800495f   Thumb Code     0  startup_stm32f4xx.o(.text)
    OTG_FS_WKUP_IRQHandler                   0x0800495f   Thumb Code     0  startup_stm32f4xx.o(.text)
    OTG_HS_EP1_IN_IRQHandler                 0x0800495f   Thumb Code     0  startup_stm32f4xx.o(.text)
    OTG_HS_EP1_OUT_IRQHandler                0x0800495f   Thumb Code     0  startup_stm32f4xx.o(.text)
    OTG_HS_IRQHandler                        0x0800495f   Thumb Code     0  startup_stm32f4xx.o(.text)
    OTG_HS_WKUP_IRQHandler                   0x0800495f   Thumb Code     0  startup_stm32f4xx.o(.text)
    PVD_IRQHandler                           0x0800495f   Thumb Code     0  startup_stm32f4xx.o(.text)
    RCC_IRQHandler                           0x0800495f   Thumb Code     0  startup_stm32f4xx.o(.text)
    RTC_Alarm_IRQHandler                     0x0800495f   Thumb Code     0  startup_stm32f4xx.o(.text)
    RTC_WKUP_IRQHandler                      0x0800495f   Thumb Code     0  startup_stm32f4xx.o(.text)
    SDIO_IRQHandler                          0x0800495f   Thumb Code     0  startup_stm32f4xx.o(.text)
    SPI2_IRQHandler                          0x0800495f   Thumb Code     0  startup_stm32f4xx.o(.text)
    TAMP_STAMP_IRQHandler                    0x0800495f   Thumb Code     0  startup_stm32f4xx.o(.text)
    TIM1_BRK_TIM9_IRQHandler                 0x0800495f   Thumb Code     0  startup_stm32f4xx.o(.text)
    TIM1_CC_IRQHandler                       0x0800495f   Thumb Code     0  startup_stm32f4xx.o(.text)
    TIM8_BRK_TIM12_IRQHandler                0x0800495f   Thumb Code     0  startup_stm32f4xx.o(.text)
    TIM8_CC_IRQHandler                       0x0800495f   Thumb Code     0  startup_stm32f4xx.o(.text)
    TIM8_TRG_COM_TIM14_IRQHandler            0x0800495f   Thumb Code     0  startup_stm32f4xx.o(.text)
    TIM8_UP_TIM13_IRQHandler                 0x0800495f   Thumb Code     0  startup_stm32f4xx.o(.text)
    UART4_IRQHandler                         0x0800495f   Thumb Code     0  startup_stm32f4xx.o(.text)
    USART2_IRQHandler                        0x0800495f   Thumb Code     0  startup_stm32f4xx.o(.text)
    USART3_IRQHandler                        0x0800495f   Thumb Code     0  startup_stm32f4xx.o(.text)
    USART6_IRQHandler                        0x0800495f   Thumb Code     0  startup_stm32f4xx.o(.text)
    WWDG_IRQHandler                          0x0800495f   Thumb Code     0  startup_stm32f4xx.o(.text)
    NVIC_PriorityGroupConfig                 0x08004969   Thumb Code    10  misc.o(.text)
    NVIC_Init                                0x08004973   Thumb Code    96  misc.o(.text)
    NVIC_SetVectorTable                      0x080049d3   Thumb Code    14  misc.o(.text)
    NVIC_SystemLPConfig                      0x080049e1   Thumb Code    20  misc.o(.text)
    SysTick_CLKSourceConfig                  0x080049f5   Thumb Code    24  misc.o(.text)
    GPIO_DeInit                              0x08004a19   Thumb Code   192  stm32f4xx_gpio.o(.text)
    GPIO_Init                                0x08004ad9   Thumb Code   162  stm32f4xx_gpio.o(.text)
    GPIO_StructInit                          0x08004b7b   Thumb Code    18  stm32f4xx_gpio.o(.text)
    GPIO_PinLockConfig                       0x08004b8d   Thumb Code    24  stm32f4xx_gpio.o(.text)
    GPIO_ReadInputDataBit                    0x08004ba5   Thumb Code    14  stm32f4xx_gpio.o(.text)
    GPIO_ReadInputData                       0x08004bb3   Thumb Code     6  stm32f4xx_gpio.o(.text)
    GPIO_ReadOutputDataBit                   0x08004bb9   Thumb Code    14  stm32f4xx_gpio.o(.text)
    GPIO_ReadOutputData                      0x08004bc7   Thumb Code     6  stm32f4xx_gpio.o(.text)
    GPIO_SetBits                             0x08004bcd   Thumb Code     4  stm32f4xx_gpio.o(.text)
    GPIO_ResetBits                           0x08004bd1   Thumb Code     4  stm32f4xx_gpio.o(.text)
    GPIO_WriteBit                            0x08004bd5   Thumb Code    10  stm32f4xx_gpio.o(.text)
    GPIO_Write                               0x08004bdf   Thumb Code     4  stm32f4xx_gpio.o(.text)
    GPIO_ToggleBits                          0x08004be3   Thumb Code     8  stm32f4xx_gpio.o(.text)
    GPIO_PinAFConfig                         0x08004beb   Thumb Code    32  stm32f4xx_gpio.o(.text)
    RCC_DeInit                               0x08004c31   Thumb Code    48  stm32f4xx_rcc.o(.text)
    RCC_HSEConfig                            0x08004c61   Thumb Code    12  stm32f4xx_rcc.o(.text)
    RCC_GetFlagStatus                        0x08004c6d   Thumb Code    46  stm32f4xx_rcc.o(.text)
    RCC_WaitForHSEStartUp                    0x08004c9b   Thumb Code    44  stm32f4xx_rcc.o(.text)
    RCC_AdjustHSICalibrationValue            0x08004cc7   Thumb Code    16  stm32f4xx_rcc.o(.text)
    RCC_HSICmd                               0x08004cd7   Thumb Code     6  stm32f4xx_rcc.o(.text)
    RCC_LSEConfig                            0x08004cdd   Thumb Code    24  stm32f4xx_rcc.o(.text)
    RCC_LSICmd                               0x08004cf5   Thumb Code     6  stm32f4xx_rcc.o(.text)
    RCC_PLLConfig                            0x08004cfb   Thumb Code    32  stm32f4xx_rcc.o(.text)
    RCC_PLLCmd                               0x08004d1b   Thumb Code     6  stm32f4xx_rcc.o(.text)
    RCC_PLLI2SConfig                         0x08004d21   Thumb Code    14  stm32f4xx_rcc.o(.text)
    RCC_PLLI2SCmd                            0x08004d2f   Thumb Code     6  stm32f4xx_rcc.o(.text)
    RCC_ClockSecuritySystemCmd               0x08004d35   Thumb Code     6  stm32f4xx_rcc.o(.text)
    RCC_MCO1Config                           0x08004d3b   Thumb Code    18  stm32f4xx_rcc.o(.text)
    RCC_MCO2Config                           0x08004d4d   Thumb Code    18  stm32f4xx_rcc.o(.text)
    RCC_SYSCLKConfig                         0x08004d5f   Thumb Code    16  stm32f4xx_rcc.o(.text)
    RCC_GetSYSCLKSource                      0x08004d6f   Thumb Code    12  stm32f4xx_rcc.o(.text)
    RCC_HCLKConfig                           0x08004d7b   Thumb Code    16  stm32f4xx_rcc.o(.text)
    RCC_PCLK1Config                          0x08004d8b   Thumb Code    16  stm32f4xx_rcc.o(.text)
    RCC_PCLK2Config                          0x08004d9b   Thumb Code    18  stm32f4xx_rcc.o(.text)
    RCC_GetClocksFreq                        0x08004dad   Thumb Code   134  stm32f4xx_rcc.o(.text)
    RCC_RTCCLKConfig                         0x08004e33   Thumb Code    42  stm32f4xx_rcc.o(.text)
    RCC_RTCCLKCmd                            0x08004e5d   Thumb Code     8  stm32f4xx_rcc.o(.text)
    RCC_BackupResetCmd                       0x08004e65   Thumb Code     8  stm32f4xx_rcc.o(.text)
    RCC_I2SCLKConfig                         0x08004e6d   Thumb Code     8  stm32f4xx_rcc.o(.text)
    RCC_AHB1PeriphClockCmd                   0x08004e75   Thumb Code    20  stm32f4xx_rcc.o(.text)
    RCC_AHB2PeriphClockCmd                   0x08004e89   Thumb Code    20  stm32f4xx_rcc.o(.text)
    RCC_AHB3PeriphClockCmd                   0x08004e9d   Thumb Code    20  stm32f4xx_rcc.o(.text)
    RCC_APB1PeriphClockCmd                   0x08004eb1   Thumb Code    20  stm32f4xx_rcc.o(.text)
    RCC_APB2PeriphClockCmd                   0x08004ec5   Thumb Code    20  stm32f4xx_rcc.o(.text)
    RCC_AHB1PeriphResetCmd                   0x08004ed9   Thumb Code    20  stm32f4xx_rcc.o(.text)
    RCC_AHB2PeriphResetCmd                   0x08004eed   Thumb Code    20  stm32f4xx_rcc.o(.text)
    RCC_AHB3PeriphResetCmd                   0x08004f01   Thumb Code    20  stm32f4xx_rcc.o(.text)
    RCC_APB1PeriphResetCmd                   0x08004f15   Thumb Code    20  stm32f4xx_rcc.o(.text)
    RCC_APB2PeriphResetCmd                   0x08004f29   Thumb Code    20  stm32f4xx_rcc.o(.text)
    RCC_AHB1PeriphClockLPModeCmd             0x08004f3d   Thumb Code    20  stm32f4xx_rcc.o(.text)
    RCC_AHB2PeriphClockLPModeCmd             0x08004f51   Thumb Code    20  stm32f4xx_rcc.o(.text)
    RCC_AHB3PeriphClockLPModeCmd             0x08004f65   Thumb Code    20  stm32f4xx_rcc.o(.text)
    RCC_APB1PeriphClockLPModeCmd             0x08004f79   Thumb Code    20  stm32f4xx_rcc.o(.text)
    RCC_APB2PeriphClockLPModeCmd             0x08004f8d   Thumb Code    20  stm32f4xx_rcc.o(.text)
    RCC_ITConfig                             0x08004fa1   Thumb Code    20  stm32f4xx_rcc.o(.text)
    RCC_ClearFlag                            0x08004fb5   Thumb Code    14  stm32f4xx_rcc.o(.text)
    RCC_GetITStatus                          0x08004fc3   Thumb Code    18  stm32f4xx_rcc.o(.text)
    RCC_ClearITPendingBit                    0x08004fd5   Thumb Code     8  stm32f4xx_rcc.o(.text)
    ADC_DeInit                               0x08005001   Thumb Code    24  stm32f4xx_adc.o(.text)
    ADC_Init                                 0x08005019   Thumb Code    66  stm32f4xx_adc.o(.text)
    ADC_StructInit                           0x0800505b   Thumb Code    20  stm32f4xx_adc.o(.text)
    ADC_CommonInit                           0x0800506f   Thumb Code    34  stm32f4xx_adc.o(.text)
    ADC_CommonStructInit                     0x08005091   Thumb Code    12  stm32f4xx_adc.o(.text)
    ADC_Cmd                                  0x0800509d   Thumb Code    20  stm32f4xx_adc.o(.text)
    ADC_AnalogWatchdogCmd                    0x080050b1   Thumb Code    12  stm32f4xx_adc.o(.text)
    ADC_AnalogWatchdogThresholdsConfig       0x080050bd   Thumb Code     6  stm32f4xx_adc.o(.text)
    ADC_AnalogWatchdogSingleChannelConfig    0x080050c3   Thumb Code    12  stm32f4xx_adc.o(.text)
    ADC_TempSensorVrefintCmd                 0x080050cf   Thumb Code    26  stm32f4xx_adc.o(.text)
    ADC_VBATCmd                              0x080050e9   Thumb Code    26  stm32f4xx_adc.o(.text)
    ADC_RegularChannelConfig                 0x08005103   Thumb Code   116  stm32f4xx_adc.o(.text)
    ADC_SoftwareStartConv                    0x08005177   Thumb Code    10  stm32f4xx_adc.o(.text)
    ADC_GetSoftwareStartConvStatus           0x08005181   Thumb Code    14  stm32f4xx_adc.o(.text)
    ADC_EOCOnEachRegularChannelCmd           0x0800518f   Thumb Code    20  stm32f4xx_adc.o(.text)
    ADC_ContinuousModeCmd                    0x080051a3   Thumb Code    20  stm32f4xx_adc.o(.text)
    ADC_DiscModeChannelCountConfig           0x080051b7   Thumb Code    16  stm32f4xx_adc.o(.text)
    ADC_DiscModeCmd                          0x080051c7   Thumb Code    20  stm32f4xx_adc.o(.text)
    ADC_GetConversionValue                   0x080051db   Thumb Code     6  stm32f4xx_adc.o(.text)
    ADC_GetMultiModeConversionValue          0x080051e1   Thumb Code     8  stm32f4xx_adc.o(.text)
    ADC_DMACmd                               0x080051e9   Thumb Code    20  stm32f4xx_adc.o(.text)
    ADC_DMARequestAfterLastTransferCmd       0x080051fd   Thumb Code    20  stm32f4xx_adc.o(.text)
    ADC_MultiModeDMARequestAfterLastTransferCmd 0x08005211   Thumb Code    26  stm32f4xx_adc.o(.text)
    ADC_InjectedChannelConfig                0x0800522b   Thumb Code    74  stm32f4xx_adc.o(.text)
    ADC_InjectedSequencerLengthConfig        0x08005275   Thumb Code    16  stm32f4xx_adc.o(.text)
    ADC_SetInjectedOffset                    0x08005285   Thumb Code    10  stm32f4xx_adc.o(.text)
    ADC_ExternalTrigInjectedConvConfig       0x0800528f   Thumb Code    12  stm32f4xx_adc.o(.text)
    ADC_ExternalTrigInjectedConvEdgeConfig   0x0800529b   Thumb Code    12  stm32f4xx_adc.o(.text)
    ADC_SoftwareStartInjectedConv            0x080052a7   Thumb Code    10  stm32f4xx_adc.o(.text)
    ADC_GetSoftwareStartInjectedConvCmdStatus 0x080052b1   Thumb Code    14  stm32f4xx_adc.o(.text)
    ADC_AutoInjectedConvCmd                  0x080052bf   Thumb Code    20  stm32f4xx_adc.o(.text)
    ADC_InjectedDiscModeCmd                  0x080052d3   Thumb Code    20  stm32f4xx_adc.o(.text)
    ADC_GetInjectedConversionValue           0x080052e7   Thumb Code    14  stm32f4xx_adc.o(.text)
    ADC_ITConfig                             0x080052f5   Thumb Code    18  stm32f4xx_adc.o(.text)
    ADC_GetFlagStatus                        0x08005307   Thumb Code    14  stm32f4xx_adc.o(.text)
    ADC_ClearFlag                            0x08005315   Thumb Code     6  stm32f4xx_adc.o(.text)
    ADC_GetITStatus                          0x0800531b   Thumb Code    30  stm32f4xx_adc.o(.text)
    ADC_ClearITPendingBit                    0x08005339   Thumb Code     8  stm32f4xx_adc.o(.text)
    DMA_DeInit                               0x08005355   Thumb Code   272  stm32f4xx_dma.o(.text)
    DMA_Init                                 0x08005465   Thumb Code    80  stm32f4xx_dma.o(.text)
    DMA_StructInit                           0x080054b5   Thumb Code    34  stm32f4xx_dma.o(.text)
    DMA_Cmd                                  0x080054d7   Thumb Code    20  stm32f4xx_dma.o(.text)
    DMA_PeriphIncOffsetSizeConfig            0x080054eb   Thumb Code    20  stm32f4xx_dma.o(.text)
    DMA_FlowControllerConfig                 0x080054ff   Thumb Code    20  stm32f4xx_dma.o(.text)
    DMA_SetCurrDataCounter                   0x08005513   Thumb Code     4  stm32f4xx_dma.o(.text)
    DMA_GetCurrDataCounter                   0x08005517   Thumb Code     6  stm32f4xx_dma.o(.text)
    DMA_DoubleBufferModeConfig               0x0800551d   Thumb Code    22  stm32f4xx_dma.o(.text)
    DMA_DoubleBufferModeCmd                  0x08005533   Thumb Code    20  stm32f4xx_dma.o(.text)
    DMA_MemoryTargetConfig                   0x08005547   Thumb Code    10  stm32f4xx_dma.o(.text)
    DMA_GetCurrentMemoryTarget               0x08005551   Thumb Code    14  stm32f4xx_dma.o(.text)
    DMA_GetCmdStatus                         0x0800555f   Thumb Code    14  stm32f4xx_dma.o(.text)
    DMA_GetFIFOStatus                        0x0800556d   Thumb Code     8  stm32f4xx_dma.o(.text)
    DMA_GetFlagStatus                        0x08005575   Thumb Code    42  stm32f4xx_dma.o(.text)
    DMA_ClearFlag                            0x0800559f   Thumb Code    34  stm32f4xx_dma.o(.text)
    DMA_ITConfig                             0x080055c1   Thumb Code    44  stm32f4xx_dma.o(.text)
    DMA_GetITStatus                          0x080055ed   Thumb Code    70  stm32f4xx_dma.o(.text)
    DMA_ClearITPendingBit                    0x08005633   Thumb Code    34  stm32f4xx_dma.o(.text)
    EXTI_DeInit                              0x08005675   Thumb Code    28  stm32f4xx_exti.o(.text)
    EXTI_Init                                0x08005691   Thumb Code   108  stm32f4xx_exti.o(.text)
    EXTI_StructInit                          0x080056fd   Thumb Code    14  stm32f4xx_exti.o(.text)
    EXTI_GenerateSWInterrupt                 0x0800570b   Thumb Code    12  stm32f4xx_exti.o(.text)
    EXTI_GetFlagStatus                       0x08005717   Thumb Code    18  stm32f4xx_exti.o(.text)
    EXTI_ClearFlag                           0x08005729   Thumb Code     8  stm32f4xx_exti.o(.text)
    EXTI_GetITStatus                         0x08005731   Thumb Code    28  stm32f4xx_exti.o(.text)
    EXTI_ClearITPendingBit                   0x0800574d   Thumb Code     8  stm32f4xx_exti.o(.text)
    TIM_DeInit                               0x0800575d   Thumb Code   284  stm32f4xx_tim.o(.text)
    TIM_TimeBaseInit                         0x08005879   Thumb Code    96  stm32f4xx_tim.o(.text)
    TIM_TimeBaseStructInit                   0x080058d9   Thumb Code    18  stm32f4xx_tim.o(.text)
    TIM_PrescalerConfig                      0x080058eb   Thumb Code     6  stm32f4xx_tim.o(.text)
    TIM_CounterModeConfig                    0x080058f1   Thumb Code    12  stm32f4xx_tim.o(.text)
    TIM_SetCounter                           0x080058fd   Thumb Code     4  stm32f4xx_tim.o(.text)
    TIM_SetAutoreload                        0x08005901   Thumb Code     4  stm32f4xx_tim.o(.text)
    TIM_GetCounter                           0x08005905   Thumb Code     4  stm32f4xx_tim.o(.text)
    TIM_GetPrescaler                         0x08005909   Thumb Code     4  stm32f4xx_tim.o(.text)
    TIM_UpdateDisableConfig                  0x0800590d   Thumb Code    20  stm32f4xx_tim.o(.text)
    TIM_UpdateRequestConfig                  0x08005921   Thumb Code    20  stm32f4xx_tim.o(.text)
    TIM_ARRPreloadConfig                     0x08005935   Thumb Code    20  stm32f4xx_tim.o(.text)
    TIM_SelectOnePulseMode                   0x08005949   Thumb Code    16  stm32f4xx_tim.o(.text)
    TIM_SetClockDivision                     0x08005959   Thumb Code    16  stm32f4xx_tim.o(.text)
    TIM_Cmd                                  0x08005969   Thumb Code    20  stm32f4xx_tim.o(.text)
    TIM_OC1Init                              0x0800597d   Thumb Code    88  stm32f4xx_tim.o(.text)
    TIM_OC2Init                              0x080059d5   Thumb Code   120  stm32f4xx_tim.o(.text)
    TIM_OC3Init                              0x08005a4d   Thumb Code   116  stm32f4xx_tim.o(.text)
    TIM_OC4Init                              0x08005ac1   Thumb Code    88  stm32f4xx_tim.o(.text)
    TIM_OCStructInit                         0x08005b19   Thumb Code    20  stm32f4xx_tim.o(.text)
    TIM_SelectOCxM                           0x08005b2d   Thumb Code   130  stm32f4xx_tim.o(.text)
    TIM_SetCompare1                          0x08005baf   Thumb Code     4  stm32f4xx_tim.o(.text)
    TIM_SetCompare2                          0x08005bb3   Thumb Code     4  stm32f4xx_tim.o(.text)
    TIM_SetCompare3                          0x08005bb7   Thumb Code     4  stm32f4xx_tim.o(.text)
    TIM_SetCompare4                          0x08005bbb   Thumb Code     4  stm32f4xx_tim.o(.text)
    TIM_ForcedOC1Config                      0x08005bbf   Thumb Code    12  stm32f4xx_tim.o(.text)
    TIM_ForcedOC2Config                      0x08005bcb   Thumb Code    20  stm32f4xx_tim.o(.text)
    TIM_ForcedOC3Config                      0x08005bdf   Thumb Code    12  stm32f4xx_tim.o(.text)
    TIM_ForcedOC4Config                      0x08005beb   Thumb Code    20  stm32f4xx_tim.o(.text)
    TIM_OC1PreloadConfig                     0x08005bff   Thumb Code    12  stm32f4xx_tim.o(.text)
    TIM_OC2PreloadConfig                     0x08005c0b   Thumb Code    20  stm32f4xx_tim.o(.text)
    TIM_OC3PreloadConfig                     0x08005c1f   Thumb Code    12  stm32f4xx_tim.o(.text)
    TIM_OC4PreloadConfig                     0x08005c2b   Thumb Code    20  stm32f4xx_tim.o(.text)
    TIM_OC1FastConfig                        0x08005c3f   Thumb Code    12  stm32f4xx_tim.o(.text)
    TIM_OC2FastConfig                        0x08005c4b   Thumb Code    20  stm32f4xx_tim.o(.text)
    TIM_OC3FastConfig                        0x08005c5f   Thumb Code    12  stm32f4xx_tim.o(.text)
    TIM_OC4FastConfig                        0x08005c6b   Thumb Code    20  stm32f4xx_tim.o(.text)
    TIM_ClearOC1Ref                          0x08005c7f   Thumb Code    12  stm32f4xx_tim.o(.text)
    TIM_ClearOC2Ref                          0x08005c8b   Thumb Code    20  stm32f4xx_tim.o(.text)
    TIM_ClearOC3Ref                          0x08005c9f   Thumb Code    12  stm32f4xx_tim.o(.text)
    TIM_ClearOC4Ref                          0x08005cab   Thumb Code    20  stm32f4xx_tim.o(.text)
    TIM_OC1PolarityConfig                    0x08005cbf   Thumb Code    12  stm32f4xx_tim.o(.text)
    TIM_OC1NPolarityConfig                   0x08005ccb   Thumb Code    12  stm32f4xx_tim.o(.text)
    TIM_OC2PolarityConfig                    0x08005cd7   Thumb Code    20  stm32f4xx_tim.o(.text)
    TIM_OC2NPolarityConfig                   0x08005ceb   Thumb Code    20  stm32f4xx_tim.o(.text)
    TIM_OC3PolarityConfig                    0x08005cff   Thumb Code    20  stm32f4xx_tim.o(.text)
    TIM_OC3NPolarityConfig                   0x08005d13   Thumb Code    20  stm32f4xx_tim.o(.text)
    TIM_OC4PolarityConfig                    0x08005d27   Thumb Code    20  stm32f4xx_tim.o(.text)
    TIM_CCxCmd                               0x08005d3b   Thumb Code    22  stm32f4xx_tim.o(.text)
    TIM_CCxNCmd                              0x08005d51   Thumb Code    22  stm32f4xx_tim.o(.text)
    TIM_SetIC4Prescaler                      0x08005d67   Thumb Code    24  stm32f4xx_tim.o(.text)
    TIM_SetIC3Prescaler                      0x08005d7f   Thumb Code    16  stm32f4xx_tim.o(.text)
    TIM_SetIC2Prescaler                      0x08005d8f   Thumb Code    24  stm32f4xx_tim.o(.text)
    TIM_SetIC1Prescaler                      0x08005ddd   Thumb Code    16  stm32f4xx_tim.o(.text)
    TIM_ICInit                               0x08005ded   Thumb Code   164  stm32f4xx_tim.o(.text)
    TIM_ICStructInit                         0x08005e91   Thumb Code    16  stm32f4xx_tim.o(.text)
    TIM_PWMIConfig                           0x08005ea1   Thumb Code   104  stm32f4xx_tim.o(.text)
    TIM_GetCapture1                          0x08005f09   Thumb Code     4  stm32f4xx_tim.o(.text)
    TIM_GetCapture2                          0x08005f0d   Thumb Code     4  stm32f4xx_tim.o(.text)
    TIM_GetCapture3                          0x08005f11   Thumb Code     4  stm32f4xx_tim.o(.text)
    TIM_GetCapture4                          0x08005f15   Thumb Code     4  stm32f4xx_tim.o(.text)
    TIM_BDTRConfig                           0x08005f19   Thumb Code    34  stm32f4xx_tim.o(.text)
    TIM_BDTRStructInit                       0x08005f3b   Thumb Code    18  stm32f4xx_tim.o(.text)
    TIM_CtrlPWMOutputs                       0x08005f4d   Thumb Code    22  stm32f4xx_tim.o(.text)
    TIM_SelectCOM                            0x08005f63   Thumb Code    20  stm32f4xx_tim.o(.text)
    TIM_CCPreloadControl                     0x08005f77   Thumb Code    20  stm32f4xx_tim.o(.text)
    TIM_ITConfig                             0x08005f8b   Thumb Code    16  stm32f4xx_tim.o(.text)
    TIM_GenerateEvent                        0x08005f9b   Thumb Code     4  stm32f4xx_tim.o(.text)
    TIM_GetFlagStatus                        0x08005f9f   Thumb Code    14  stm32f4xx_tim.o(.text)
    TIM_ClearFlag                            0x08005fad   Thumb Code     6  stm32f4xx_tim.o(.text)
    TIM_GetITStatus                          0x08005fb3   Thumb Code    24  stm32f4xx_tim.o(.text)
    TIM_ClearITPendingBit                    0x08005fcb   Thumb Code     6  stm32f4xx_tim.o(.text)
    TIM_DMAConfig                            0x08005fd1   Thumb Code     8  stm32f4xx_tim.o(.text)
    TIM_DMACmd                               0x08005fd9   Thumb Code    16  stm32f4xx_tim.o(.text)
    TIM_SelectCCDMA                          0x08005fe9   Thumb Code    20  stm32f4xx_tim.o(.text)
    TIM_InternalClockConfig                  0x08005ffd   Thumb Code    10  stm32f4xx_tim.o(.text)
    TIM_SelectInputTrigger                   0x08006007   Thumb Code    12  stm32f4xx_tim.o(.text)
    TIM_ITRxExternalClockConfig              0x08006013   Thumb Code    18  stm32f4xx_tim.o(.text)
    TIM_TIxExternalClockConfig               0x08006025   Thumb Code    46  stm32f4xx_tim.o(.text)
    TIM_ETRConfig                            0x08006053   Thumb Code    24  stm32f4xx_tim.o(.text)
    TIM_ETRClockMode1Config                  0x0800606b   Thumb Code    18  stm32f4xx_tim.o(.text)
    TIM_ETRClockMode2Config                  0x0800607d   Thumb Code    18  stm32f4xx_tim.o(.text)
    TIM_SelectOutputTrigger                  0x0800608f   Thumb Code    16  stm32f4xx_tim.o(.text)
    TIM_SelectSlaveMode                      0x0800609f   Thumb Code    16  stm32f4xx_tim.o(.text)
    TIM_SelectMasterSlaveMode                0x080060af   Thumb Code    16  stm32f4xx_tim.o(.text)
    TIM_EncoderInterfaceConfig               0x080060bf   Thumb Code    50  stm32f4xx_tim.o(.text)
    TIM_SelectHallSensor                     0x080060f1   Thumb Code    20  stm32f4xx_tim.o(.text)
    TIM_RemapConfig                          0x08006105   Thumb Code     6  stm32f4xx_tim.o(.text)
    USART_DeInit                             0x08006139   Thumb Code   114  stm32f4xx_usart.o(.text)
    USART_Init                               0x080061ab   Thumb Code   164  stm32f4xx_usart.o(.text)
    USART_StructInit                         0x0800624f   Thumb Code    22  stm32f4xx_usart.o(.text)
    USART_ClockInit                          0x08006265   Thumb Code    28  stm32f4xx_usart.o(.text)
    USART_ClockStructInit                    0x08006281   Thumb Code    12  stm32f4xx_usart.o(.text)
    USART_Cmd                                0x0800628d   Thumb Code    20  stm32f4xx_usart.o(.text)
    USART_SetPrescaler                       0x080062a1   Thumb Code    16  stm32f4xx_usart.o(.text)
    USART_OverSampling8Cmd                   0x080062b1   Thumb Code    20  stm32f4xx_usart.o(.text)
    USART_OneBitMethodCmd                    0x080062c5   Thumb Code    20  stm32f4xx_usart.o(.text)
    USART_SendData                           0x080062d9   Thumb Code     8  stm32f4xx_usart.o(.text)
    USART_ReceiveData                        0x080062e1   Thumb Code     8  stm32f4xx_usart.o(.text)
    USART_SetAddress                         0x080062e9   Thumb Code    16  stm32f4xx_usart.o(.text)
    USART_ReceiverWakeUpCmd                  0x080062f9   Thumb Code    20  stm32f4xx_usart.o(.text)
    USART_WakeUpConfig                       0x0800630d   Thumb Code    16  stm32f4xx_usart.o(.text)
    USART_LINBreakDetectLengthConfig         0x0800631d   Thumb Code    16  stm32f4xx_usart.o(.text)
    USART_LINCmd                             0x0800632d   Thumb Code    20  stm32f4xx_usart.o(.text)
    USART_SendBreak                          0x08006341   Thumb Code    10  stm32f4xx_usart.o(.text)
    USART_HalfDuplexCmd                      0x0800634b   Thumb Code    20  stm32f4xx_usart.o(.text)
    USART_SetGuardTime                       0x0800635f   Thumb Code    16  stm32f4xx_usart.o(.text)
    USART_SmartCardCmd                       0x0800636f   Thumb Code    20  stm32f4xx_usart.o(.text)
    USART_SmartCardNACKCmd                   0x08006383   Thumb Code    20  stm32f4xx_usart.o(.text)
    USART_IrDAConfig                         0x08006397   Thumb Code    16  stm32f4xx_usart.o(.text)
    USART_IrDACmd                            0x080063a7   Thumb Code    20  stm32f4xx_usart.o(.text)
    USART_DMACmd                             0x080063bb   Thumb Code    16  stm32f4xx_usart.o(.text)
    USART_ITConfig                           0x080063cb   Thumb Code    48  stm32f4xx_usart.o(.text)
    USART_GetFlagStatus                      0x080063fb   Thumb Code    14  stm32f4xx_usart.o(.text)
    USART_ClearFlag                          0x08006409   Thumb Code     6  stm32f4xx_usart.o(.text)
    USART_GetITStatus                        0x0800640f   Thumb Code    62  stm32f4xx_usart.o(.text)
    USART_ClearITPendingBit                  0x0800644d   Thumb Code    12  stm32f4xx_usart.o(.text)
    SYSCFG_DeInit                            0x08006471   Thumb Code    24  stm32f4xx_syscfg.o(.text)
    SYSCFG_MemoryRemapConfig                 0x08006489   Thumb Code     6  stm32f4xx_syscfg.o(.text)
    SYSCFG_EXTILineConfig                    0x0800648f   Thumb Code    42  stm32f4xx_syscfg.o(.text)
    SYSCFG_ETH_MediaInterfaceConfig          0x080064b9   Thumb Code     8  stm32f4xx_syscfg.o(.text)
    SYSCFG_CompensationCellCmd               0x080064c1   Thumb Code     6  stm32f4xx_syscfg.o(.text)
    SYSCFG_GetCompensationCellStatus         0x080064c7   Thumb Code    16  stm32f4xx_syscfg.o(.text)
    xTaskCreate                              0x080065ab   Thumb Code    86  tasks.o(.text)
    vTaskDelete                              0x08006601   Thumb Code   158  tasks.o(.text)
    xTaskIncrementTick                       0x0800669f   Thumb Code   190  tasks.o(.text)
    xTaskResumeAll                           0x0800675d   Thumb Code   186  tasks.o(.text)
    vTaskSuspendAll                          0x0800687d   Thumb Code    10  tasks.o(.text)
    vTaskDelayUntil                          0x08006887   Thumb Code   146  tasks.o(.text)
    vTaskDelay                               0x08006919   Thumb Code    66  tasks.o(.text)
    uxTaskPriorityGet                        0x0800695b   Thumb Code    24  tasks.o(.text)
    uxTaskPriorityGetFromISR                 0x08006973   Thumb Code    40  tasks.o(.text)
    vTaskPrioritySet                         0x0800699b   Thumb Code   182  tasks.o(.text)
    vTaskSwitchContext                       0x08006a51   Thumb Code    82  tasks.o(.text)
    vTaskSuspend                             0x08006aa3   Thumb Code   172  tasks.o(.text)
    vTaskResume                              0x08006b81   Thumb Code   112  tasks.o(.text)
    xTaskResumeFromISR                       0x08006bf1   Thumb Code   126  tasks.o(.text)
    vTaskStartScheduler                      0x08006cbf   Thumb Code   112  tasks.o(.text)
    vTaskEndScheduler                        0x08006d2f   Thumb Code    24  tasks.o(.text)
    xTaskGetTickCount                        0x08006d47   Thumb Code     6  tasks.o(.text)
    xTaskGetTickCountFromISR                 0x08006d4d   Thumb Code    12  tasks.o(.text)
    uxTaskGetNumberOfTasks                   0x08006d59   Thumb Code     6  tasks.o(.text)
    pcTaskGetName                            0x08006d5f   Thumb Code    28  tasks.o(.text)
    vTaskPlaceOnEventList                    0x08006d7b   Thumb Code    42  tasks.o(.text)
    vTaskPlaceOnUnorderedEventList           0x08006da5   Thumb Code    74  tasks.o(.text)
    xTaskRemoveFromEventList                 0x08006def   Thumb Code   108  tasks.o(.text)
    vTaskRemoveFromUnorderedEventList        0x08006e5b   Thumb Code   106  tasks.o(.text)
    vTaskSetTimeOutState                     0x08006ec5   Thumb Code    44  tasks.o(.text)
    vTaskInternalSetTimeOutState             0x08006ef1   Thumb Code    12  tasks.o(.text)
    xTaskCheckForTimeOut                     0x08006efd   Thumb Code   110  tasks.o(.text)
    vTaskMissedYield                         0x08006f6b   Thumb Code     8  tasks.o(.text)
    xTaskGetCurrentTaskHandle                0x08006f73   Thumb Code     6  tasks.o(.text)
    xTaskPriorityInherit                     0x08006f79   Thumb Code   140  tasks.o(.text)
    xTaskPriorityDisinherit                  0x08007005   Thumb Code   146  tasks.o(.text)
    vTaskPriorityDisinheritAfterTimeout      0x08007097   Thumb Code   174  tasks.o(.text)
    uxTaskResetEventItemValue                0x08007145   Thumb Code    20  tasks.o(.text)
    pvTaskIncrementMutexHeldCount            0x08007159   Thumb Code    18  tasks.o(.text)
    ulTaskNotifyTake                         0x0800716b   Thumb Code    96  tasks.o(.text)
    xTaskNotifyWait                          0x080071cb   Thumb Code   128  tasks.o(.text)
    xTaskGenericNotify                       0x0800724b   Thumb Code   188  tasks.o(.text)
    xTaskGenericNotifyFromISR                0x08007307   Thumb Code   232  tasks.o(.text)
    vTaskNotifyGiveFromISR                   0x080073ef   Thumb Code   172  tasks.o(.text)
    xTaskNotifyStateClear                    0x0800749b   Thumb Code    46  tasks.o(.text)
    vListInitialise                          0x08007595   Thumb Code    22  list.o(.text)
    vListInitialiseItem                      0x080075ab   Thumb Code     6  list.o(.text)
    vListInsertEnd                           0x080075b1   Thumb Code    24  list.o(.text)
    vListInsert                              0x080075c9   Thumb Code    48  list.o(.text)
    uxListRemove                             0x080075f9   Thumb Code    38  list.o(.text)
    pvPortMalloc                             0x08007621   Thumb Code   170  heap_2.o(.text)
    vPortFree                                0x080076cb   Thumb Code    56  heap_2.o(.text)
    xPortGetFreeHeapSize                     0x08007703   Thumb Code     6  heap_2.o(.text)
    vPortInitialiseBlocks                    0x08007709   Thumb Code     2  heap_2.o(.text)
    pxPortInitialiseStack                    0x0800773d   Thumb Code    32  port.o(.text)
    vPortSetupTimerInterrupt                 0x0800775d   Thumb Code    32  port.o(.text)
    xPortStartScheduler                      0x0800777d   Thumb Code   154  port.o(.text)
    vPortEndScheduler                        0x08007817   Thumb Code    28  port.o(.text)
    vPortEnterCritical                       0x08007833   Thumb Code    56  port.o(.text)
    vPortExitCritical                        0x0800786b   Thumb Code    34  port.o(.text)
    SysTick_Handler                          0x0800788d   Thumb Code    40  port.o(.text)
    vPortValidateInterruptPriority           0x080078b5   Thumb Code    76  port.o(.text)
    strcat                                   0x08007915   Thumb Code    24  strcat.o(.text)
    strncpy                                  0x0800792d   Thumb Code    24  strncpy.o(.text)
    strlen                                   0x08007945   Thumb Code    14  strlen.o(.text)
    strcmp                                   0x08007953   Thumb Code    28  strcmp.o(.text)
    __aeabi_fadd                             0x0800796f   Thumb Code   164  fadd.o(.text)
    __aeabi_fsub                             0x08007a13   Thumb Code     6  fadd.o(.text)
    __aeabi_frsub                            0x08007a19   Thumb Code     6  fadd.o(.text)
    __aeabi_fmul                             0x08007a1f   Thumb Code   100  fmul.o(.text)
    __aeabi_fdiv                             0x08007a83   Thumb Code   124  fdiv.o(.text)
    __ARM_scalbnf                            0x08007aff   Thumb Code    24  fscalb.o(.text)
    scalbnf                                  0x08007aff   Thumb Code     0  fscalb.o(.text)
    __aeabi_dadd                             0x08007b17   Thumb Code   322  dadd.o(.text)
    __aeabi_dsub                             0x08007c59   Thumb Code     6  dadd.o(.text)
    __aeabi_drsub                            0x08007c5f   Thumb Code     6  dadd.o(.text)
    __aeabi_dmul                             0x08007c65   Thumb Code   228  dmul.o(.text)
    __aeabi_ddiv                             0x08007d49   Thumb Code   222  ddiv.o(.text)
    __ARM_scalbn                             0x08007e27   Thumb Code    46  dscalb.o(.text)
    scalbn                                   0x08007e27   Thumb Code     0  dscalb.o(.text)
    __aeabi_i2f                              0x08007e55   Thumb Code    18  fflti.o(.text)
    __aeabi_ui2f                             0x08007e67   Thumb Code    10  ffltui.o(.text)
    __aeabi_i2d                              0x08007e71   Thumb Code    34  dflti.o(.text)
    __aeabi_f2iz                             0x08007e93   Thumb Code    50  ffixi.o(.text)
    __aeabi_d2iz                             0x08007ec5   Thumb Code    62  dfixi.o(.text)
    __aeabi_f2d                              0x08007f03   Thumb Code    38  f2d.o(.text)
    __aeabi_d2f                              0x08007f29   Thumb Code    56  d2f.o(.text)
    __aeabi_cfcmpeq                          0x08007f61   Thumb Code     0  cfcmple.o(.text)
    __aeabi_cfcmple                          0x08007f61   Thumb Code    20  cfcmple.o(.text)
    __aeabi_cfrcmple                         0x08007f75   Thumb Code    20  cfrcmple.o(.text)
    __aeabi_uidiv                            0x08007f89   Thumb Code     0  uidiv.o(.text)
    __aeabi_uidivmod                         0x08007f89   Thumb Code    44  uidiv.o(.text)
    __aeabi_llsl                             0x08007fb5   Thumb Code    30  llshl.o(.text)
    _ll_shift_l                              0x08007fb5   Thumb Code     0  llshl.o(.text)
    __aeabi_llsr                             0x08007fd3   Thumb Code    32  llushr.o(.text)
    _ll_ushift_r                             0x08007fd3   Thumb Code     0  llushr.o(.text)
    __aeabi_lasr                             0x08007ff3   Thumb Code    36  llsshr.o(.text)
    _ll_sshift_r                             0x08007ff3   Thumb Code     0  llsshr.o(.text)
    __I$use$fp                               0x08008017   Thumb Code     0  iusefp.o(.text)
    _float_round                             0x08008017   Thumb Code    18  fepilogue.o(.text)
    _float_epilogue                          0x08008029   Thumb Code    92  fepilogue.o(.text)
    _double_round                            0x08008085   Thumb Code    30  depilogue.o(.text)
    _double_epilogue                         0x080080a3   Thumb Code   156  depilogue.o(.text)
    _dsqrt                                   0x0800813f   Thumb Code   162  dsqrt.o(.text)
    __aeabi_cdcmpeq                          0x080081e1   Thumb Code     0  cdcmple.o(.text)
    __aeabi_cdcmple                          0x080081e1   Thumb Code    48  cdcmple.o(.text)
    __aeabi_cdrcmple                         0x08008211   Thumb Code    48  cdrcmple.o(.text)
    __scatterload                            0x08008241   Thumb Code    28  init.o(.text)
    __scatterload_rt2                        0x08008241   Thumb Code     0  init.o(.text)
    __aeabi_ui2d                             0x08008265   Thumb Code    26  dfltui.o(.text)
    __decompress                             0x0800827f   Thumb Code     0  __dczerorl2.o(.text)
    __decompress1                            0x0800827f   Thumb Code    86  __dczerorl2.o(.text)
    __0snprintf$1                            0x080082d5   Thumb Code    48  printf1.o(i.__0snprintf$1)
    __1snprintf$1                            0x080082d5   Thumb Code     0  printf1.o(i.__0snprintf$1)
    __2snprintf                              0x080082d5   Thumb Code     0  printf1.o(i.__0snprintf$1)
    __0sprintf$1                             0x08008309   Thumb Code    34  printf1.o(i.__0sprintf$1)
    __1sprintf$1                             0x08008309   Thumb Code     0  printf1.o(i.__0sprintf$1)
    __2sprintf                               0x08008309   Thumb Code     0  printf1.o(i.__0sprintf$1)
    __ARM_fpclassify                         0x08008331   Thumb Code    40  fpclassify.o(i.__ARM_fpclassify)
    __ieee754_rem_pio2                       0x08008359   Thumb Code   828  rred.o(i.__ieee754_rem_pio2)
    __kernel_cos                             0x080086e1   Thumb Code   230  cos_i.o(i.__kernel_cos)
    __kernel_poly                            0x080087dd   Thumb Code   170  poly.o(i.__kernel_poly)
    __kernel_sin                             0x08008889   Thumb Code   224  sin_i.o(i.__kernel_sin)
    __mathlib_dbl_infnan                     0x08008975   Thumb Code     6  dunder.o(i.__mathlib_dbl_infnan)
    __mathlib_dbl_infnan2                    0x0800897b   Thumb Code     4  dunder.o(i.__mathlib_dbl_infnan2)
    __mathlib_dbl_invalid                    0x0800897f   Thumb Code    12  dunder.o(i.__mathlib_dbl_invalid)
    __mathlib_dbl_overflow                   0x0800898b   Thumb Code    14  dunder.o(i.__mathlib_dbl_overflow)
    __mathlib_dbl_underflow                  0x08008999   Thumb Code    10  dunder.o(i.__mathlib_dbl_underflow)
    __scatterload_copy                       0x080089a9   Thumb Code    14  handlers.o(i.__scatterload_copy)
    __scatterload_null                       0x080089b7   Thumb Code     2  handlers.o(i.__scatterload_null)
    __scatterload_zeroinit                   0x080089b9   Thumb Code    14  handlers.o(i.__scatterload_zeroinit)
    __set_errno                              0x080089c9   Thumb Code     6  errno.o(i.__set_errno)
    atan                                     0x08008b49   Thumb Code   474  atan.o(i.atan)
    atan2                                    0x08008d69   Thumb Code   374  atan2.o(i.atan2)
    __mathlib_ceilf                          0x08008f05   Thumb Code     0  ceilf.o(i.ceilf)
    ceilf                                    0x08008f05   Thumb Code   110  ceilf.o(i.ceilf)
    cos                                      0x08008f7d   Thumb Code   148  cos.o(i.cos)
    exp                                      0x08009019   Thumb Code   554  exp.o(i.exp)
    sqrt                                     0x0800929d   Thumb Code    76  sqrt.o(i.sqrt)
    __mathlib_zero                           0x08009528   Data           8  qnan.o(.constdata)
    Region$$Table$$Base                      0x08009620   Number         0  anon$$obj.o(Region$$Table)
    Region$$Table$$Limit                     0x08009640   Number         0  anon$$obj.o(Region$$Table)
    phaseFlag2                               0x20000000   Data           1  stm32f4xx_it.o(.data)
    phaseFlag3                               0x20000001   Data           1  stm32f4xx_it.o(.data)
    pulseWidth1                              0x20000004   Data           4  stm32f4xx_it.o(.data)
    pulseWidth2                              0x20000008   Data           4  stm32f4xx_it.o(.data)
    pulseWidth3                              0x2000000c   Data           4  stm32f4xx_it.o(.data)
    timerStart2                              0x20000010   Data           4  stm32f4xx_it.o(.data)
    timerStart3                              0x20000014   Data           4  stm32f4xx_it.o(.data)
    send_data_u5                             0x20000019   Data           1  main.o(.data)
    send_data                                0x2000001a   Data           1  main.o(.data)
    flag_ha                                  0x2000001b   Data           1  main.o(.data)
    flag_nang                                0x2000001c   Data           1  main.o(.data)
    data_tx_gyro                             0x2000001e   Data           1  main.o(.data)
    en_gyro                                  0x2000001f   Data           1  main.o(.data)
    RX_USART4                                0x20000020   Data           1  main.o(.data)
    RC1                                      0x20000022   Data           2  main.o(.data)
    RC2                                      0x20000024   Data           2  main.o(.data)
    RC3                                      0x20000026   Data           2  main.o(.data)
    RxUart_Index                             0x20000028   Data           2  main.o(.data)
    IMU                                      0x2000002c   Data           2  main.o(.data)
    HUONG_LG                                 0x2000002e   Data           2  main.o(.data)
    IMU_X                                    0x20000030   Data           2  main.o(.data)
    IMU_Y                                    0x20000032   Data           2  main.o(.data)
    _MOTOR_LOCK                              0x20000034   Data           2  main.o(.data)
    kt                                       0x20000036   Data           2  main.o(.data)
    laser_truoc                              0x20000038   Data           2  main.o(.data)
    testxung                                 0x2000003c   Data           4  main.o(.data)
    blue                                     0x20000040   Data           4  main.o(.data)
    red                                      0x20000044   Data           4  main.o(.data)
    GIA_TOC_XOAY_MAT                         0x20000048   Data           4  main.o(.data)
    GIA_TOC_XOAY_HUONG                       0x2000004c   Data           4  main.o(.data)
    Dc_Trai_Xoay_Trai                        0x20000050   Data           4  main.o(.data)
    Dc_Phai_Xoay_Trai                        0x20000054   Data           4  main.o(.data)
    Dc_Sau_Xoay_Trai                         0x20000058   Data           4  main.o(.data)
    Dc_Trai_Xoay_Phai                        0x2000005c   Data           4  main.o(.data)
    Dc_Phai_Xoay_Phai                        0x20000060   Data           4  main.o(.data)
    Dc_Sau_Xoay_Phai                         0x20000064   Data           4  main.o(.data)
    nho_IMU                                  0x20000068   Data           4  main.o(.data)
    chay_xoay                                0x2000006c   Data           4  main.o(.data)
    robot_start                              0x20000070   Data           4  main.o(.data)
    state_nang_3                             0x20000074   Data           4  main.o(.data)
    test_bit                                 0x20000078   Data           4  main.o(.data)
    Tang_GiamCB                              0x2000007c   Data           4  main.o(.data)
    Press_Tam_Giac                           0x20000080   Data           4  main.o(.data)
    Press_X                                  0x20000084   Data           4  main.o(.data)
    dma_busy                                 0x20000088   Data           4  main.o(.data)
    TOC_DO_DAT                               0x2000008c   Data           4  main.o(.data)
    CHAY_VA_XOAY                             0x20000090   Data           4  main.o(.data)
    GIA_TOC                                  0x20000094   Data           4  main.o(.data)
    TOC_DO                                   0x20000098   Data           4  main.o(.data)
    HUONG                                    0x2000009c   Data           4  main.o(.data)
    MAT_ROBOT                                0x200000a0   Data           4  main.o(.data)
    goc_banh_trai                            0x200000a4   Data           4  main.o(.data)
    goc_banh_phai                            0x200000a8   Data           4  main.o(.data)
    goc_banh_sau                             0x200000ac   Data           4  main.o(.data)
    servo_value_trai                         0x200000b0   Data           4  main.o(.data)
    servo_value_sau                          0x200000b4   Data           4  main.o(.data)
    servo_value_phai                         0x200000b8   Data           4  main.o(.data)
    nang_chan_trai                           0x200000bc   Data           4  main.o(.data)
    nang_chan_sau                            0x200000c0   Data           4  main.o(.data)
    nang_chan_phai                           0x200000c4   Data           4  main.o(.data)
    _GOC_TRAI_CX                             0x200000c8   Data           4  main.o(.data)
    _GOC_PHAI_CX                             0x200000cc   Data           4  main.o(.data)
    _GOC_SAU_CX                              0x200000d0   Data           4  main.o(.data)
    _GOC_LECH_ROBO                           0x200000d4   Data           4  main.o(.data)
    _TOC_DO_BT                               0x200000d8   Data           4  main.o(.data)
    _TOC_DO_BP                               0x200000dc   Data           4  main.o(.data)
    _TOC_DO_BS                               0x200000e0   Data           4  main.o(.data)
    num_over_t1                              0x200000e4   Data           4  main.o(.data)
    num_over_t2                              0x200000e8   Data           4  main.o(.data)
    num_over_t3                              0x200000ec   Data           4  main.o(.data)
    num_over_t4                              0x200000f0   Data           4  main.o(.data)
    num_over_t5                              0x200000f4   Data           4  main.o(.data)
    HMI_LOOP                                 0x200000f8   Data           4  main.o(.data)
    goc_banh_trai_cu                         0x200000fc   Data           4  main.o(.data)
    goc_banh_phai_cu                         0x20000100   Data           4  main.o(.data)
    goc_banh_sau_cu                          0x20000104   Data           4  main.o(.data)
    HUONG_GAME                               0x20000108   Data           4  main.o(.data)
    HUONG_GAME_CT                            0x2000010c   Data           4  main.o(.data)
    HUONG_NGIENG                             0x20000110   Data           4  main.o(.data)
    HUONG_NGIENG_L                           0x20000114   Data           4  main.o(.data)
    Camera_uart4                             0x20000118   Data           4  main.o(.data)
    XOAY                                     0x2000011c   Data           4  main.o(.data)
    MOTOR_LOCK                               0x20000120   Data           4  main.o(.data)
    HUONG_BAN_DAU                            0x20000124   Data           4  main.o(.data)
    IMU_BAN_DAU                              0x20000128   Data           4  main.o(.data)
    tang_toc_giam_toc                        0x2000012c   Data           4  main.o(.data)
    huong_chay                               0x20000130   Data           4  main.o(.data)
    BIT_NHO_CHAY                             0x20000134   Data           4  main.o(.data)
    toc_p                                    0x20000138   Data           4  main.o(.data)
    gt                                       0x2000013c   Data           4  main.o(.data)
    DATA_SPEED                               0x20000140   Data          60  main.o(.data)
    t7                                       0x2000017c   Data           4  main.o(.data)
    BEN_NGAT                                 0x20000180   Data           4  main.o(.data)
    ENCODER_HALL                             0x20000184   Data           4  main.o(.data)
    SystemCoreClock                          0x20000188   Data           4  system_stm32f4xx.o(.data)
    AHBPrescTable                            0x2000018c   Data          16  system_stm32f4xx.o(.data)
    pxCurrentTCB                             0x200001ac   Data           4  tasks.o(.data)
    buf                                      0x20000210   Data         150  main.o(.bss)
    ky_tu_1                                  0x200002a6   Data          40  main.o(.bss)
    ky_tu_2                                  0x200002ce   Data          40  main.o(.bss)
    Buffer_HMI                               0x200002f6   Data         150  main.o(.bss)
    _ADC1_Value                              0x2000038c   Data          28  main.o(.bss)
    _ADC1_Filtered                           0x200003a8   Data          28  main.o(.bss)
    servo_tx_buf                             0x200009c8   Data          33  main.o(.bss)
    dma_tx_all                               0x200009e9   Data          33  main.o(.bss)
    RX_USART1                                0x20000a0a   Data          15  main.o(.bss)
    GP_BTN                                   0x20000a19   Data          15  main.o(.bss)
    RxUart                                   0x20000a28   Data         128  main.o(.bss)
    RX_UART5                                 0x20000aa8   Data          15  main.o(.bss)
    Data_O_Vuong                             0x20000ab7   Data          12  main.o(.bss)
    RX_USART6                                0x20000ac3   Data          15  main.o(.bss)
    __initial_sp                             0x20013ba0   Data           0  startup_stm32f4xx.o(STACK)



==============================================================================

Memory Map of the image

  Image Entry point : 0x08000189

  Load Region LR_IROM1 (Base: 0x08000000, Size: 0x00009850, Max: 0x00080000, ABSOLUTE, COMPRESSED[0x000096b0])

    Execution Region ER_IROM1 (Exec base: 0x08000000, Load base: 0x08000000, Size: 0x00009640, Max: 0x00080000, ABSOLUTE)

    Exec Addr    Load Addr    Size         Type   Attr      Idx    E Section Name        Object

    0x08000000   0x08000000   0x00000188   Data   RO          422    RESET               startup_stm32f4xx.o
    0x08000188   0x08000188   0x00000000   Code   RO          838  * .ARM.Collect$$$$00000000  mc_w.l(entry.o)
    0x08000188   0x08000188   0x00000004   Code   RO         1191    .ARM.Collect$$$$00000001  mc_w.l(entry2.o)
    0x0800018c   0x0800018c   0x00000004   Code   RO         1194    .ARM.Collect$$$$00000004  mc_w.l(entry5.o)
    0x08000190   0x08000190   0x00000000   Code   RO         1196    .ARM.Collect$$$$00000008  mc_w.l(entry7b.o)
    0x08000190   0x08000190   0x00000000   Code   RO         1198    .ARM.Collect$$$$0000000A  mc_w.l(entry8b.o)
    0x08000190   0x08000190   0x00000008   Code   RO         1199    .ARM.Collect$$$$0000000B  mc_w.l(entry9a.o)
    0x08000198   0x08000198   0x00000004   Code   RO         1206    .ARM.Collect$$$$0000000E  mc_w.l(entry12b.o)
    0x0800019c   0x0800019c   0x00000000   Code   RO         1201    .ARM.Collect$$$$0000000F  mc_w.l(entry10a.o)
    0x0800019c   0x0800019c   0x00000000   Code   RO         1203    .ARM.Collect$$$$00000011  mc_w.l(entry11a.o)
    0x0800019c   0x0800019c   0x00000004   Code   RO         1192    .ARM.Collect$$$$00002712  mc_w.l(entry2.o)
    0x080001a0   0x080001a0   0x00000096   Code   RO          766    .emb_text           port.o
    0x08000236   0x08000236   0x00000002   PAD
    0x08000238   0x08000238   0x000004f0   Code   RO            2    .text               stm32f4xx_it.o
    0x08000728   0x08000728   0x000040ac   Code   RO          145    .text               main.o
    0x080047d4   0x080047d4   0x00000170   Code   RO          399    .text               system_stm32f4xx.o
    0x08004944   0x08004944   0x00000024   Code   RO          423    .text               startup_stm32f4xx.o
    0x08004968   0x08004968   0x000000b0   Code   RO          428    .text               misc.o
    0x08004a18   0x08004a18   0x00000218   Code   RO          444    .text               stm32f4xx_gpio.o
    0x08004c30   0x08004c30   0x000003d0   Code   RO          460    .text               stm32f4xx_rcc.o
    0x08005000   0x08005000   0x00000354   Code   RO          478    .text               stm32f4xx_adc.o
    0x08005354   0x08005354   0x00000320   Code   RO          494    .text               stm32f4xx_dma.o
    0x08005674   0x08005674   0x000000e8   Code   RO          510    .text               stm32f4xx_exti.o
    0x0800575c   0x0800575c   0x000009dc   Code   RO          542    .text               stm32f4xx_tim.o
    0x08006138   0x08006138   0x00000338   Code   RO          559    .text               stm32f4xx_usart.o
    0x08006470   0x08006470   0x00000078   Code   RO          575    .text               stm32f4xx_syscfg.o
    0x080064e8   0x080064e8   0x000010ac   Code   RO          654    .text               tasks.o
    0x08007594   0x08007594   0x0000008a   Code   RO          708    .text               list.o
    0x0800761e   0x0800761e   0x00000002   PAD
    0x08007620   0x08007620   0x000000f8   Code   RO          748    .text               heap_2.o
    0x08007718   0x08007718   0x000001fc   Code   RO          767    .text               port.o
    0x08007914   0x08007914   0x00000018   Code   RO          843    .text               mc_w.l(strcat.o)
    0x0800792c   0x0800792c   0x00000018   Code   RO          845    .text               mc_w.l(strncpy.o)
    0x08007944   0x08007944   0x0000000e   Code   RO          847    .text               mc_w.l(strlen.o)
    0x08007952   0x08007952   0x0000001c   Code   RO          849    .text               mc_w.l(strcmp.o)
    0x0800796e   0x0800796e   0x000000b0   Code   RO         1114    .text               mf_w.l(fadd.o)
    0x08007a1e   0x08007a1e   0x00000064   Code   RO         1116    .text               mf_w.l(fmul.o)
    0x08007a82   0x08007a82   0x0000007c   Code   RO         1118    .text               mf_w.l(fdiv.o)
    0x08007afe   0x08007afe   0x00000018   Code   RO         1120    .text               mf_w.l(fscalb.o)
    0x08007b16   0x08007b16   0x0000014e   Code   RO         1122    .text               mf_w.l(dadd.o)
    0x08007c64   0x08007c64   0x000000e4   Code   RO         1124    .text               mf_w.l(dmul.o)
    0x08007d48   0x08007d48   0x000000de   Code   RO         1126    .text               mf_w.l(ddiv.o)
    0x08007e26   0x08007e26   0x0000002e   Code   RO         1128    .text               mf_w.l(dscalb.o)
    0x08007e54   0x08007e54   0x00000012   Code   RO         1130    .text               mf_w.l(fflti.o)
    0x08007e66   0x08007e66   0x0000000a   Code   RO         1132    .text               mf_w.l(ffltui.o)
    0x08007e70   0x08007e70   0x00000022   Code   RO         1134    .text               mf_w.l(dflti.o)
    0x08007e92   0x08007e92   0x00000032   Code   RO         1136    .text               mf_w.l(ffixi.o)
    0x08007ec4   0x08007ec4   0x0000003e   Code   RO         1138    .text               mf_w.l(dfixi.o)
    0x08007f02   0x08007f02   0x00000026   Code   RO         1140    .text               mf_w.l(f2d.o)
    0x08007f28   0x08007f28   0x00000038   Code   RO         1142    .text               mf_w.l(d2f.o)
    0x08007f60   0x08007f60   0x00000014   Code   RO         1144    .text               mf_w.l(cfcmple.o)
    0x08007f74   0x08007f74   0x00000014   Code   RO         1146    .text               mf_w.l(cfrcmple.o)
    0x08007f88   0x08007f88   0x0000002c   Code   RO         1210    .text               mc_w.l(uidiv.o)
    0x08007fb4   0x08007fb4   0x0000001e   Code   RO         1214    .text               mc_w.l(llshl.o)
    0x08007fd2   0x08007fd2   0x00000020   Code   RO         1216    .text               mc_w.l(llushr.o)
    0x08007ff2   0x08007ff2   0x00000024   Code   RO         1218    .text               mc_w.l(llsshr.o)
    0x08008016   0x08008016   0x00000000   Code   RO         1227    .text               mc_w.l(iusefp.o)
    0x08008016   0x08008016   0x0000006e   Code   RO         1228    .text               mf_w.l(fepilogue.o)
    0x08008084   0x08008084   0x000000ba   Code   RO         1230    .text               mf_w.l(depilogue.o)
    0x0800813e   0x0800813e   0x000000a2   Code   RO         1232    .text               mf_w.l(dsqrt.o)
    0x080081e0   0x080081e0   0x00000030   Code   RO         1236    .text               mf_w.l(cdcmple.o)
    0x08008210   0x08008210   0x00000030   Code   RO         1238    .text               mf_w.l(cdrcmple.o)
    0x08008240   0x08008240   0x00000024   Code   RO         1240    .text               mc_w.l(init.o)
    0x08008264   0x08008264   0x0000001a   Code   RO         1244    .text               mf_w.l(dfltui.o)
    0x0800827e   0x0800827e   0x00000056   Code   RO         1254    .text               mc_w.l(__dczerorl2.o)
    0x080082d4   0x080082d4   0x00000034   Code   RO          899    i.__0snprintf$1     mc_w.l(printf1.o)
    0x08008308   0x08008308   0x00000028   Code   RO          900    i.__0sprintf$1      mc_w.l(printf1.o)
    0x08008330   0x08008330   0x00000028   Code   RO         1175    i.__ARM_fpclassify  m_ws.l(fpclassify.o)
    0x08008358   0x08008358   0x00000388   Code   RO         1180    i.__ieee754_rem_pio2  m_ws.l(rred.o)
    0x080086e0   0x080086e0   0x000000fc   Code   RO         1158    i.__kernel_cos      m_ws.l(cos_i.o)
    0x080087dc   0x080087dc   0x000000aa   Code   RO         1177    i.__kernel_poly     m_ws.l(poly.o)
    0x08008886   0x08008886   0x00000002   PAD
    0x08008888   0x08008888   0x000000ec   Code   RO         1185    i.__kernel_sin      m_ws.l(sin_i.o)
    0x08008974   0x08008974   0x00000006   Code   RO         1162    i.__mathlib_dbl_infnan  m_ws.l(dunder.o)
    0x0800897a   0x0800897a   0x00000004   Code   RO         1163    i.__mathlib_dbl_infnan2  m_ws.l(dunder.o)
    0x0800897e   0x0800897e   0x0000000c   Code   RO         1164    i.__mathlib_dbl_invalid  m_ws.l(dunder.o)
    0x0800898a   0x0800898a   0x0000000e   Code   RO         1165    i.__mathlib_dbl_overflow  m_ws.l(dunder.o)
    0x08008998   0x08008998   0x00000010   Code   RO         1167    i.__mathlib_dbl_underflow  m_ws.l(dunder.o)
    0x080089a8   0x080089a8   0x0000000e   Code   RO         1248    i.__scatterload_copy  mc_w.l(handlers.o)
    0x080089b6   0x080089b6   0x00000002   Code   RO         1249    i.__scatterload_null  mc_w.l(handlers.o)
    0x080089b8   0x080089b8   0x0000000e   Code   RO         1250    i.__scatterload_zeroinit  mc_w.l(handlers.o)
    0x080089c6   0x080089c6   0x00000002   PAD
    0x080089c8   0x080089c8   0x0000000c   Code   RO         1222    i.__set_errno       mc_w.l(errno.o)
    0x080089d4   0x080089d4   0x00000154   Code   RO          905    i._printf_core      mc_w.l(printf1.o)
    0x08008b28   0x08008b28   0x00000016   Code   RO          906    i._snputc           mc_w.l(printf1.o)
    0x08008b3e   0x08008b3e   0x0000000a   Code   RO          907    i._sputc            mc_w.l(printf1.o)
    0x08008b48   0x08008b48   0x00000220   Code   RO         1149    i.atan              m_ws.l(atan.o)
    0x08008d68   0x08008d68   0x0000019c   Code   RO          801    i.atan2             m_ws.l(atan2.o)
    0x08008f04   0x08008f04   0x00000078   Code   RO          809    i.ceilf             m_ws.l(ceilf.o)
    0x08008f7c   0x08008f7c   0x0000009c   Code   RO          813    i.cos               m_ws.l(cos.o)
    0x08009018   0x08009018   0x00000284   Code   RO          821    i.exp               m_ws.l(exp.o)
    0x0800929c   0x0800929c   0x0000004c   Code   RO          831    i.sqrt              m_ws.l(sqrt.o)
    0x080092e8   0x080092e8   0x00000120   Data   RO          154    .constdata          main.o
    0x08009408   0x08009408   0x00000058   Data   RO          822    .constdata          m_ws.l(exp.o)
    0x08009460   0x08009460   0x00000098   Data   RO         1150    .constdata          m_ws.l(atan.o)
    0x080094f8   0x080094f8   0x00000030   Data   RO         1159    .constdata          m_ws.l(cos_i.o)
    0x08009528   0x08009528   0x00000008   Data   RO         1179    .constdata          m_ws.l(qnan.o)
    0x08009530   0x08009530   0x000000c8   Data   RO         1182    .constdata          m_ws.l(rred.o)
    0x080095f8   0x080095f8   0x00000028   Data   RO         1186    .constdata          m_ws.l(sin_i.o)
    0x08009620   0x08009620   0x00000020   Data   RO         1246    Region$$Table       anon$$obj.o


    Execution Region RW_IRAM1 (Exec base: 0x20000000, Load base: 0x08009640, Size: 0x00013ba0, Max: 0x00020000, ABSOLUTE, COMPRESSED[0x00000070])

    Exec Addr    Load Addr    Size         Type   Attr      Idx    E Section Name        Object

    0x20000000   COMPRESSED   0x00000018   Data   RW            5    .data               stm32f4xx_it.o
    0x20000018   COMPRESSED   0x00000164   Data   RW          155    .data               main.o
    0x2000017c   COMPRESSED   0x00000004   Data   RW          213    .data               main.o
    0x20000180   COMPRESSED   0x00000004   Data   RW          214    .data               main.o
    0x20000184   COMPRESSED   0x00000004   Data   RW          229    .data               main.o
    0x20000188   COMPRESSED   0x00000014   Data   RW          400    .data               system_stm32f4xx.o
    0x2000019c   COMPRESSED   0x00000010   Data   RW          461    .data               stm32f4xx_rcc.o
    0x200001ac   COMPRESSED   0x0000003c   Data   RW          656    .data               tasks.o
    0x200001e8   COMPRESSED   0x00000018   Data   RW          750    .data               heap_2.o
    0x20000200   COMPRESSED   0x0000000c   Data   RW          768    .data               port.o
    0x2000020c   COMPRESSED   0x00000004   Data   RW         1223    .data               mc_w.l(errno.o)
    0x20000210        -       0x000008c2   Zero   RW          146    .bss                main.o
    0x20000ad2   COMPRESSED   0x00000002   PAD
    0x20000ad4        -       0x000000c8   Zero   RW          655    .bss                tasks.o
    0x20000b9c        -       0x00012c00   Zero   RW          749    .bss                heap_2.o
    0x2001379c   COMPRESSED   0x00000004   PAD
    0x200137a0        -       0x00000400   Zero   RW          420    STACK               startup_stm32f4xx.o


==============================================================================

Image component sizes


      Code (inc. data)   RO Data    RW Data    ZI Data      Debug   Object Name

       248         14          0         24      76800       3276   heap_2.o
       138          0          0          0          0       7202   list.o
     16556       1384        288        368       2242     319720   main.o
       176         12          0          0          0       1989   misc.o
       658         32          0         12          0       8585   port.o
        36          8        392          0       1024        900   startup_stm32f4xx.o
       852         20          0          0          0      10730   stm32f4xx_adc.o
       800         32          0          0          0       6913   stm32f4xx_dma.o
       232          8          0          0          0       2491   stm32f4xx_exti.o
       536         38          0          0          0       4345   stm32f4xx_gpio.o
      1264        156          0         24          0     296014   stm32f4xx_it.o
       976         36          0         16          0      11459   stm32f4xx_rcc.o
       120         18          0          0          0       1691   stm32f4xx_syscfg.o
      2524         52          0          0          0      22978   stm32f4xx_tim.o
       824         24          0          0          0       8100   stm32f4xx_usart.o
       368         36          0         20          0       1903   system_stm32f4xx.o
      4268         76          0         60        200      35987   tasks.o

    ----------------------------------------------------------------------
     30580       1946        712        524      80272     744283   Object Totals
         0          0         32          0          0          0   (incl. Generated)
         4          0          0          0          6          0   (incl. Padding)

    ----------------------------------------------------------------------

      Code (inc. data)   RO Data    RW Data    ZI Data      Debug   Library Member Name

       544         70        152          0          0        124   atan.o
       412         38          0          0          0        144   atan2.o
       120         10          0          0          0         84   ceilf.o
       156          8          0          0          0        104   cos.o
       252         22         48          0          0        124   cos_i.o
        52          6          0          0          0        340   dunder.o
       644         90         88          0          0        204   exp.o
        40          0          0          0          0         68   fpclassify.o
       170          0          0          0          0         96   poly.o
         0          0          8          0          0          0   qnan.o
       904         76        200          0          0        140   rred.o
       236         12         40          0          0        128   sin_i.o
        76          0          0          0          0         84   sqrt.o
        86          0          0          0          0          0   __dczerorl2.o
         0          0          0          0          0          0   entry.o
         0          0          0          0          0          0   entry10a.o
         0          0          0          0          0          0   entry11a.o
         4          0          0          0          0          0   entry12b.o
         8          4          0          0          0          0   entry2.o
         4          0          0          0          0          0   entry5.o
         0          0          0          0          0          0   entry7b.o
         0          0          0          0          0          0   entry8b.o
         8          4          0          0          0          0   entry9a.o
        12          6          0          4          0         68   errno.o
        30          0          0          0          0          0   handlers.o
        36          8          0          0          0         68   init.o
         0          0          0          0          0          0   iusefp.o
        30          0          0          0          0         68   llshl.o
        36          0          0          0          0         68   llsshr.o
        32          0          0          0          0         68   llushr.o
       464         14          0          0          0        408   printf1.o
        24          0          0          0          0         68   strcat.o
        28          0          0          0          0         76   strcmp.o
        14          0          0          0          0         68   strlen.o
        24          0          0          0          0         76   strncpy.o
        44          0          0          0          0         80   uidiv.o
        48          0          0          0          0         68   cdcmple.o
        48          0          0          0          0         68   cdrcmple.o
        20          0          0          0          0         68   cfcmple.o
        20          0          0          0          0         68   cfrcmple.o
        56          0          0          0          0         88   d2f.o
       334          0          0          0          0        148   dadd.o
       222          0          0          0          0        100   ddiv.o
       186          0          0          0          0        176   depilogue.o
        62          0          0          0          0         80   dfixi.o
        34          0          0          0          0         76   dflti.o
        26          0          0          0          0         76   dfltui.o
       228          0          0          0          0         96   dmul.o
        46          0          0          0          0         80   dscalb.o
       162          0          0          0          0        100   dsqrt.o
        38          0          0          0          0         68   f2d.o
       176          0          0          0          0        140   fadd.o
       124          0          0          0          0         88   fdiv.o
       110          0          0          0          0        168   fepilogue.o
        50          0          0          0          0         68   ffixi.o
        18          0          0          0          0         68   fflti.o
        10          0          0          0          0         68   ffltui.o
       100          0          0          0          0         76   fmul.o
        24          0          0          0          0         68   fscalb.o

    ----------------------------------------------------------------------
      6636        368        536          4          0       4860   Library Totals
         4          0          0          0          0          0   (incl. Padding)

    ----------------------------------------------------------------------

      Code (inc. data)   RO Data    RW Data    ZI Data      Debug   Library Name

      3606        332        536          0          0       1640   m_ws.l
       884         36          0          4          0       1116   mc_w.l
      2142          0          0          0          0       2104   mf_w.l

    ----------------------------------------------------------------------
      6636        368        536          4          0       4860   Library Totals

    ----------------------------------------------------------------------

==============================================================================


      Code (inc. data)   RO Data    RW Data    ZI Data      Debug   

     37216       2314       1248        528      80272     743395   Grand Totals
     37216       2314       1248        112      80272     743395   ELF Image Totals (compressed)
     37216       2314       1248        112          0          0   ROM Totals

==============================================================================

    Total RO  Size (Code + RO Data)                38464 (  37.56kB)
    Total RW  Size (RW Data + ZI Data)             80800 (  78.91kB)
    Total ROM Size (Code + RO Data + RW Data)      38576 (  37.67kB)

==============================================================================

